Component: ARM Compiler 5.06 update 4 (build 422) Tool: armlink [4d35d2]

==============================================================================

Section Cross References

    main.o(i.Get_Last_IR_Sample) refers to malloc.o(i.malloc) for malloc
    main.o(i.Get_Last_IR_Sample) refers to main.o(i.TWI_Get_Byte) for TWI_Get_Byte
    main.o(i.Get_Last_IR_Sample) refers to main.o(i.MAX30105_set_pointer) for MAX30105_set_pointer
    main.o(i.Get_Last_IR_Sample) refers to nrf_drv_twi.o(i.nrf_drv_twi_rx) for nrf_drv_twi_rx
    main.o(i.Get_Last_IR_Sample) refers to malloc.o(i.free) for free
    main.o(i.Get_Last_IR_Sample) refers to main.o(.constdata) for .constdata
    main.o(i.MAX30105_config_parameter) refers to nrf_drv_twi.o(i.nrf_drv_twi_tx) for nrf_drv_twi_tx
    main.o(i.MAX30105_config_parameter) refers to app_error.o(i.app_error_handler_bare) for app_error_handler_bare
    main.o(i.MAX30105_config_parameter) refers to nrf_delay.o(i.nrf_delay_ms) for nrf_delay_ms
    main.o(i.MAX30105_config_parameter) refers to main.o(.constdata) for .constdata
    main.o(i.MAX30105_default_HRS_config) refers to main.o(i.MAX30105_config_parameter) for MAX30105_config_parameter
    main.o(i.MAX30105_set_pointer) refers to nrf_drv_twi.o(i.nrf_drv_twi_tx) for nrf_drv_twi_tx
    main.o(i.MAX30105_set_pointer) refers to app_error.o(i.app_error_handler_bare) for app_error_handler_bare
    main.o(i.MAX30105_set_pointer) refers to main.o(.constdata) for .constdata
    main.o(i.TWI_Get_Byte) refers to main.o(i.MAX30105_set_pointer) for MAX30105_set_pointer
    main.o(i.TWI_Get_Byte) refers to nrf_drv_twi.o(i.nrf_drv_twi_rx) for nrf_drv_twi_rx
    main.o(i.TWI_Get_Byte) refers to app_error.o(i.app_error_handler_bare) for app_error_handler_bare
    main.o(i.TWI_Get_Byte) refers to main.o(.constdata) for .constdata
    main.o(i.main) refers to nrf_log.o(i.log_uart_init) for log_uart_init
    main.o(i.main) refers to nrf_log.o(i.log_uart_printf) for log_uart_printf
    main.o(i.main) refers to main.o(i.twi_init) for twi_init
    main.o(i.main) refers to main.o(i.MAX30105_default_HRS_config) for MAX30105_default_HRS_config
    main.o(i.main) refers to main.o(i.Get_Last_IR_Sample) for Get_Last_IR_Sample
    main.o(i.main) refers to nrf_delay.o(i.nrf_delay_ms) for nrf_delay_ms
    main.o(i.twi_init) refers to nrf_drv_twi.o(i.nrf_drv_twi_init) for nrf_drv_twi_init
    main.o(i.twi_init) refers to app_error.o(i.app_error_handler_bare) for app_error_handler_bare
    main.o(i.twi_init) refers to nrf_drv_twi.o(i.nrf_drv_twi_enable) for nrf_drv_twi_enable
    main.o(i.twi_init) refers to main.o(.constdata) for .constdata
    app_uart_fifo.o(i.app_uart_close) refers to nrf_drv_uart.o(i.nrf_drv_uart_uninit) for nrf_drv_uart_uninit
    app_uart_fifo.o(i.app_uart_flush) refers to app_fifo.o(i.app_fifo_flush) for app_fifo_flush
    app_uart_fifo.o(i.app_uart_flush) refers to app_uart_fifo.o(.bss) for .bss
    app_uart_fifo.o(i.app_uart_get) refers to nrf_drv_uart.o(i.nrf_drv_uart_rx) for nrf_drv_uart_rx
    app_uart_fifo.o(i.app_uart_get) refers to app_fifo.o(i.app_fifo_get) for app_fifo_get
    app_uart_fifo.o(i.app_uart_get) refers to app_uart_fifo.o(.bss) for .bss
    app_uart_fifo.o(i.app_uart_get) refers to app_uart_fifo.o(.data) for .data
    app_uart_fifo.o(i.app_uart_init) refers to app_fifo.o(i.app_fifo_init) for app_fifo_init
    app_uart_fifo.o(i.app_uart_init) refers to memcpya.o(.text) for __aeabi_memcpy4
    app_uart_fifo.o(i.app_uart_init) refers to nrf_drv_uart.o(i.nrf_drv_uart_init) for nrf_drv_uart_init
    app_uart_fifo.o(i.app_uart_init) refers to nrf_drv_uart.o(i.nrf_drv_uart_rx_enable) for nrf_drv_uart_rx_enable
    app_uart_fifo.o(i.app_uart_init) refers to nrf_drv_uart.o(i.nrf_drv_uart_rx) for nrf_drv_uart_rx
    app_uart_fifo.o(i.app_uart_init) refers to app_uart_fifo.o(.data) for .data
    app_uart_fifo.o(i.app_uart_init) refers to app_uart_fifo.o(.bss) for .bss
    app_uart_fifo.o(i.app_uart_init) refers to app_uart_fifo.o(.constdata) for .constdata
    app_uart_fifo.o(i.app_uart_init) refers to app_uart_fifo.o(i.uart_event_handler) for uart_event_handler
    app_uart_fifo.o(i.app_uart_put) refers to app_fifo.o(i.app_fifo_put) for app_fifo_put
    app_uart_fifo.o(i.app_uart_put) refers to nrf_drv_uart.o(i.nrf_drv_uart_tx_in_progress) for nrf_drv_uart_tx_in_progress
    app_uart_fifo.o(i.app_uart_put) refers to app_fifo.o(i.app_fifo_get) for app_fifo_get
    app_uart_fifo.o(i.app_uart_put) refers to nrf_drv_uart.o(i.nrf_drv_uart_tx) for nrf_drv_uart_tx
    app_uart_fifo.o(i.app_uart_put) refers to app_uart_fifo.o(.bss) for .bss
    app_uart_fifo.o(i.app_uart_put) refers to app_uart_fifo.o(.data) for .data
    app_uart_fifo.o(i.uart_event_handler) refers to app_fifo.o(i.app_fifo_get) for app_fifo_get
    app_uart_fifo.o(i.uart_event_handler) refers to app_fifo.o(i.app_fifo_put) for app_fifo_put
    app_uart_fifo.o(i.uart_event_handler) refers to nrf_drv_uart.o(i.nrf_drv_uart_rx) for nrf_drv_uart_rx
    app_uart_fifo.o(i.uart_event_handler) refers to nrf_drv_uart.o(i.nrf_drv_uart_tx) for nrf_drv_uart_tx
    app_uart_fifo.o(i.uart_event_handler) refers to app_uart_fifo.o(.data) for .data
    app_uart_fifo.o(i.uart_event_handler) refers to app_uart_fifo.o(.bss) for .bss
    nrf_delay.o(i.nrf_delay_ms) refers to nrf_delay.o(.emb_text) for __asm___11_nrf_delay_c_532987f3__nrf_delay_us
    nrf_drv_twi.o(i.SPIM0_SPIS0_TWIM0_TWIS0_SPI0_TWI0_IRQHandler) refers to nrf_drv_twi.o(i.irq_handler_twim) for irq_handler_twim
    nrf_drv_twi.o(i.SPIM0_SPIS0_TWIM0_TWIS0_SPI0_TWI0_IRQHandler) refers to nrf_drv_twi.o(.bss) for .bss
    nrf_drv_twi.o(i.irq_handler_twim) refers to nrf_drv_twi.o(i.nrf_twim_event_check) for nrf_twim_event_check
    nrf_drv_twi.o(i.nrf_drv_twi_disable) refers to nrf_drv_twi.o(.bss) for .bss
    nrf_drv_twi.o(i.nrf_drv_twi_enable) refers to nrf_drv_twi.o(.bss) for .bss
    nrf_drv_twi.o(i.nrf_drv_twi_init) refers to nrf_drv_twi.o(i.twi_clear_bus) for twi_clear_bus
    nrf_drv_twi.o(i.nrf_drv_twi_init) refers to nrf_drv_common.o(i.nrf_drv_common_irq_enable) for nrf_drv_common_irq_enable
    nrf_drv_twi.o(i.nrf_drv_twi_init) refers to nrf_drv_twi.o(.bss) for .bss
    nrf_drv_twi.o(i.nrf_drv_twi_init) refers to nrf_drv_twi.o(.constdata) for .constdata
    nrf_drv_twi.o(i.nrf_drv_twi_rx) refers to nrf_drv_twi.o(i.nrf_drv_twi_xfer) for nrf_drv_twi_xfer
    nrf_drv_twi.o(i.nrf_drv_twi_rx) refers to nrf_drv_twi.o(.constdata) for .constdata
    nrf_drv_twi.o(i.nrf_drv_twi_tx) refers to nrf_drv_twi.o(i.nrf_drv_twi_xfer) for nrf_drv_twi_xfer
    nrf_drv_twi.o(i.nrf_drv_twi_uninit) refers to nrf_drv_twi.o(i.nrf_drv_twi_disable) for nrf_drv_twi_disable
    nrf_drv_twi.o(i.nrf_drv_twi_uninit) refers to nrf_drv_twi.o(.bss) for .bss
    nrf_drv_twi.o(i.nrf_drv_twi_xfer) refers to nrf_drv_twi.o(i.twim_xfer) for twim_xfer
    nrf_drv_twi.o(i.nrf_drv_twi_xfer) refers to nrf_drv_twi.o(.bss) for .bss
    nrf_drv_twi.o(i.twi_clear_bus) refers to nrf_drv_twi.o(i.nrf_gpio_pin_set) for nrf_gpio_pin_set
    nrf_drv_twi.o(i.twi_clear_bus) refers to nrf_drv_twi.o(.emb_text) for __asm___13_nrf_drv_twi_c_a9bcf68d__nrf_delay_us
    nrf_drv_twi.o(i.twim_xfer) refers to nrf_drv_twi.o(i.nrf_drv_is_in_RAM) for nrf_drv_is_in_RAM
    nrf_drv_twi.o(i.twim_xfer) refers to nrf_drv_twi.o(i.nrf_twim_event_check) for nrf_twim_event_check
    nrf_drv_uart.o(i.UARTE0_UART0_IRQHandler) refers to nrf_drv_uart.o(i.uarte_irq_handler) for uarte_irq_handler
    nrf_drv_uart.o(i.UARTE0_UART0_IRQHandler) refers to nrf_drv_uart.o(i.uart_irq_handler) for uart_irq_handler
    nrf_drv_uart.o(i.UARTE0_UART0_IRQHandler) refers to nrf_drv_uart.o(.bss) for .bss
    nrf_drv_uart.o(i.apply_config) refers to nrf_drv_uart.o(i.nrf_gpio_cfg_output) for nrf_gpio_cfg_output
    nrf_drv_uart.o(i.apply_config) refers to nrf_drv_uart.o(i.nrf_gpio_cfg_input) for nrf_gpio_cfg_input
    nrf_drv_uart.o(i.apply_config) refers to nrf_drv_uart.o(.bss) for .bss
    nrf_drv_uart.o(i.nrf_drv_uart_errorsrc_get) refers to nrf_drv_uart.o(.bss) for .bss
    nrf_drv_uart.o(i.nrf_drv_uart_init) refers to nrf_drv_uart.o(i.apply_config) for apply_config
    nrf_drv_uart.o(i.nrf_drv_uart_init) refers to nrf_drv_common.o(i.nrf_drv_common_irq_enable) for nrf_drv_common_irq_enable
    nrf_drv_uart.o(i.nrf_drv_uart_init) refers to nrf_drv_uart.o(.bss) for .bss
    nrf_drv_uart.o(i.nrf_drv_uart_init) refers to nrf_drv_uart.o(.constdata) for .constdata
    nrf_drv_uart.o(i.nrf_drv_uart_rx) refers to nrf_drv_uart.o(i.nrf_drv_uart_rx_for_uarte) for nrf_drv_uart_rx_for_uarte
    nrf_drv_uart.o(i.nrf_drv_uart_rx) refers to nrf_drv_uart.o(i.nrf_drv_uart_rx_for_uart) for nrf_drv_uart_rx_for_uart
    nrf_drv_uart.o(i.nrf_drv_uart_rx) refers to nrf_drv_uart.o(.bss) for .bss
    nrf_drv_uart.o(i.nrf_drv_uart_rx_abort) refers to nrf_drv_uart.o(.bss) for .bss
    nrf_drv_uart.o(i.nrf_drv_uart_rx_disable) refers to nrf_drv_uart.o(.bss) for .bss
    nrf_drv_uart.o(i.nrf_drv_uart_rx_enable) refers to nrf_drv_uart.o(i.rx_enable) for rx_enable
    nrf_drv_uart.o(i.nrf_drv_uart_rx_enable) refers to nrf_drv_uart.o(.bss) for .bss
    nrf_drv_uart.o(i.nrf_drv_uart_rx_for_uart) refers to nrf_drv_uart.o(i.rx_enable) for rx_enable
    nrf_drv_uart.o(i.nrf_drv_uart_rx_for_uart) refers to nrf_drv_uart.o(i.nrf_uart_event_check) for nrf_uart_event_check
    nrf_drv_uart.o(i.nrf_drv_uart_rx_for_uart) refers to nrf_drv_uart.o(i.rx_byte) for rx_byte
    nrf_drv_uart.o(i.nrf_drv_uart_rx_for_uart) refers to nrf_drv_uart.o(.bss) for .bss
    nrf_drv_uart.o(i.nrf_drv_uart_rx_for_uarte) refers to nrf_drv_uart.o(i.nrf_uarte_event_check) for nrf_uarte_event_check
    nrf_drv_uart.o(i.nrf_drv_uart_rx_for_uarte) refers to nrf_drv_uart.o(.bss) for .bss
    nrf_drv_uart.o(i.nrf_drv_uart_tx) refers to nrf_drv_uart.o(i.nrf_drv_uart_tx_in_progress) for nrf_drv_uart_tx_in_progress
    nrf_drv_uart.o(i.nrf_drv_uart_tx) refers to nrf_drv_uart.o(i.nrf_uarte_event_check) for nrf_uarte_event_check
    nrf_drv_uart.o(i.nrf_drv_uart_tx) refers to nrf_drv_uart.o(i.nrf_drv_uart_tx_for_uart) for nrf_drv_uart_tx_for_uart
    nrf_drv_uart.o(i.nrf_drv_uart_tx) refers to nrf_drv_uart.o(.bss) for .bss
    nrf_drv_uart.o(i.nrf_drv_uart_tx_abort) refers to nrf_drv_uart.o(i.nrf_uarte_event_check) for nrf_uarte_event_check
    nrf_drv_uart.o(i.nrf_drv_uart_tx_abort) refers to nrf_drv_uart.o(i.tx_done_event) for tx_done_event
    nrf_drv_uart.o(i.nrf_drv_uart_tx_abort) refers to nrf_drv_uart.o(.bss) for .bss
    nrf_drv_uart.o(i.nrf_drv_uart_tx_for_uart) refers to nrf_drv_uart.o(i.tx_byte) for tx_byte
    nrf_drv_uart.o(i.nrf_drv_uart_tx_for_uart) refers to nrf_drv_uart.o(i.nrf_uart_event_check) for nrf_uart_event_check
    nrf_drv_uart.o(i.nrf_drv_uart_tx_for_uart) refers to nrf_drv_uart.o(.bss) for .bss
    nrf_drv_uart.o(i.nrf_drv_uart_tx_in_progress) refers to nrf_drv_uart.o(.bss) for .bss
    nrf_drv_uart.o(i.nrf_drv_uart_uninit) refers to nrf_drv_uart.o(i.pins_to_default) for pins_to_default
    nrf_drv_uart.o(i.nrf_drv_uart_uninit) refers to nrf_drv_uart.o(.bss) for .bss
    nrf_drv_uart.o(i.nrf_gpio_cfg_default) refers to nrf_drv_uart.o(i.nrf_gpio_cfg) for nrf_gpio_cfg
    nrf_drv_uart.o(i.nrf_gpio_cfg_input) refers to nrf_drv_uart.o(i.nrf_gpio_cfg) for nrf_gpio_cfg
    nrf_drv_uart.o(i.nrf_gpio_cfg_output) refers to nrf_drv_uart.o(i.nrf_gpio_cfg) for nrf_gpio_cfg
    nrf_drv_uart.o(i.pins_to_default) refers to nrf_drv_uart.o(i.nrf_gpio_cfg_default) for nrf_gpio_cfg_default
    nrf_drv_uart.o(i.rx_byte) refers to nrf_drv_uart.o(.bss) for .bss
    nrf_drv_uart.o(i.rx_done_event) refers to nrf_drv_uart.o(.bss) for .bss
    nrf_drv_uart.o(i.tx_byte) refers to nrf_drv_uart.o(.bss) for .bss
    nrf_drv_uart.o(i.tx_done_event) refers to nrf_drv_uart.o(.bss) for .bss
    nrf_drv_uart.o(i.uart_irq_handler) refers to nrf_drv_uart.o(i.nrf_uart_int_enable_check) for nrf_uart_int_enable_check
    nrf_drv_uart.o(i.uart_irq_handler) refers to nrf_drv_uart.o(i.nrf_uart_event_check) for nrf_uart_event_check
    nrf_drv_uart.o(i.uart_irq_handler) refers to nrf_drv_uart.o(i.rx_byte) for rx_byte
    nrf_drv_uart.o(i.uart_irq_handler) refers to nrf_drv_uart.o(i.rx_done_event) for rx_done_event
    nrf_drv_uart.o(i.uart_irq_handler) refers to nrf_drv_uart.o(i.tx_byte) for tx_byte
    nrf_drv_uart.o(i.uart_irq_handler) refers to nrf_drv_uart.o(i.tx_done_event) for tx_done_event
    nrf_drv_uart.o(i.uart_irq_handler) refers to nrf_drv_uart.o(.bss) for .bss
    nrf_drv_uart.o(i.uarte_irq_handler) refers to nrf_drv_uart.o(i.nrf_uarte_event_check) for nrf_uarte_event_check
    nrf_drv_uart.o(i.uarte_irq_handler) refers to nrf_drv_uart.o(i.rx_done_event) for rx_done_event
    nrf_drv_uart.o(i.uarte_irq_handler) refers to nrf_drv_uart.o(i.tx_done_event) for tx_done_event
    nrf_drv_uart.o(i.uarte_irq_handler) refers to nrf_drv_uart.o(.bss) for .bss
    app_error.o(i.app_error_handler) refers to app_error_weak.o(i.app_error_fault_handler) for app_error_fault_handler
    app_error.o(i.app_error_handler_bare) refers to app_error_weak.o(i.app_error_fault_handler) for app_error_fault_handler
    app_error.o(i.app_error_save_and_stop) refers to app_error.o(.bss) for .bss
    app_fifo.o(i.app_fifo_get) refers to app_fifo.o(i.fifo_get) for fifo_get
    app_fifo.o(i.app_fifo_put) refers to app_fifo.o(i.fifo_put) for fifo_put
    app_fifo.o(i.app_fifo_read) refers to app_fifo.o(i.fifo_get) for fifo_get
    app_fifo.o(i.app_fifo_write) refers to app_fifo.o(i.fifo_put) for fifo_put
    app_util_platform.o(i.app_util_critical_region_enter) refers to app_util_platform.o(i.app_util_disable_irq) for app_util_disable_irq
    app_util_platform.o(i.app_util_critical_region_exit) refers to app_util_platform.o(i.app_util_enable_irq) for app_util_enable_irq
    app_util_platform.o(i.app_util_disable_irq) refers to app_util_platform.o(.data) for .data
    app_util_platform.o(i.app_util_enable_irq) refers to app_util_platform.o(.data) for .data
    retarget.o(i.fgetc) refers to app_uart_fifo.o(i.app_uart_get) for app_uart_get
    retarget.o(i.fputc) refers to app_uart_fifo.o(i.app_uart_put) for app_uart_put
    nrf_log.o(i.log_hex) refers to nrf_log.o(.bss) for .bss
    nrf_log.o(i.log_hex_char) refers to nrf_log.o(.data) for .data
    nrf_log.o(i.log_uart_init) refers to app_uart_fifo.o(i.app_uart_init) for app_uart_init
    nrf_log.o(i.log_uart_init) refers to nrf_log.o(.data) for .data
    nrf_log.o(i.log_uart_init) refers to nrf_log.o(.constdata) for .constdata
    nrf_log.o(i.log_uart_init) refers to nrf_log.o(.bss) for .bss
    nrf_log.o(i.log_uart_init) refers to nrf_log.o(i.uart_error_cb) for uart_error_cb
    nrf_log.o(i.log_uart_printf) refers to printfa.o(i.__0vprintf) for vprintf
    nrf_log.o(i.log_uart_read_input) refers to app_uart_fifo.o(i.app_uart_get) for app_uart_get
    nrf_log.o(i.log_uart_read_input) refers to nrf_log.o(.data) for .data
    nrf_log.o(i.log_uart_write_hex) refers to app_uart_fifo.o(i.app_uart_put) for app_uart_put
    nrf_log.o(i.log_uart_write_hex_char) refers to app_uart_fifo.o(i.app_uart_put) for app_uart_put
    nrf_log.o(i.uart_error_cb) refers to app_error.o(i.app_error_handler_bare) for app_error_handler_bare
    arm_startup_nrf52.o(RESET) refers to arm_startup_nrf52.o(STACK) for __initial_sp
    arm_startup_nrf52.o(RESET) refers to arm_startup_nrf52.o(.text) for Reset_Handler
    arm_startup_nrf52.o(RESET) refers to nrf_drv_uart.o(i.UARTE0_UART0_IRQHandler) for UARTE0_UART0_IRQHandler
    arm_startup_nrf52.o(RESET) refers to nrf_drv_twi.o(i.SPIM0_SPIS0_TWIM0_TWIS0_SPI0_TWI0_IRQHandler) for SPIM0_SPIS0_TWIM0_TWIS0_SPI0_TWI0_IRQHandler
    arm_startup_nrf52.o(.text) refers to system_nrf52.o(i.SystemInit) for SystemInit
    arm_startup_nrf52.o(.text) refers to entry.o(.ARM.Collect$$$$00000000) for __main
    system_nrf52.o(i.SystemCoreClockUpdate) refers to system_nrf52.o(.data) for .data
    system_nrf52.o(i.SystemInit) refers to system_nrf52.o(.data) for .data
    entry.o(.ARM.Collect$$$$00000000) refers (Special) to entry10a.o(.ARM.Collect$$$$0000000D) for __rt_final_cpp
    entry.o(.ARM.Collect$$$$00000000) refers (Special) to entry11a.o(.ARM.Collect$$$$0000000F) for __rt_final_exit
    entry.o(.ARM.Collect$$$$00000000) refers (Special) to entry7b.o(.ARM.Collect$$$$00000008) for _main_clock
    entry.o(.ARM.Collect$$$$00000000) refers (Special) to entry8b.o(.ARM.Collect$$$$0000000A) for _main_cpp_init
    entry.o(.ARM.Collect$$$$00000000) refers (Special) to entry9a.o(.ARM.Collect$$$$0000000B) for _main_init
    entry.o(.ARM.Collect$$$$00000000) refers (Special) to entry5.o(.ARM.Collect$$$$00000004) for _main_scatterload
    entry.o(.ARM.Collect$$$$00000000) refers (Special) to entry2.o(.ARM.Collect$$$$00000001) for _main_stk
    printfa.o(i.__0fprintf) refers (Special) to iusefp.o(.text) for __I$use$fp
    printfa.o(i.__0fprintf) refers to printfa.o(i._printf_core) for _printf_core
    printfa.o(i.__0fprintf) refers to retarget.o(i.fputc) for fputc
    printfa.o(i.__0printf) refers (Special) to iusefp.o(.text) for __I$use$fp
    printfa.o(i.__0printf) refers to printfa.o(i._printf_core) for _printf_core
    printfa.o(i.__0printf) refers to retarget.o(i.fputc) for fputc
    printfa.o(i.__0printf) refers to retarget.o(.data) for __stdout
    printfa.o(i.__0snprintf) refers (Special) to iusefp.o(.text) for __I$use$fp
    printfa.o(i.__0snprintf) refers to printfa.o(i._printf_core) for _printf_core
    printfa.o(i.__0snprintf) refers to printfa.o(i._snputc) for _snputc
    printfa.o(i.__0sprintf) refers (Special) to iusefp.o(.text) for __I$use$fp
    printfa.o(i.__0sprintf) refers to printfa.o(i._printf_core) for _printf_core
    printfa.o(i.__0sprintf) refers to printfa.o(i._sputc) for _sputc
    printfa.o(i.__0vfprintf) refers (Special) to iusefp.o(.text) for __I$use$fp
    printfa.o(i.__0vfprintf) refers to printfa.o(i._printf_core) for _printf_core
    printfa.o(i.__0vfprintf) refers to retarget.o(i.fputc) for fputc
    printfa.o(i.__0vprintf) refers (Special) to iusefp.o(.text) for __I$use$fp
    printfa.o(i.__0vprintf) refers to printfa.o(i._printf_core) for _printf_core
    printfa.o(i.__0vprintf) refers to retarget.o(i.fputc) for fputc
    printfa.o(i.__0vprintf) refers to retarget.o(.data) for __stdout
    printfa.o(i.__0vsnprintf) refers (Special) to iusefp.o(.text) for __I$use$fp
    printfa.o(i.__0vsnprintf) refers to printfa.o(i._printf_core) for _printf_core
    printfa.o(i.__0vsnprintf) refers to printfa.o(i._snputc) for _snputc
    printfa.o(i.__0vsprintf) refers (Special) to iusefp.o(.text) for __I$use$fp
    printfa.o(i.__0vsprintf) refers to printfa.o(i._printf_core) for _printf_core
    printfa.o(i.__0vsprintf) refers to printfa.o(i._sputc) for _sputc
    printfa.o(i._fp_digits) refers (Special) to iusefp.o(.text) for __I$use$fp
    printfa.o(i._fp_digits) refers to dmul.o(.text) for __aeabi_dmul
    printfa.o(i._fp_digits) refers to ddiv.o(.text) for __aeabi_ddiv
    printfa.o(i._fp_digits) refers to cdrcmple.o(.text) for __aeabi_cdrcmple
    printfa.o(i._fp_digits) refers to dadd.o(.text) for __aeabi_dadd
    printfa.o(i._fp_digits) refers to dfixul.o(.text) for __aeabi_d2ulz
    printfa.o(i._fp_digits) refers to uldiv.o(.text) for __aeabi_uldivmod
    printfa.o(i._printf_core) refers (Special) to iusefp.o(.text) for __I$use$fp
    printfa.o(i._printf_core) refers to printfa.o(i._printf_pre_padding) for _printf_pre_padding
    printfa.o(i._printf_core) refers to uldiv.o(.text) for __aeabi_uldivmod
    printfa.o(i._printf_core) refers to printfa.o(i._printf_post_padding) for _printf_post_padding
    printfa.o(i._printf_core) refers to printfa.o(i._fp_digits) for _fp_digits
    printfa.o(i._printf_core) refers to uidiv.o(.text) for __aeabi_uidivmod
    printfa.o(i._printf_post_padding) refers (Special) to iusefp.o(.text) for __I$use$fp
    printfa.o(i._printf_pre_padding) refers (Special) to iusefp.o(.text) for __I$use$fp
    printfa.o(i._snputc) refers (Special) to iusefp.o(.text) for __I$use$fp
    printfa.o(i._sputc) refers (Special) to iusefp.o(.text) for __I$use$fp
    malloc.o(i.free) refers to mvars.o(.data) for __microlib_freelist
    malloc.o(i.malloc) refers to mvars.o(.data) for __microlib_freelist_initialised
    malloc.o(i.malloc) refers to mvars.o(.data) for __microlib_freelist
    malloc.o(i.malloc) refers to arm_startup_nrf52.o(HEAP) for __heap_base
    mallocr.o(i.__free$realloc) refers to mvars.o(.data) for __microlib_freelist
    mallocr.o(i.__malloc$realloc) refers to mallocr.o(i.internal_alloc) for internal_alloc
    mallocr.o(i.__malloc$realloc) refers to mvars.o(.data) for __microlib_freelist_initialised
    mallocr.o(i.__malloc$realloc) refers to arm_startup_nrf52.o(HEAP) for __heap_base
    mallocr.o(i.__malloc$realloc) refers to mvars.o(.data) for __microlib_freelist
    mallocr.o(i.internal_alloc) refers to memcpya.o(.text) for __aeabi_memcpy
    mallocr.o(i.internal_alloc) refers to mvars.o(.data) for __microlib_freelist
    mallocr.o(i.realloc) refers to mallocr.o(i.__free$realloc) for __free$realloc
    mallocr.o(i.realloc) refers to mallocr.o(i.internal_alloc) for internal_alloc
    mallocr.o(i.realloc) refers to mallocr.o(i.__malloc$realloc) for __malloc$realloc
    mallocr.o(i.realloc) refers to mvars.o(.data) for __microlib_freelist
    malloca.o(i.__aligned_malloc) refers to mvars.o(.data) for __microlib_freelist_initialised
    malloca.o(i.__aligned_malloc) refers to mvars.o(.data) for __microlib_freelist
    malloca.o(i.__aligned_malloc) refers to arm_startup_nrf52.o(HEAP) for __heap_base
    malloca.o(i.__free$memalign) refers to mvars.o(.data) for __microlib_freelist
    malloca.o(i.__malloc$memalign) refers to malloca.o(i.__aligned_malloc) for __aligned_malloc
    mallocra.o(i.__aligned_malloc$realloc) refers to mallocra.o(i.internal_alloc) for internal_alloc
    mallocra.o(i.__aligned_malloc$realloc) refers to mvars.o(.data) for __microlib_freelist_initialised
    mallocra.o(i.__aligned_malloc$realloc) refers to arm_startup_nrf52.o(HEAP) for __heap_base
    mallocra.o(i.__aligned_malloc$realloc) refers to mvars.o(.data) for __microlib_freelist
    mallocra.o(i.__free$realloc$memalign) refers to mvars.o(.data) for __microlib_freelist
    mallocra.o(i.__malloc$realloc$memalign) refers to mallocra.o(i.__aligned_malloc$realloc) for __aligned_malloc$realloc
    mallocra.o(i.__realloc$memalign) refers to mallocra.o(i.__free$realloc$memalign) for __free$realloc$memalign
    mallocra.o(i.__realloc$memalign) refers to mallocra.o(i.internal_alloc) for internal_alloc
    mallocra.o(i.__realloc$memalign) refers to mallocra.o(i.__malloc$realloc$memalign) for __malloc$realloc$memalign
    mallocra.o(i.__realloc$memalign) refers to mvars.o(.data) for __microlib_freelist
    mallocra.o(i.internal_alloc) refers to memcpya.o(.text) for __aeabi_memcpy
    mallocra.o(i.internal_alloc) refers to mvars.o(.data) for __microlib_freelist
    entry2.o(.ARM.Collect$$$$00000001) refers to entry2.o(.ARM.Collect$$$$00002712) for __lit__00000000
    entry2.o(.ARM.Collect$$$$00002712) refers to arm_startup_nrf52.o(STACK) for __initial_sp
    entry2.o(__vectab_stack_and_reset_area) refers to arm_startup_nrf52.o(STACK) for __initial_sp
    entry2.o(__vectab_stack_and_reset_area) refers to entry.o(.ARM.Collect$$$$00000000) for __main
    entry5.o(.ARM.Collect$$$$00000004) refers to init.o(.text) for __scatterload
    entry9a.o(.ARM.Collect$$$$0000000B) refers to main.o(i.main) for main
    entry9b.o(.ARM.Collect$$$$0000000C) refers to main.o(i.main) for main
    uldiv.o(.text) refers to llushr.o(.text) for __aeabi_llsr
    uldiv.o(.text) refers to llshl.o(.text) for __aeabi_llsl
    dadd.o(.text) refers to llshl.o(.text) for __aeabi_llsl
    dadd.o(.text) refers to llsshr.o(.text) for __aeabi_lasr
    dadd.o(.text) refers to depilogue.o(.text) for _double_epilogue
    dmul.o(.text) refers to depilogue.o(.text) for _double_epilogue
    ddiv.o(.text) refers to depilogue.o(.text) for _double_round
    dfixul.o(.text) refers to llushr.o(.text) for __aeabi_llsr
    dfixul.o(.text) refers to llshl.o(.text) for __aeabi_llsl
    init.o(.text) refers to entry5.o(.ARM.Collect$$$$00000004) for __main_after_scatterload
    depilogue.o(.text) refers to llshl.o(.text) for __aeabi_llsl
    depilogue.o(.text) refers to llushr.o(.text) for __aeabi_llsr
    nrf_log.o(i.log_uart_write_string) refers to app_uart_fifo.o(i.app_uart_put) for app_uart_put
    nrf_log.o(i.log_uart_write_string_many) refers to nrf_log.o(i.log_uart_write_string) for log_uart_write_string
    nrf_log.o(i.log_uart_has_input) refers to app_uart_fifo.o(i.app_uart_get) for app_uart_get
    nrf_log.o(i.log_uart_has_input) refers to nrf_log.o(.data) for .data


==============================================================================

Removing Unused input sections from the image.

    Removing main.o(.rev16_text), (4 bytes).
    Removing main.o(.revsh_text), (4 bytes).
    Removing main.o(.rrx_text), (6 bytes).
    Removing main.o(.emb_text), (118 bytes).
    Removing app_uart_fifo.o(.rev16_text), (4 bytes).
    Removing app_uart_fifo.o(.revsh_text), (4 bytes).
    Removing app_uart_fifo.o(.rrx_text), (6 bytes).
    Removing app_uart_fifo.o(i.app_uart_close), (10 bytes).
    Removing app_uart_fifo.o(i.app_uart_flush), (32 bytes).
    Removing app_uart_fifo.o(i.app_uart_get), (52 bytes).
    Removing nrf_delay.o(.rev16_text), (4 bytes).
    Removing nrf_delay.o(.revsh_text), (4 bytes).
    Removing nrf_delay.o(.rrx_text), (6 bytes).
    Removing nrf_drv_common.o(.rev16_text), (4 bytes).
    Removing nrf_drv_common.o(.revsh_text), (4 bytes).
    Removing nrf_drv_common.o(.rrx_text), (6 bytes).
    Removing nrf_drv_twi.o(.rev16_text), (4 bytes).
    Removing nrf_drv_twi.o(.revsh_text), (4 bytes).
    Removing nrf_drv_twi.o(.rrx_text), (6 bytes).
    Removing nrf_drv_twi.o(i.nrf_drv_twi_data_count_get), (4 bytes).
    Removing nrf_drv_twi.o(i.nrf_drv_twi_disable), (48 bytes).
    Removing nrf_drv_twi.o(i.nrf_drv_twi_start_task_get), (16 bytes).
    Removing nrf_drv_twi.o(i.nrf_drv_twi_stopped_event_get), (8 bytes).
    Removing nrf_drv_twi.o(i.nrf_drv_twi_uninit), (60 bytes).
    Removing nrf_drv_uart.o(.rev16_text), (4 bytes).
    Removing nrf_drv_uart.o(.revsh_text), (4 bytes).
    Removing nrf_drv_uart.o(.rrx_text), (6 bytes).
    Removing nrf_drv_uart.o(i.nrf_drv_uart_errorsrc_get), (32 bytes).
    Removing nrf_drv_uart.o(i.nrf_drv_uart_rx_abort), (32 bytes).
    Removing nrf_drv_uart.o(i.nrf_drv_uart_rx_disable), (28 bytes).
    Removing nrf_drv_uart.o(i.nrf_drv_uart_tx_abort), (80 bytes).
    Removing nrf_drv_uart.o(i.nrf_drv_uart_uninit), (64 bytes).
    Removing nrf_drv_uart.o(i.nrf_gpio_cfg_default), (18 bytes).
    Removing nrf_drv_uart.o(i.pins_to_default), (84 bytes).
    Removing app_error.o(.rev16_text), (4 bytes).
    Removing app_error.o(.revsh_text), (4 bytes).
    Removing app_error.o(.rrx_text), (6 bytes).
    Removing app_error.o(i.app_error_handler), (24 bytes).
    Removing app_error.o(i.app_error_save_and_stop), (100 bytes).
    Removing app_error.o(.bss), (32 bytes).
    Removing app_error_weak.o(.rev16_text), (4 bytes).
    Removing app_error_weak.o(.revsh_text), (4 bytes).
    Removing app_error_weak.o(.rrx_text), (6 bytes).
    Removing app_fifo.o(.rev16_text), (4 bytes).
    Removing app_fifo.o(.revsh_text), (4 bytes).
    Removing app_fifo.o(.rrx_text), (6 bytes).
    Removing app_fifo.o(i.app_fifo_flush), (8 bytes).
    Removing app_fifo.o(i.app_fifo_peek), (34 bytes).
    Removing app_fifo.o(i.app_fifo_read), (74 bytes).
    Removing app_fifo.o(i.app_fifo_write), (82 bytes).
    Removing app_util_platform.o(.rev16_text), (4 bytes).
    Removing app_util_platform.o(.revsh_text), (4 bytes).
    Removing app_util_platform.o(.rrx_text), (6 bytes).
    Removing app_util_platform.o(i.app_util_critical_region_enter), (4 bytes).
    Removing app_util_platform.o(i.app_util_critical_region_exit), (4 bytes).
    Removing app_util_platform.o(i.app_util_disable_irq), (16 bytes).
    Removing app_util_platform.o(i.app_util_enable_irq), (20 bytes).
    Removing app_util_platform.o(.data), (4 bytes).
    Removing nrf_assert.o(.rev16_text), (4 bytes).
    Removing nrf_assert.o(.revsh_text), (4 bytes).
    Removing nrf_assert.o(.rrx_text), (6 bytes).
    Removing retarget.o(.rev16_text), (4 bytes).
    Removing retarget.o(.revsh_text), (4 bytes).
    Removing retarget.o(.rrx_text), (6 bytes).
    Removing retarget.o(i.fgetc), (18 bytes).
    Removing retarget.o(.data), (4 bytes).
    Removing nrf_log.o(.rev16_text), (4 bytes).
    Removing nrf_log.o(.revsh_text), (4 bytes).
    Removing nrf_log.o(.rrx_text), (6 bytes).
    Removing nrf_log.o(i.log_hex), (60 bytes).
    Removing nrf_log.o(i.log_hex_char), (52 bytes).
    Removing nrf_log.o(i.log_uart_read_input), (36 bytes).
    Removing nrf_log.o(i.log_uart_write_hex), (48 bytes).
    Removing nrf_log.o(i.log_uart_write_hex_char), (40 bytes).
    Removing system_nrf52.o(.rev16_text), (4 bytes).
    Removing system_nrf52.o(.revsh_text), (4 bytes).
    Removing system_nrf52.o(.rrx_text), (6 bytes).
    Removing system_nrf52.o(i.SystemCoreClockUpdate), (16 bytes).
    Removing nrf_log.o(i.log_uart_write_string), (20 bytes).
    Removing nrf_log.o(i.log_uart_write_string_many), (30 bytes).
    Removing nrf_log.o(i.log_uart_has_input), (36 bytes).

81 unused section(s) (total 1644 bytes) removed from the image.

==============================================================================

Image Symbol Table

    Local Symbols

    Symbol Name                              Value     Ov Type        Size  Object(Section)

    RESET                                    0x00000000   Section     1024  arm_startup_nrf52.o(RESET)
    ../clib/microlib/division.c              0x00000000   Number         0  uldiv.o ABSOLUTE
    ../clib/microlib/division.c              0x00000000   Number         0  uidiv.o ABSOLUTE
    ../clib/microlib/init/entry.s            0x00000000   Number         0  entry.o ABSOLUTE
    ../clib/microlib/init/entry.s            0x00000000   Number         0  entry2.o ABSOLUTE
    ../clib/microlib/init/entry.s            0x00000000   Number         0  entry5.o ABSOLUTE
    ../clib/microlib/init/entry.s            0x00000000   Number         0  entry7a.o ABSOLUTE
    ../clib/microlib/init/entry.s            0x00000000   Number         0  entry7b.o ABSOLUTE
    ../clib/microlib/init/entry.s            0x00000000   Number         0  entry8a.o ABSOLUTE
    ../clib/microlib/init/entry.s            0x00000000   Number         0  entry8b.o ABSOLUTE
    ../clib/microlib/init/entry.s            0x00000000   Number         0  entry9a.o ABSOLUTE
    ../clib/microlib/init/entry.s            0x00000000   Number         0  entry9b.o ABSOLUTE
    ../clib/microlib/init/entry.s            0x00000000   Number         0  entry10a.o ABSOLUTE
    ../clib/microlib/init/entry.s            0x00000000   Number         0  entry11a.o ABSOLUTE
    ../clib/microlib/init/entry.s            0x00000000   Number         0  entry10b.o ABSOLUTE
    ../clib/microlib/init/entry.s            0x00000000   Number         0  entry11b.o ABSOLUTE
    ../clib/microlib/longlong.c              0x00000000   Number         0  llsshr.o ABSOLUTE
    ../clib/microlib/longlong.c              0x00000000   Number         0  llushr.o ABSOLUTE
    ../clib/microlib/longlong.c              0x00000000   Number         0  llshl.o ABSOLUTE
    ../clib/microlib/malloc/malloc.c         0x00000000   Number         0  malloc.o ABSOLUTE
    ../clib/microlib/malloc/malloc.c         0x00000000   Number         0  mallocr.o ABSOLUTE
    ../clib/microlib/malloc/malloc.c         0x00000000   Number         0  malloca.o ABSOLUTE
    ../clib/microlib/malloc/malloc.c         0x00000000   Number         0  mallocra.o ABSOLUTE
    ../clib/microlib/malloc/mvars.c          0x00000000   Number         0  mvars.o ABSOLUTE
    ../clib/microlib/printf/printf.c         0x00000000   Number         0  printfa.o ABSOLUTE
    ../clib/microlib/string/memcpy.c         0x00000000   Number         0  memcpyb.o ABSOLUTE
    ../clib/microlib/string/memcpy.c         0x00000000   Number         0  memcpya.o ABSOLUTE
    ../clib/microlib/stubs.s                 0x00000000   Number         0  iusefp.o ABSOLUTE
    ../fplib/microlib/fpadd.c                0x00000000   Number         0  dadd.o ABSOLUTE
    ../fplib/microlib/fpdiv.c                0x00000000   Number         0  ddiv.o ABSOLUTE
    ../fplib/microlib/fpepilogue.c           0x00000000   Number         0  depilogue.o ABSOLUTE
    ../fplib/microlib/fpfix.c                0x00000000   Number         0  dfixul.o ABSOLUTE
    ../fplib/microlib/fpmul.c                0x00000000   Number         0  dmul.o ABSOLUTE
    ..\..\..\..\..\components\drivers_nrf\common\nrf_drv_common.c 0x00000000   Number         0  nrf_drv_common.o ABSOLUTE
    ..\..\..\..\..\components\drivers_nrf\delay\nrf_delay.c 0x00000000   Number         0  nrf_delay.o ABSOLUTE
    ..\..\..\..\..\components\drivers_nrf\twi_master\nrf_drv_twi.c 0x00000000   Number         0  nrf_drv_twi.o ABSOLUTE
    ..\..\..\..\..\components\drivers_nrf\uart\nrf_drv_uart.c 0x00000000   Number         0  nrf_drv_uart.o ABSOLUTE
    ..\..\..\..\..\components\libraries\fifo\app_fifo.c 0x00000000   Number         0  app_fifo.o ABSOLUTE
    ..\..\..\..\..\components\libraries\uart\app_uart_fifo.c 0x00000000   Number         0  app_uart_fifo.o ABSOLUTE
    ..\..\..\..\..\components\libraries\uart\retarget.c 0x00000000   Number         0  retarget.o ABSOLUTE
    ..\..\..\..\..\components\libraries\util\app_error.c 0x00000000   Number         0  app_error.o ABSOLUTE
    ..\..\..\..\..\components\libraries\util\app_error_weak.c 0x00000000   Number         0  app_error_weak.o ABSOLUTE
    ..\..\..\..\..\components\libraries\util\app_util_platform.c 0x00000000   Number         0  app_util_platform.o ABSOLUTE
    ..\..\..\..\..\components\libraries\util\nrf_assert.c 0x00000000   Number         0  nrf_assert.o ABSOLUTE
    ..\..\..\..\..\components\libraries\util\nrf_log.c 0x00000000   Number         0  nrf_log.o ABSOLUTE
    ..\..\main.c                             0x00000000   Number         0  main.o ABSOLUTE
    ..\\..\\..\\..\\..\\components\\drivers_nrf\\common\\nrf_drv_common.c 0x00000000   Number         0  nrf_drv_common.o ABSOLUTE
    ..\\..\\..\\..\\..\\components\\drivers_nrf\\delay\\nrf_delay.c 0x00000000   Number         0  nrf_delay.o ABSOLUTE
    ..\\..\\..\\..\\..\\components\\drivers_nrf\\twi_master\\nrf_drv_twi.c 0x00000000   Number         0  nrf_drv_twi.o ABSOLUTE
    ..\\..\\..\\..\\..\\components\\drivers_nrf\\uart\\nrf_drv_uart.c 0x00000000   Number         0  nrf_drv_uart.o ABSOLUTE
    ..\\..\\..\\..\\..\\components\\libraries\\fifo\\app_fifo.c 0x00000000   Number         0  app_fifo.o ABSOLUTE
    ..\\..\\..\\..\\..\\components\\libraries\\uart\\app_uart_fifo.c 0x00000000   Number         0  app_uart_fifo.o ABSOLUTE
    ..\\..\\..\\..\\..\\components\\libraries\\uart\\retarget.c 0x00000000   Number         0  retarget.o ABSOLUTE
    ..\\..\\..\\..\\..\\components\\libraries\\util\\app_error.c 0x00000000   Number         0  app_error.o ABSOLUTE
    ..\\..\\..\\..\\..\\components\\libraries\\util\\app_error_weak.c 0x00000000   Number         0  app_error_weak.o ABSOLUTE
    ..\\..\\..\\..\\..\\components\\libraries\\util\\app_util_platform.c 0x00000000   Number         0  app_util_platform.o ABSOLUTE
    ..\\..\\..\\..\\..\\components\\libraries\\util\\nrf_assert.c 0x00000000   Number         0  nrf_assert.o ABSOLUTE
    ..\\..\\..\\..\\..\\components\\libraries\\util\\nrf_log.c 0x00000000   Number         0  nrf_log.o ABSOLUTE
    ..\\..\\main.c                           0x00000000   Number         0  main.o ABSOLUTE
    RTE\Device\nRF52832_xxAA\arm_startup_nrf52.s 0x00000000   Number         0  arm_startup_nrf52.o ABSOLUTE
    RTE\Device\nRF52832_xxAA\system_nrf52.c  0x00000000   Number         0  system_nrf52.o ABSOLUTE
    RTE\\Device\\nRF52832_xxAA\\system_nrf52.c 0x00000000   Number         0  system_nrf52.o ABSOLUTE
    cdrcmple.s                               0x00000000   Number         0  cdrcmple.o ABSOLUTE
    dc.s                                     0x00000000   Number         0  dc.o ABSOLUTE
    handlers.s                               0x00000000   Number         0  handlers.o ABSOLUTE
    init.s                                   0x00000000   Number         0  init.o ABSOLUTE
    .ARM.Collect$$$$00000000                 0x00000400   Section        0  entry.o(.ARM.Collect$$$$00000000)
    .ARM.Collect$$$$00000001                 0x00000400   Section        4  entry2.o(.ARM.Collect$$$$00000001)
    .ARM.Collect$$$$00000004                 0x00000404   Section        4  entry5.o(.ARM.Collect$$$$00000004)
    .ARM.Collect$$$$00000008                 0x00000408   Section        0  entry7b.o(.ARM.Collect$$$$00000008)
    .ARM.Collect$$$$0000000A                 0x00000408   Section        0  entry8b.o(.ARM.Collect$$$$0000000A)
    .ARM.Collect$$$$0000000B                 0x00000408   Section        8  entry9a.o(.ARM.Collect$$$$0000000B)
    .ARM.Collect$$$$0000000D                 0x00000410   Section        0  entry10a.o(.ARM.Collect$$$$0000000D)
    .ARM.Collect$$$$0000000F                 0x00000410   Section        0  entry11a.o(.ARM.Collect$$$$0000000F)
    .ARM.Collect$$$$00002712                 0x00000410   Section        4  entry2.o(.ARM.Collect$$$$00002712)
    __lit__00000000                          0x00000410   Data           4  entry2.o(.ARM.Collect$$$$00002712)
    .emb_text                                0x00000414   Section      118  nrf_delay.o(.emb_text)
    $v0                                      0x00000414   Number         0  nrf_delay.o(.emb_text)
    .emb_text                                0x0000048c   Section      118  nrf_drv_twi.o(.emb_text)
    $v0                                      0x0000048c   Number         0  nrf_drv_twi.o(.emb_text)
    .text                                    0x00000504   Section       36  arm_startup_nrf52.o(.text)
    $v0                                      0x00000504   Number         0  arm_startup_nrf52.o(.text)
    .text                                    0x00000528   Section        0  memcpya.o(.text)
    .text                                    0x0000054c   Section        0  uidiv.o(.text)
    .text                                    0x00000578   Section        0  uldiv.o(.text)
    .text                                    0x000005da   Section        0  iusefp.o(.text)
    .text                                    0x000005da   Section        0  dadd.o(.text)
    .text                                    0x00000728   Section        0  dmul.o(.text)
    .text                                    0x0000080c   Section        0  ddiv.o(.text)
    .text                                    0x000008ea   Section        0  dfixul.o(.text)
    .text                                    0x0000091c   Section       48  cdrcmple.o(.text)
    .text                                    0x0000094c   Section       36  init.o(.text)
    .text                                    0x00000970   Section        0  llshl.o(.text)
    .text                                    0x0000098e   Section        0  llushr.o(.text)
    .text                                    0x000009ae   Section        0  llsshr.o(.text)
    .text                                    0x000009d2   Section        0  depilogue.o(.text)
    i.Get_Last_IR_Sample                     0x00000a8c   Section        0  main.o(i.Get_Last_IR_Sample)
    i.MAX30105_config_parameter              0x00000b08   Section        0  main.o(i.MAX30105_config_parameter)
    i.MAX30105_default_HRS_config            0x00000b34   Section        0  main.o(i.MAX30105_default_HRS_config)
    i.MAX30105_set_pointer                   0x00000b84   Section        0  main.o(i.MAX30105_set_pointer)
    i.SPIM0_SPIS0_TWIM0_TWIS0_SPI0_TWI0_IRQHandler 0x00000ba8   Section        0  nrf_drv_twi.o(i.SPIM0_SPIS0_TWIM0_TWIS0_SPI0_TWI0_IRQHandler)
    i.SystemInit                             0x00000bb8   Section        0  system_nrf52.o(i.SystemInit)
    i.TWI_Get_Byte                           0x00000e24   Section        0  main.o(i.TWI_Get_Byte)
    i.UARTE0_UART0_IRQHandler                0x00000e4c   Section        0  nrf_drv_uart.o(i.UARTE0_UART0_IRQHandler)
    i.__0vprintf                             0x00000e60   Section        0  printfa.o(i.__0vprintf)
    i.__scatterload_copy                     0x00000e70   Section       14  handlers.o(i.__scatterload_copy)
    i.__scatterload_null                     0x00000e7e   Section        2  handlers.o(i.__scatterload_null)
    i.__scatterload_zeroinit                 0x00000e80   Section       14  handlers.o(i.__scatterload_zeroinit)
    i._fp_digits                             0x00000e90   Section        0  printfa.o(i._fp_digits)
    _fp_digits                               0x00000e91   Thumb Code   366  printfa.o(i._fp_digits)
    i._printf_core                           0x00001014   Section        0  printfa.o(i._printf_core)
    _printf_core                             0x00001015   Thumb Code  1744  printfa.o(i._printf_core)
    i._printf_post_padding                   0x000016f0   Section        0  printfa.o(i._printf_post_padding)
    _printf_post_padding                     0x000016f1   Thumb Code    36  printfa.o(i._printf_post_padding)
    i._printf_pre_padding                    0x00001714   Section        0  printfa.o(i._printf_pre_padding)
    _printf_pre_padding                      0x00001715   Thumb Code    46  printfa.o(i._printf_pre_padding)
    i.app_error_fault_handler                0x00001744   Section        0  app_error_weak.o(i.app_error_fault_handler)
    i.app_error_handler_bare                 0x00001768   Section        0  app_error.o(i.app_error_handler_bare)
    i.app_fifo_get                           0x0000177e   Section        0  app_fifo.o(i.app_fifo_get)
    i.app_fifo_init                          0x00001794   Section        0  app_fifo.o(i.app_fifo_init)
    i.app_fifo_put                           0x000017b4   Section        0  app_fifo.o(i.app_fifo_put)
    i.app_uart_init                          0x000017d0   Section        0  app_uart_fifo.o(i.app_uart_init)
    i.app_uart_put                           0x00001874   Section        0  app_uart_fifo.o(i.app_uart_put)
    i.apply_config                           0x000018a8   Section        0  nrf_drv_uart.o(i.apply_config)
    apply_config                             0x000018a9   Thumb Code   108  nrf_drv_uart.o(i.apply_config)
    i.fifo_get                               0x00001920   Section        0  app_fifo.o(i.fifo_get)
    fifo_get                                 0x00001921   Thumb Code    20  app_fifo.o(i.fifo_get)
    i.fifo_put                               0x00001934   Section        0  app_fifo.o(i.fifo_put)
    fifo_put                                 0x00001935   Thumb Code    18  app_fifo.o(i.fifo_put)
    i.fputc                                  0x00001946   Section        0  retarget.o(i.fputc)
    i.free                                   0x00001954   Section        0  malloc.o(i.free)
    i.irq_handler_twim                       0x000019a4   Section        0  nrf_drv_twi.o(i.irq_handler_twim)
    irq_handler_twim                         0x000019a5   Thumb Code   296  nrf_drv_twi.o(i.irq_handler_twim)
    i.log_uart_init                          0x00001acc   Section        0  nrf_log.o(i.log_uart_init)
    i.log_uart_printf                        0x00001b18   Section        0  nrf_log.o(i.log_uart_printf)
    i.main                                   0x00001b2c   Section        0  main.o(i.main)
    i.malloc                                 0x00001bac   Section        0  malloc.o(i.malloc)
    i.nrf_delay_ms                           0x00001c18   Section        0  nrf_delay.o(i.nrf_delay_ms)
    i.nrf_drv_common_irq_enable              0x00001c32   Section        0  nrf_drv_common.o(i.nrf_drv_common_irq_enable)
    i.nrf_drv_is_in_RAM                      0x00001c6a   Section        0  nrf_drv_twi.o(i.nrf_drv_is_in_RAM)
    nrf_drv_is_in_RAM                        0x00001c6b   Thumb Code    16  nrf_drv_twi.o(i.nrf_drv_is_in_RAM)
    i.nrf_drv_twi_enable                     0x00001c7c   Section        0  nrf_drv_twi.o(i.nrf_drv_twi_enable)
    i.nrf_drv_twi_init                       0x00001c9c   Section        0  nrf_drv_twi.o(i.nrf_drv_twi_init)
    i.nrf_drv_twi_rx                         0x00001d2c   Section        0  nrf_drv_twi.o(i.nrf_drv_twi_rx)
    i.nrf_drv_twi_tx                         0x00001d50   Section        0  nrf_drv_twi.o(i.nrf_drv_twi_tx)
    i.nrf_drv_twi_xfer                       0x00001d74   Section        0  nrf_drv_twi.o(i.nrf_drv_twi_xfer)
    i.nrf_drv_uart_init                      0x00001d98   Section        0  nrf_drv_uart.o(i.nrf_drv_uart_init)
    i.nrf_drv_uart_rx                        0x00001e2c   Section        0  nrf_drv_uart.o(i.nrf_drv_uart_rx)
    i.nrf_drv_uart_rx_enable                 0x00001eb8   Section        0  nrf_drv_uart.o(i.nrf_drv_uart_rx_enable)
    i.nrf_drv_uart_rx_for_uart               0x00001ed8   Section        0  nrf_drv_uart.o(i.nrf_drv_uart_rx_for_uart)
    nrf_drv_uart_rx_for_uart                 0x00001ed9   Thumb Code   148  nrf_drv_uart.o(i.nrf_drv_uart_rx_for_uart)
    i.nrf_drv_uart_rx_for_uarte              0x00001f74   Section        0  nrf_drv_uart.o(i.nrf_drv_uart_rx_for_uarte)
    nrf_drv_uart_rx_for_uarte                0x00001f75   Thumb Code   136  nrf_drv_uart.o(i.nrf_drv_uart_rx_for_uarte)
    i.nrf_drv_uart_tx                        0x00002004   Section        0  nrf_drv_uart.o(i.nrf_drv_uart_tx)
    i.nrf_drv_uart_tx_for_uart               0x00002094   Section        0  nrf_drv_uart.o(i.nrf_drv_uart_tx_for_uart)
    nrf_drv_uart_tx_for_uart                 0x00002095   Thumb Code   118  nrf_drv_uart.o(i.nrf_drv_uart_tx_for_uart)
    i.nrf_drv_uart_tx_in_progress            0x00002114   Section        0  nrf_drv_uart.o(i.nrf_drv_uart_tx_in_progress)
    i.nrf_gpio_cfg                           0x00002124   Section        0  nrf_drv_uart.o(i.nrf_gpio_cfg)
    nrf_gpio_cfg                             0x00002125   Thumb Code    34  nrf_drv_uart.o(i.nrf_gpio_cfg)
    i.nrf_gpio_cfg_input                     0x00002146   Section        0  nrf_drv_uart.o(i.nrf_gpio_cfg_input)
    nrf_gpio_cfg_input                       0x00002147   Thumb Code    18  nrf_drv_uart.o(i.nrf_gpio_cfg_input)
    i.nrf_gpio_cfg_output                    0x00002158   Section        0  nrf_drv_uart.o(i.nrf_gpio_cfg_output)
    nrf_gpio_cfg_output                      0x00002159   Thumb Code    20  nrf_drv_uart.o(i.nrf_gpio_cfg_output)
    i.nrf_gpio_pin_set                       0x0000216c   Section        0  nrf_drv_twi.o(i.nrf_gpio_pin_set)
    nrf_gpio_pin_set                         0x0000216d   Thumb Code    10  nrf_drv_twi.o(i.nrf_gpio_pin_set)
    i.nrf_twim_event_check                   0x0000217c   Section        0  nrf_drv_twi.o(i.nrf_twim_event_check)
    nrf_twim_event_check                     0x0000217d   Thumb Code    10  nrf_drv_twi.o(i.nrf_twim_event_check)
    i.nrf_uart_event_check                   0x00002186   Section        0  nrf_drv_uart.o(i.nrf_uart_event_check)
    nrf_uart_event_check                     0x00002187   Thumb Code    10  nrf_drv_uart.o(i.nrf_uart_event_check)
    i.nrf_uart_int_enable_check              0x00002190   Section        0  nrf_drv_uart.o(i.nrf_uart_int_enable_check)
    nrf_uart_int_enable_check                0x00002191   Thumb Code    12  nrf_drv_uart.o(i.nrf_uart_int_enable_check)
    i.nrf_uarte_event_check                  0x0000219c   Section        0  nrf_drv_uart.o(i.nrf_uarte_event_check)
    nrf_uarte_event_check                    0x0000219d   Thumb Code    10  nrf_drv_uart.o(i.nrf_uarte_event_check)
    i.rx_byte                                0x000021a8   Section        0  nrf_drv_uart.o(i.rx_byte)
    rx_byte                                  0x000021a9   Thumb Code    38  nrf_drv_uart.o(i.rx_byte)
    i.rx_done_event                          0x000021d8   Section        0  nrf_drv_uart.o(i.rx_done_event)
    rx_done_event                            0x000021d9   Thumb Code    26  nrf_drv_uart.o(i.rx_done_event)
    i.rx_enable                              0x000021f8   Section        0  nrf_drv_uart.o(i.rx_enable)
    rx_enable                                0x000021f9   Thumb Code    18  nrf_drv_uart.o(i.rx_enable)
    i.twi_clear_bus                          0x00002210   Section        0  nrf_drv_twi.o(i.twi_clear_bus)
    twi_clear_bus                            0x00002211   Thumb Code   170  nrf_drv_twi.o(i.twi_clear_bus)
    i.twi_init                               0x000022c0   Section        0  main.o(i.twi_init)
    i.twim_xfer                              0x000022ec   Section        0  nrf_drv_twi.o(i.twim_xfer)
    twim_xfer                                0x000022ed   Thumb Code   492  nrf_drv_twi.o(i.twim_xfer)
    i.tx_byte                                0x000024dc   Section        0  nrf_drv_uart.o(i.tx_byte)
    tx_byte                                  0x000024dd   Thumb Code    28  nrf_drv_uart.o(i.tx_byte)
    i.tx_done_event                          0x00002500   Section        0  nrf_drv_uart.o(i.tx_done_event)
    tx_done_event                            0x00002501   Thumb Code    30  nrf_drv_uart.o(i.tx_done_event)
    i.uart_error_cb                          0x00002524   Section        0  nrf_log.o(i.uart_error_cb)
    i.uart_event_handler                     0x00002538   Section        0  app_uart_fifo.o(i.uart_event_handler)
    uart_event_handler                       0x00002539   Thumb Code   160  app_uart_fifo.o(i.uart_event_handler)
    i.uart_irq_handler                       0x000025e0   Section        0  nrf_drv_uart.o(i.uart_irq_handler)
    uart_irq_handler                         0x000025e1   Thumb Code   254  nrf_drv_uart.o(i.uart_irq_handler)
    i.uarte_irq_handler                      0x000026e8   Section        0  nrf_drv_uart.o(i.uarte_irq_handler)
    uarte_irq_handler                        0x000026e9   Thumb Code   206  nrf_drv_uart.o(i.uarte_irq_handler)
    .constdata                               0x000027c0   Section       24  main.o(.constdata)
    m_twi                                    0x000027c0   Data           8  main.o(.constdata)
    .constdata                               0x000027d8   Section       32  app_uart_fifo.o(.constdata)
    .constdata                               0x000027f8   Section       28  nrf_drv_twi.o(.constdata)
    m_default_config                         0x000027f8   Data          16  nrf_drv_twi.o(.constdata)
    .constdata                               0x00002814   Section       32  nrf_drv_uart.o(.constdata)
    m_default_config                         0x00002814   Data          32  nrf_drv_uart.o(.constdata)
    .constdata                               0x00002834   Section       12  nrf_log.o(.constdata)
    .data                                    0x20000000   Section        8  app_uart_fifo.o(.data)
    tx_buffer                                0x20000000   Data           1  app_uart_fifo.o(.data)
    rx_buffer                                0x20000001   Data           1  app_uart_fifo.o(.data)
    m_event_handler                          0x20000004   Data           4  app_uart_fifo.o(.data)
    .data                                    0x20000008   Section        4  retarget.o(.data)
    .data                                    0x2000000c   Section        7  nrf_log.o(.data)
    initialized                              0x2000000c   Data           1  nrf_log.o(.data)
    rx_buf                                   0x2000000d   Data           1  nrf_log.o(.data)
    m_uart_data                              0x2000000e   Data           1  nrf_log.o(.data)
    m_uart_has_input                         0x2000000f   Data           1  nrf_log.o(.data)
    hex_string                               0x20000010   Data           3  nrf_log.o(.data)
    .data                                    0x20000014   Section        4  system_nrf52.o(.data)
    __tagsym$$used                           0x20000014   Number         0  system_nrf52.o(.data)
    .data                                    0x20000018   Section        4  mvars.o(.data)
    .data                                    0x2000001c   Section        4  mvars.o(.data)
    .bss                                     0x20000020   Section       32  app_uart_fifo.o(.bss)
    m_rx_fifo                                0x20000020   Data          16  app_uart_fifo.o(.bss)
    m_tx_fifo                                0x20000030   Data          16  app_uart_fifo.o(.bss)
    .bss                                     0x20000040   Section       40  nrf_drv_twi.o(.bss)
    m_cb                                     0x20000040   Data          40  nrf_drv_twi.o(.bss)
    .bss                                     0x20000068   Section       32  nrf_drv_uart.o(.bss)
    m_cb                                     0x20000068   Data          32  nrf_drv_uart.o(.bss)
    .bss                                     0x20000088   Section      523  nrf_log.o(.bss)
    tx_buf                                   0x20000088   Data         512  nrf_log.o(.bss)
    hex_string                               0x20000288   Data          11  nrf_log.o(.bss)
    HEAP                                     0x20000298   Section     8192  arm_startup_nrf52.o(HEAP)
    STACK                                    0x20002298   Section     8192  arm_startup_nrf52.o(STACK)

    Global Symbols

    Symbol Name                              Value     Ov Type        Size  Object(Section)

    BuildAttributes$$THM_ISAv4$E$P$D$K$B$S$7EM$VFPi3$EXTD16$VFPS$VFMA$PE$A:L22UL41UL21$X:L11$S22US41US21$IEEE1$IW$USESV6$~STKCKD$USESV7$~SHL$OSPACE$ROPI$EBA8$MICROLIB$REQ8$PRES8$EABIv2 0x00000000   Number         0  anon$$obj.o ABSOLUTE
    __ARM_use_no_argv                        0x00000000   Number         0  main.o ABSOLUTE
    __Vectors                                0x00000000   Data           4  arm_startup_nrf52.o(RESET)
    __cpp_initialize__aeabi_                  - Undefined Weak Reference
    __cxa_finalize                            - Undefined Weak Reference
    __decompress                              - Undefined Weak Reference
    _clock_init                               - Undefined Weak Reference
    _microlib_exit                            - Undefined Weak Reference
    __Vectors_End                            0x00000400   Data           0  arm_startup_nrf52.o(RESET)
    __Vectors_Size                           0x00000400   Number         0  arm_startup_nrf52.o ABSOLUTE
    __main                                   0x00000401   Thumb Code     0  entry.o(.ARM.Collect$$$$00000000)
    _main_stk                                0x00000401   Thumb Code     0  entry2.o(.ARM.Collect$$$$00000001)
    _main_scatterload                        0x00000405   Thumb Code     0  entry5.o(.ARM.Collect$$$$00000004)
    __main_after_scatterload                 0x00000409   Thumb Code     0  entry5.o(.ARM.Collect$$$$00000004)
    _main_clock                              0x00000409   Thumb Code     0  entry7b.o(.ARM.Collect$$$$00000008)
    _main_cpp_init                           0x00000409   Thumb Code     0  entry8b.o(.ARM.Collect$$$$0000000A)
    _main_init                               0x00000409   Thumb Code     0  entry9a.o(.ARM.Collect$$$$0000000B)
    __rt_final_cpp                           0x00000411   Thumb Code     0  entry10a.o(.ARM.Collect$$$$0000000D)
    __rt_final_exit                          0x00000411   Thumb Code     0  entry11a.o(.ARM.Collect$$$$0000000F)
    __asm___11_nrf_delay_c_532987f3__nrf_delay_us 0x00000415   Thumb Code   118  nrf_delay.o(.emb_text)
    __asm___13_nrf_drv_twi_c_a9bcf68d__nrf_delay_us 0x0000048d   Thumb Code   118  nrf_drv_twi.o(.emb_text)
    Reset_Handler                            0x00000505   Thumb Code     8  arm_startup_nrf52.o(.text)
    NMI_Handler                              0x0000050d   Thumb Code     2  arm_startup_nrf52.o(.text)
    HardFault_Handler                        0x0000050f   Thumb Code     2  arm_startup_nrf52.o(.text)
    MemoryManagement_Handler                 0x00000511   Thumb Code     2  arm_startup_nrf52.o(.text)
    BusFault_Handler                         0x00000513   Thumb Code     2  arm_startup_nrf52.o(.text)
    UsageFault_Handler                       0x00000515   Thumb Code     2  arm_startup_nrf52.o(.text)
    SVC_Handler                              0x00000517   Thumb Code     2  arm_startup_nrf52.o(.text)
    DebugMonitor_Handler                     0x00000519   Thumb Code     2  arm_startup_nrf52.o(.text)
    PendSV_Handler                           0x0000051b   Thumb Code     2  arm_startup_nrf52.o(.text)
    SysTick_Handler                          0x0000051d   Thumb Code     2  arm_startup_nrf52.o(.text)
    CCM_AAR_IRQHandler                       0x0000051f   Thumb Code     0  arm_startup_nrf52.o(.text)
    COMP_LPCOMP_IRQHandler                   0x0000051f   Thumb Code     0  arm_startup_nrf52.o(.text)
    ECB_IRQHandler                           0x0000051f   Thumb Code     0  arm_startup_nrf52.o(.text)
    FPU_IRQHandler                           0x0000051f   Thumb Code     0  arm_startup_nrf52.o(.text)
    GPIOTE_IRQHandler                        0x0000051f   Thumb Code     0  arm_startup_nrf52.o(.text)
    I2S_IRQHandler                           0x0000051f   Thumb Code     0  arm_startup_nrf52.o(.text)
    MWU_IRQHandler                           0x0000051f   Thumb Code     0  arm_startup_nrf52.o(.text)
    NFCT_IRQHandler                          0x0000051f   Thumb Code     0  arm_startup_nrf52.o(.text)
    PDM_IRQHandler                           0x0000051f   Thumb Code     0  arm_startup_nrf52.o(.text)
    POWER_CLOCK_IRQHandler                   0x0000051f   Thumb Code     0  arm_startup_nrf52.o(.text)
    PWM0_IRQHandler                          0x0000051f   Thumb Code     0  arm_startup_nrf52.o(.text)
    PWM1_IRQHandler                          0x0000051f   Thumb Code     0  arm_startup_nrf52.o(.text)
    PWM2_IRQHandler                          0x0000051f   Thumb Code     0  arm_startup_nrf52.o(.text)
    QDEC_IRQHandler                          0x0000051f   Thumb Code     0  arm_startup_nrf52.o(.text)
    RADIO_IRQHandler                         0x0000051f   Thumb Code     0  arm_startup_nrf52.o(.text)
    RNG_IRQHandler                           0x0000051f   Thumb Code     0  arm_startup_nrf52.o(.text)
    RTC0_IRQHandler                          0x0000051f   Thumb Code     0  arm_startup_nrf52.o(.text)
    RTC1_IRQHandler                          0x0000051f   Thumb Code     0  arm_startup_nrf52.o(.text)
    RTC2_IRQHandler                          0x0000051f   Thumb Code     0  arm_startup_nrf52.o(.text)
    SAADC_IRQHandler                         0x0000051f   Thumb Code     0  arm_startup_nrf52.o(.text)
    SPIM1_SPIS1_TWIM1_TWIS1_SPI1_TWI1_IRQHandler 0x0000051f   Thumb Code     0  arm_startup_nrf52.o(.text)
    SPIM2_SPIS2_SPI2_IRQHandler              0x0000051f   Thumb Code     0  arm_startup_nrf52.o(.text)
    SWI0_EGU0_IRQHandler                     0x0000051f   Thumb Code     0  arm_startup_nrf52.o(.text)
    SWI1_EGU1_IRQHandler                     0x0000051f   Thumb Code     0  arm_startup_nrf52.o(.text)
    SWI2_EGU2_IRQHandler                     0x0000051f   Thumb Code     0  arm_startup_nrf52.o(.text)
    SWI3_EGU3_IRQHandler                     0x0000051f   Thumb Code     0  arm_startup_nrf52.o(.text)
    SWI4_EGU4_IRQHandler                     0x0000051f   Thumb Code     0  arm_startup_nrf52.o(.text)
    SWI5_EGU5_IRQHandler                     0x0000051f   Thumb Code     0  arm_startup_nrf52.o(.text)
    TEMP_IRQHandler                          0x0000051f   Thumb Code     0  arm_startup_nrf52.o(.text)
    TIMER0_IRQHandler                        0x0000051f   Thumb Code     0  arm_startup_nrf52.o(.text)
    TIMER1_IRQHandler                        0x0000051f   Thumb Code     0  arm_startup_nrf52.o(.text)
    TIMER2_IRQHandler                        0x0000051f   Thumb Code     0  arm_startup_nrf52.o(.text)
    TIMER3_IRQHandler                        0x0000051f   Thumb Code     0  arm_startup_nrf52.o(.text)
    TIMER4_IRQHandler                        0x0000051f   Thumb Code     0  arm_startup_nrf52.o(.text)
    WDT_IRQHandler                           0x0000051f   Thumb Code     0  arm_startup_nrf52.o(.text)
    __aeabi_memcpy                           0x00000529   Thumb Code    36  memcpya.o(.text)
    __aeabi_memcpy4                          0x00000529   Thumb Code     0  memcpya.o(.text)
    __aeabi_memcpy8                          0x00000529   Thumb Code     0  memcpya.o(.text)
    __aeabi_uidiv                            0x0000054d   Thumb Code     0  uidiv.o(.text)
    __aeabi_uidivmod                         0x0000054d   Thumb Code    44  uidiv.o(.text)
    __aeabi_uldivmod                         0x00000579   Thumb Code    98  uldiv.o(.text)
    __I$use$fp                               0x000005db   Thumb Code     0  iusefp.o(.text)
    __aeabi_dadd                             0x000005db   Thumb Code   322  dadd.o(.text)
    __aeabi_dsub                             0x0000071d   Thumb Code     6  dadd.o(.text)
    __aeabi_drsub                            0x00000723   Thumb Code     6  dadd.o(.text)
    __aeabi_dmul                             0x00000729   Thumb Code   228  dmul.o(.text)
    __aeabi_ddiv                             0x0000080d   Thumb Code   222  ddiv.o(.text)
    __aeabi_d2ulz                            0x000008eb   Thumb Code    48  dfixul.o(.text)
    __aeabi_cdrcmple                         0x0000091d   Thumb Code    48  cdrcmple.o(.text)
    __scatterload                            0x0000094d   Thumb Code    28  init.o(.text)
    __scatterload_rt2                        0x0000094d   Thumb Code     0  init.o(.text)
    __aeabi_llsl                             0x00000971   Thumb Code    30  llshl.o(.text)
    _ll_shift_l                              0x00000971   Thumb Code     0  llshl.o(.text)
    __aeabi_llsr                             0x0000098f   Thumb Code    32  llushr.o(.text)
    _ll_ushift_r                             0x0000098f   Thumb Code     0  llushr.o(.text)
    __aeabi_lasr                             0x000009af   Thumb Code    36  llsshr.o(.text)
    _ll_sshift_r                             0x000009af   Thumb Code     0  llsshr.o(.text)
    _double_round                            0x000009d3   Thumb Code    30  depilogue.o(.text)
    _double_epilogue                         0x000009f1   Thumb Code   156  depilogue.o(.text)
    Get_Last_IR_Sample                       0x00000a8d   Thumb Code   118  main.o(i.Get_Last_IR_Sample)
    MAX30105_config_parameter                0x00000b09   Thumb Code    40  main.o(i.MAX30105_config_parameter)
    MAX30105_default_HRS_config              0x00000b35   Thumb Code    78  main.o(i.MAX30105_default_HRS_config)
    MAX30105_set_pointer                     0x00000b85   Thumb Code    32  main.o(i.MAX30105_set_pointer)
    SPIM0_SPIS0_TWIM0_TWIS0_SPI0_TWI0_IRQHandler 0x00000ba9   Thumb Code     8  nrf_drv_twi.o(i.SPIM0_SPIS0_TWIM0_TWIS0_SPI0_TWI0_IRQHandler)
    SystemInit                               0x00000bb9   Thumb Code   566  system_nrf52.o(i.SystemInit)
    TWI_Get_Byte                             0x00000e25   Thumb Code    34  main.o(i.TWI_Get_Byte)
    UARTE0_UART0_IRQHandler                  0x00000e4d   Thumb Code    14  nrf_drv_uart.o(i.UARTE0_UART0_IRQHandler)
    __0vprintf                               0x00000e61   Thumb Code     8  printfa.o(i.__0vprintf)
    __1vprintf                               0x00000e61   Thumb Code     0  printfa.o(i.__0vprintf)
    __2vprintf                               0x00000e61   Thumb Code     0  printfa.o(i.__0vprintf)
    __c89vprintf                             0x00000e61   Thumb Code     0  printfa.o(i.__0vprintf)
    vprintf                                  0x00000e61   Thumb Code     0  printfa.o(i.__0vprintf)
    __scatterload_copy                       0x00000e71   Thumb Code    14  handlers.o(i.__scatterload_copy)
    __scatterload_null                       0x00000e7f   Thumb Code     2  handlers.o(i.__scatterload_null)
    __scatterload_zeroinit                   0x00000e81   Thumb Code    14  handlers.o(i.__scatterload_zeroinit)
    app_error_fault_handler                  0x00001745   Thumb Code    26  app_error_weak.o(i.app_error_fault_handler)
    app_error_handler_bare                   0x00001769   Thumb Code    22  app_error.o(i.app_error_handler_bare)
    app_fifo_get                             0x0000177f   Thumb Code    22  app_fifo.o(i.app_fifo_get)
    app_fifo_init                            0x00001795   Thumb Code    32  app_fifo.o(i.app_fifo_init)
    app_fifo_put                             0x000017b5   Thumb Code    26  app_fifo.o(i.app_fifo_put)
    app_uart_init                            0x000017d1   Thumb Code   146  app_uart_fifo.o(i.app_uart_init)
    app_uart_put                             0x00001875   Thumb Code    44  app_uart_fifo.o(i.app_uart_put)
    fputc                                    0x00001947   Thumb Code    14  retarget.o(i.fputc)
    free                                     0x00001955   Thumb Code    76  malloc.o(i.free)
    log_uart_init                            0x00001acd   Thumb Code    60  nrf_log.o(i.log_uart_init)
    log_uart_printf                          0x00001b19   Thumb Code    18  nrf_log.o(i.log_uart_printf)
    main                                     0x00001b2d   Thumb Code    56  main.o(i.main)
    malloc                                   0x00001bad   Thumb Code    92  malloc.o(i.malloc)
    nrf_delay_ms                             0x00001c19   Thumb Code    26  nrf_delay.o(i.nrf_delay_ms)
    nrf_drv_common_irq_enable                0x00001c33   Thumb Code    56  nrf_drv_common.o(i.nrf_drv_common_irq_enable)
    nrf_drv_twi_enable                       0x00001c7d   Thumb Code    28  nrf_drv_twi.o(i.nrf_drv_twi_enable)
    nrf_drv_twi_init                         0x00001c9d   Thumb Code   134  nrf_drv_twi.o(i.nrf_drv_twi_init)
    nrf_drv_twi_rx                           0x00001d2d   Thumb Code    32  nrf_drv_twi.o(i.nrf_drv_twi_rx)
    nrf_drv_twi_tx                           0x00001d51   Thumb Code    36  nrf_drv_twi.o(i.nrf_drv_twi_tx)
    nrf_drv_twi_xfer                         0x00001d75   Thumb Code    30  nrf_drv_twi.o(i.nrf_drv_twi_xfer)
    nrf_drv_uart_init                        0x00001d99   Thumb Code   126  nrf_drv_uart.o(i.nrf_drv_uart_init)
    nrf_drv_uart_rx                          0x00001e2d   Thumb Code   132  nrf_drv_uart.o(i.nrf_drv_uart_rx)
    nrf_drv_uart_rx_enable                   0x00001eb9   Thumb Code    26  nrf_drv_uart.o(i.nrf_drv_uart_rx_enable)
    nrf_drv_uart_tx                          0x00002005   Thumb Code   134  nrf_drv_uart.o(i.nrf_drv_uart_tx)
    nrf_drv_uart_tx_in_progress              0x00002115   Thumb Code    12  nrf_drv_uart.o(i.nrf_drv_uart_tx_in_progress)
    twi_init                                 0x000022c1   Thumb Code    40  main.o(i.twi_init)
    uart_error_cb                            0x00002525   Thumb Code    18  nrf_log.o(i.uart_error_cb)
    Region$$Table$$Base                      0x00002840   Number         0  anon$$obj.o(Region$$Table)
    Region$$Table$$Limit                     0x00002860   Number         0  anon$$obj.o(Region$$Table)
    __stdout                                 0x20000008   Data           4  retarget.o(.data)
    SystemCoreClock                          0x20000014   Data           4  system_nrf52.o(.data)
    __microlib_freelist                      0x20000018   Data           4  mvars.o(.data)
    __microlib_freelist_initialised          0x2000001c   Data           4  mvars.o(.data)
    __heap_base                              0x20000298   Data           0  arm_startup_nrf52.o(HEAP)
    __heap_limit                             0x20002298   Data           0  arm_startup_nrf52.o(HEAP)
    __initial_sp                             0x20004298   Data           0  arm_startup_nrf52.o(STACK)



==============================================================================

Memory Map of the image

  Image Entry point : 0x00000401

  Load Region LR_IROM1 (Base: 0x00000000, Size: 0x00002880, Max: 0x00080000, ABSOLUTE)

    Execution Region ER_IROM1 (Base: 0x00000000, Size: 0x00002860, Max: 0x00080000, ABSOLUTE)

    Base Addr    Size         Type   Attr      Idx    E Section Name        Object

    0x00000000   0x00000400   Data   RO         1022    RESET               arm_startup_nrf52.o
    0x00000400   0x00000000   Code   RO         1063  * .ARM.Collect$$$$00000000  mc_w.l(entry.o)
    0x00000400   0x00000004   Code   RO         1126    .ARM.Collect$$$$00000001  mc_w.l(entry2.o)
    0x00000404   0x00000004   Code   RO         1129    .ARM.Collect$$$$00000004  mc_w.l(entry5.o)
    0x00000408   0x00000000   Code   RO         1131    .ARM.Collect$$$$00000008  mc_w.l(entry7b.o)
    0x00000408   0x00000000   Code   RO         1133    .ARM.Collect$$$$0000000A  mc_w.l(entry8b.o)
    0x00000408   0x00000008   Code   RO         1134    .ARM.Collect$$$$0000000B  mc_w.l(entry9a.o)
    0x00000410   0x00000000   Code   RO         1136    .ARM.Collect$$$$0000000D  mc_w.l(entry10a.o)
    0x00000410   0x00000000   Code   RO         1138    .ARM.Collect$$$$0000000F  mc_w.l(entry11a.o)
    0x00000410   0x00000004   Code   RO         1127    .ARM.Collect$$$$00002712  mc_w.l(entry2.o)
    0x00000414   0x00000076   Code   RO          277    .emb_text           nrf_delay.o
    0x0000048a   0x00000002   PAD
    0x0000048c   0x00000076   Code   RO          347    .emb_text           nrf_drv_twi.o
    0x00000502   0x00000002   PAD
    0x00000504   0x00000024   Code   RO         1023    .text               arm_startup_nrf52.o
    0x00000528   0x00000024   Code   RO         1066    .text               mc_w.l(memcpya.o)
    0x0000054c   0x0000002c   Code   RO         1140    .text               mc_w.l(uidiv.o)
    0x00000578   0x00000062   Code   RO         1142    .text               mc_w.l(uldiv.o)
    0x000005da   0x00000000   Code   RO         1146    .text               mc_w.l(iusefp.o)
    0x000005da   0x0000014e   Code   RO         1147    .text               mf_w.l(dadd.o)
    0x00000728   0x000000e4   Code   RO         1149    .text               mf_w.l(dmul.o)
    0x0000080c   0x000000de   Code   RO         1151    .text               mf_w.l(ddiv.o)
    0x000008ea   0x00000030   Code   RO         1153    .text               mf_w.l(dfixul.o)
    0x0000091a   0x00000002   PAD
    0x0000091c   0x00000030   Code   RO         1155    .text               mf_w.l(cdrcmple.o)
    0x0000094c   0x00000024   Code   RO         1157    .text               mc_w.l(init.o)
    0x00000970   0x0000001e   Code   RO         1159    .text               mc_w.l(llshl.o)
    0x0000098e   0x00000020   Code   RO         1161    .text               mc_w.l(llushr.o)
    0x000009ae   0x00000024   Code   RO         1163    .text               mc_w.l(llsshr.o)
    0x000009d2   0x000000ba   Code   RO         1165    .text               mf_w.l(depilogue.o)
    0x00000a8c   0x0000007c   Code   RO            5    i.Get_Last_IR_Sample  main.o
    0x00000b08   0x0000002c   Code   RO            6    i.MAX30105_config_parameter  main.o
    0x00000b34   0x0000004e   Code   RO            7    i.MAX30105_default_HRS_config  main.o
    0x00000b82   0x00000002   PAD
    0x00000b84   0x00000024   Code   RO            8    i.MAX30105_set_pointer  main.o
    0x00000ba8   0x00000010   Code   RO          348    i.SPIM0_SPIS0_TWIM0_TWIS0_SPI0_TWI0_IRQHandler  nrf_drv_twi.o
    0x00000bb8   0x0000026c   Code   RO         1031    i.SystemInit        system_nrf52.o
    0x00000e24   0x00000028   Code   RO            9    i.TWI_Get_Byte      main.o
    0x00000e4c   0x00000014   Code   RO          483    i.UARTE0_UART0_IRQHandler  nrf_drv_uart.o
    0x00000e60   0x00000010   Code   RO         1075    i.__0vprintf        mc_w.l(printfa.o)
    0x00000e70   0x0000000e   Code   RO         1169    i.__scatterload_copy  mc_w.l(handlers.o)
    0x00000e7e   0x00000002   Code   RO         1170    i.__scatterload_null  mc_w.l(handlers.o)
    0x00000e80   0x0000000e   Code   RO         1171    i.__scatterload_zeroinit  mc_w.l(handlers.o)
    0x00000e8e   0x00000002   PAD
    0x00000e90   0x00000184   Code   RO         1078    i._fp_digits        mc_w.l(printfa.o)
    0x00001014   0x000006dc   Code   RO         1079    i._printf_core      mc_w.l(printfa.o)
    0x000016f0   0x00000024   Code   RO         1080    i._printf_post_padding  mc_w.l(printfa.o)
    0x00001714   0x0000002e   Code   RO         1081    i._printf_pre_padding  mc_w.l(printfa.o)
    0x00001742   0x00000002   PAD
    0x00001744   0x00000024   Code   RO          720    i.app_error_fault_handler  app_error_weak.o
    0x00001768   0x00000016   Code   RO          681    i.app_error_handler_bare  app_error.o
    0x0000177e   0x00000016   Code   RO          749    i.app_fifo_get      app_fifo.o
    0x00001794   0x00000020   Code   RO          750    i.app_fifo_init     app_fifo.o
    0x000017b4   0x0000001a   Code   RO          752    i.app_fifo_put      app_fifo.o
    0x000017ce   0x00000002   PAD
    0x000017d0   0x000000a4   Code   RO          186    i.app_uart_init     app_uart_fifo.o
    0x00001874   0x00000034   Code   RO          187    i.app_uart_put      app_uart_fifo.o
    0x000018a8   0x00000078   Code   RO          484    i.apply_config      nrf_drv_uart.o
    0x00001920   0x00000014   Code   RO          755    i.fifo_get          app_fifo.o
    0x00001934   0x00000012   Code   RO          756    i.fifo_put          app_fifo.o
    0x00001946   0x0000000e   Code   RO          883    i.fputc             retarget.o
    0x00001954   0x00000050   Code   RO         1098    i.free              mc_w.l(malloc.o)
    0x000019a4   0x00000128   Code   RO          349    i.irq_handler_twim  nrf_drv_twi.o
    0x00001acc   0x0000004c   Code   RO          922    i.log_uart_init     nrf_log.o
    0x00001b18   0x00000012   Code   RO          923    i.log_uart_printf   nrf_log.o
    0x00001b2a   0x00000002   PAD
    0x00001b2c   0x00000080   Code   RO           10    i.main              main.o
    0x00001bac   0x0000006c   Code   RO         1099    i.malloc            mc_w.l(malloc.o)
    0x00001c18   0x0000001a   Code   RO          278    i.nrf_delay_ms      nrf_delay.o
    0x00001c32   0x00000038   Code   RO          309    i.nrf_drv_common_irq_enable  nrf_drv_common.o
    0x00001c6a   0x00000010   Code   RO          350    i.nrf_drv_is_in_RAM  nrf_drv_twi.o
    0x00001c7a   0x00000002   PAD
    0x00001c7c   0x00000020   Code   RO          353    i.nrf_drv_twi_enable  nrf_drv_twi.o
    0x00001c9c   0x00000090   Code   RO          354    i.nrf_drv_twi_init  nrf_drv_twi.o
    0x00001d2c   0x00000024   Code   RO          355    i.nrf_drv_twi_rx    nrf_drv_twi.o
    0x00001d50   0x00000024   Code   RO          358    i.nrf_drv_twi_tx    nrf_drv_twi.o
    0x00001d74   0x00000024   Code   RO          360    i.nrf_drv_twi_xfer  nrf_drv_twi.o
    0x00001d98   0x00000094   Code   RO          486    i.nrf_drv_uart_init  nrf_drv_uart.o
    0x00001e2c   0x0000008c   Code   RO          487    i.nrf_drv_uart_rx   nrf_drv_uart.o
    0x00001eb8   0x00000020   Code   RO          490    i.nrf_drv_uart_rx_enable  nrf_drv_uart.o
    0x00001ed8   0x0000009c   Code   RO          491    i.nrf_drv_uart_rx_for_uart  nrf_drv_uart.o
    0x00001f74   0x00000090   Code   RO          492    i.nrf_drv_uart_rx_for_uarte  nrf_drv_uart.o
    0x00002004   0x00000090   Code   RO          493    i.nrf_drv_uart_tx   nrf_drv_uart.o
    0x00002094   0x00000080   Code   RO          495    i.nrf_drv_uart_tx_for_uart  nrf_drv_uart.o
    0x00002114   0x00000010   Code   RO          496    i.nrf_drv_uart_tx_in_progress  nrf_drv_uart.o
    0x00002124   0x00000022   Code   RO          498    i.nrf_gpio_cfg      nrf_drv_uart.o
    0x00002146   0x00000012   Code   RO          500    i.nrf_gpio_cfg_input  nrf_drv_uart.o
    0x00002158   0x00000014   Code   RO          501    i.nrf_gpio_cfg_output  nrf_drv_uart.o
    0x0000216c   0x00000010   Code   RO          361    i.nrf_gpio_pin_set  nrf_drv_twi.o
    0x0000217c   0x0000000a   Code   RO          362    i.nrf_twim_event_check  nrf_drv_twi.o
    0x00002186   0x0000000a   Code   RO          502    i.nrf_uart_event_check  nrf_drv_uart.o
    0x00002190   0x0000000c   Code   RO          503    i.nrf_uart_int_enable_check  nrf_drv_uart.o
    0x0000219c   0x0000000a   Code   RO          504    i.nrf_uarte_event_check  nrf_drv_uart.o
    0x000021a6   0x00000002   PAD
    0x000021a8   0x00000030   Code   RO          506    i.rx_byte           nrf_drv_uart.o
    0x000021d8   0x00000020   Code   RO          507    i.rx_done_event     nrf_drv_uart.o
    0x000021f8   0x00000018   Code   RO          508    i.rx_enable         nrf_drv_uart.o
    0x00002210   0x000000b0   Code   RO          363    i.twi_clear_bus     nrf_drv_twi.o
    0x000022c0   0x0000002c   Code   RO           11    i.twi_init          main.o
    0x000022ec   0x000001f0   Code   RO          364    i.twim_xfer         nrf_drv_twi.o
    0x000024dc   0x00000024   Code   RO          509    i.tx_byte           nrf_drv_uart.o
    0x00002500   0x00000024   Code   RO          510    i.tx_done_event     nrf_drv_uart.o
    0x00002524   0x00000012   Code   RO          927    i.uart_error_cb     nrf_log.o
    0x00002536   0x00000002   PAD
    0x00002538   0x000000a8   Code   RO          188    i.uart_event_handler  app_uart_fifo.o
    0x000025e0   0x00000108   Code   RO          511    i.uart_irq_handler  nrf_drv_uart.o
    0x000026e8   0x000000d8   Code   RO          512    i.uarte_irq_handler  nrf_drv_uart.o
    0x000027c0   0x00000018   Data   RO           12    .constdata          main.o
    0x000027d8   0x00000020   Data   RO          190    .constdata          app_uart_fifo.o
    0x000027f8   0x0000001c   Data   RO          366    .constdata          nrf_drv_twi.o
    0x00002814   0x00000020   Data   RO          514    .constdata          nrf_drv_uart.o
    0x00002834   0x0000000c   Data   RO          929    .constdata          nrf_log.o
    0x00002840   0x00000020   Data   RO         1167    Region$$Table       anon$$obj.o


    Execution Region RW_IRAM1 (Base: 0x20000000, Size: 0x00004298, Max: 0x00010000, ABSOLUTE)

    Base Addr    Size         Type   Attr      Idx    E Section Name        Object

    0x20000000   0x00000008   Data   RW          191    .data               app_uart_fifo.o
    0x20000008   0x00000004   Data   RW          884    .data               retarget.o
    0x2000000c   0x00000007   Data   RW          930    .data               nrf_log.o
    0x20000013   0x00000001   PAD
    0x20000014   0x00000004   Data   RW         1032    .data               system_nrf52.o
    0x20000018   0x00000004   Data   RW         1144    .data               mc_w.l(mvars.o)
    0x2000001c   0x00000004   Data   RW         1145    .data               mc_w.l(mvars.o)
    0x20000020   0x00000020   Zero   RW          189    .bss                app_uart_fifo.o
    0x20000040   0x00000028   Zero   RW          365    .bss                nrf_drv_twi.o
    0x20000068   0x00000020   Zero   RW          513    .bss                nrf_drv_uart.o
    0x20000088   0x0000020b   Zero   RW          928    .bss                nrf_log.o
    0x20000293   0x00000005   PAD
    0x20000298   0x00002000   Zero   RW         1021    HEAP                arm_startup_nrf52.o
    0x20002298   0x00002000   Zero   RW         1020    STACK               arm_startup_nrf52.o


==============================================================================

Image component sizes


      Code (inc. data)   RO Data    RW Data    ZI Data      Debug   Object Name

        22          0          0          0          0       2193   app_error.o
        36         10          0          0          0      27325   app_error_weak.o
       118          0          0          0          0       4274   app_fifo.o
       384         34         32          8         32      11331   app_uart_fifo.o
        36          8       1024          0      16384        904   arm_startup_nrf52.o
       494         96         24          0          0      48531   main.o
       144          0          0          0          0       1811   nrf_delay.o
        56          0          0          0          0      27527   nrf_drv_common.o
      1428         48         28          0         40      26920   nrf_drv_twi.o
      1808        150         32          0         32      35405   nrf_drv_uart.o
       112         16         12          7        523       5227   nrf_log.o
        14          0          0          4          0       2750   retarget.o
       620         54          0          4          0       2527   system_nrf52.o

    ----------------------------------------------------------------------
      5288        416       1184         24      17016     196725   Object Totals
         0          0         32          0          0          0   (incl. Generated)
        16          0          0          1          5          0   (incl. Padding)

    ----------------------------------------------------------------------

      Code (inc. data)   RO Data    RW Data    ZI Data      Debug   Library Member Name

         0          0          0          0          0          0   entry.o
         0          0          0          0          0          0   entry10a.o
         0          0          0          0          0          0   entry11a.o
         8          4          0          0          0          0   entry2.o
         4          0          0          0          0          0   entry5.o
         0          0          0          0          0          0   entry7b.o
         0          0          0          0          0          0   entry8b.o
         8          4          0          0          0          0   entry9a.o
        30          0          0          0          0          0   handlers.o
        36          8          0          0          0         68   init.o
         0          0          0          0          0          0   iusefp.o
        30          0          0          0          0         68   llshl.o
        36          0          0          0          0         68   llsshr.o
        32          0          0          0          0         68   llushr.o
       188         20          0          0          0        160   malloc.o
        36          0          0          0          0         68   memcpya.o
         0          0          0          8          0          0   mvars.o
      2242         88          0          0          0        436   printfa.o
        44          0          0          0          0         80   uidiv.o
        98          0          0          0          0         92   uldiv.o
        48          0          0          0          0         68   cdrcmple.o
       334          0          0          0          0        148   dadd.o
       222          0          0          0          0        100   ddiv.o
       186          0          0          0          0        176   depilogue.o
        48          0          0          0          0         68   dfixul.o
       228          0          0          0          0         96   dmul.o

    ----------------------------------------------------------------------
      3864        124          0          8          0       1764   Library Totals
         6          0          0          0          0          0   (incl. Padding)

    ----------------------------------------------------------------------

      Code (inc. data)   RO Data    RW Data    ZI Data      Debug   Library Name

      2792        124          0          8          0       1108   mc_w.l
      1066          0          0          0          0        656   mf_w.l

    ----------------------------------------------------------------------
      3864        124          0          8          0       1764   Library Totals

    ----------------------------------------------------------------------

==============================================================================


      Code (inc. data)   RO Data    RW Data    ZI Data      Debug   

      9152        540       1184         32      17016     192057   Grand Totals
      9152        540       1184         32      17016     192057   ELF Image Totals
      9152        540       1184         32          0          0   ROM Totals

==============================================================================

    Total RO  Size (Code + RO Data)                10336 (  10.09kB)
    Total RW  Size (RW Data + ZI Data)             17048 (  16.65kB)
    Total ROM Size (Code + RO Data + RW Data)      10368 (  10.13kB)

==============================================================================

