Component: ARM Compiler 5.06 update 4 (build 422) Tool: armlink [4d35d2]

==============================================================================

Section Cross References

    main.o(i.advertising_init) refers to memseta.o(.text) for __aeabi_memclr4
    main.o(i.advertising_init) refers to ble_advertising.o(i.ble_advertising_init) for ble_advertising_init
    main.o(i.advertising_init) refers to app_error.o(i.app_error_handler) for app_error_handler
    main.o(i.advertising_init) refers to main.o(i.on_adv_evt) for on_adv_evt
    main.o(i.assert_nrf_callback) refers to app_error.o(i.app_error_handler) for app_error_handler
    main.o(i.ble_evt_dispatch) refers to device_manager_peripheral.o(i.dm_ble_evt_handler) for dm_ble_evt_handler
    main.o(i.ble_evt_dispatch) refers to ble_conn_params.o(i.ble_conn_params_on_ble_evt) for ble_conn_params_on_ble_evt
    main.o(i.ble_evt_dispatch) refers to bsp_btn_ble.o(i.bsp_btn_ble_on_ble_evt) for bsp_btn_ble_on_ble_evt
    main.o(i.ble_evt_dispatch) refers to main.o(i.on_ble_evt) for on_ble_evt
    main.o(i.ble_evt_dispatch) refers to ble_advertising.o(i.ble_advertising_on_ble_evt) for ble_advertising_on_ble_evt
    main.o(i.ble_evt_dispatch) refers to our_service.o(i.ble_our_service_on_ble_evt) for ble_our_service_on_ble_evt
    main.o(i.ble_evt_dispatch) refers to main.o(.bss) for m_our_service
    main.o(i.ble_stack_init) refers to softdevice_handler.o(i.softdevice_handler_init) for softdevice_handler_init
    main.o(i.ble_stack_init) refers to app_error.o(i.app_error_handler) for app_error_handler
    main.o(i.ble_stack_init) refers to softdevice_handler.o(i.softdevice_enable_get_default_config) for softdevice_enable_get_default_config
    main.o(i.ble_stack_init) refers to softdevice_handler.o(i.sd_check_ram_start) for sd_check_ram_start
    main.o(i.ble_stack_init) refers to softdevice_handler.o(i.softdevice_enable) for softdevice_enable
    main.o(i.ble_stack_init) refers to softdevice_handler.o(i.softdevice_ble_evt_handler_set) for softdevice_ble_evt_handler_set
    main.o(i.ble_stack_init) refers to softdevice_handler.o(i.softdevice_sys_evt_handler_set) for softdevice_sys_evt_handler_set
    main.o(i.ble_stack_init) refers to main.o(.constdata) for .constdata
    main.o(i.ble_stack_init) refers to main.o(.bss) for BLE_EVT_BUFFER
    main.o(i.ble_stack_init) refers to main.o(i.ble_evt_dispatch) for ble_evt_dispatch
    main.o(i.ble_stack_init) refers to main.o(i.sys_evt_dispatch) for sys_evt_dispatch
    main.o(i.bsp_event_handler) refers to main.o(i.sleep_mode_enter) for sleep_mode_enter
    main.o(i.bsp_event_handler) refers to app_error.o(i.app_error_handler) for app_error_handler
    main.o(i.bsp_event_handler) refers to ble_advertising.o(i.ble_advertising_restart_without_whitelist) for ble_advertising_restart_without_whitelist
    main.o(i.bsp_event_handler) refers to main.o(.data) for m_conn_handle
    main.o(i.buttons_leds_init) refers to bsp.o(i.bsp_init) for bsp_init
    main.o(i.buttons_leds_init) refers to app_error.o(i.app_error_handler) for app_error_handler
    main.o(i.buttons_leds_init) refers to bsp_btn_ble.o(i.bsp_btn_ble_init) for bsp_btn_ble_init
    main.o(i.buttons_leds_init) refers to main.o(i.bsp_event_handler) for bsp_event_handler
    main.o(i.conn_params_error_handler) refers to app_error.o(i.app_error_handler) for app_error_handler
    main.o(i.conn_params_init) refers to memseta.o(.text) for __aeabi_memclr4
    main.o(i.conn_params_init) refers to ble_conn_params.o(i.ble_conn_params_init) for ble_conn_params_init
    main.o(i.conn_params_init) refers to app_error.o(i.app_error_handler) for app_error_handler
    main.o(i.conn_params_init) refers to main.o(i.on_conn_params_evt) for on_conn_params_evt
    main.o(i.conn_params_init) refers to main.o(i.conn_params_error_handler) for conn_params_error_handler
    main.o(i.device_manager_evt_handler) refers to app_error.o(i.app_error_handler) for app_error_handler
    main.o(i.device_manager_init) refers to pstorage.o(i.pstorage_init) for pstorage_init
    main.o(i.device_manager_init) refers to app_error.o(i.app_error_handler) for app_error_handler
    main.o(i.device_manager_init) refers to device_manager_peripheral.o(i.dm_init) for dm_init
    main.o(i.device_manager_init) refers to device_manager_peripheral.o(i.dm_register) for dm_register
    main.o(i.device_manager_init) refers to main.o(i.device_manager_evt_handler) for device_manager_evt_handler
    main.o(i.device_manager_init) refers to main.o(.data) for m_app_handle
    main.o(i.gap_params_init) refers to app_error.o(i.app_error_handler) for app_error_handler
    main.o(i.main) refers to main.o(i.uart_config) for uart_config
    main.o(i.main) refers to printf8.o(i.__0printf$8) for __2printf
    main.o(i.main) refers to main.o(i.timers_init) for timers_init
    main.o(i.main) refers to main.o(i.buttons_leds_init) for buttons_leds_init
    main.o(i.main) refers to main.o(i.ble_stack_init) for ble_stack_init
[...]
    i.sd_nvic_EnableIRQ                      0x000227e0   Section        0  softdevice_handler.o(i.sd_nvic_EnableIRQ)
    sd_nvic_EnableIRQ                        0x000227e1   Thumb Code   190  softdevice_handler.o(i.sd_nvic_EnableIRQ)
    i.sec_mgr_oob_flags_encode               0x000228b0   Section        0  ble_advdata.o(i.sec_mgr_oob_flags_encode)
    sec_mgr_oob_flags_encode                 0x000228b1   Thumb Code    54  ble_advdata.o(i.sec_mgr_oob_flags_encode)
    i.service_data_encode                    0x000228e6   Section        0  ble_advdata.o(i.service_data_encode)
    service_data_encode                      0x000228e7   Thumb Code   150  ble_advdata.o(i.service_data_encode)
    i.services_init                          0x0002297c   Section        0  main.o(i.services_init)
    services_init                            0x0002297d   Thumb Code    10  main.o(i.services_init)
    i.sleep_mode_enter                       0x0002298c   Section        0  main.o(i.sleep_mode_enter)
    sleep_mode_enter                         0x0002298d   Thumb Code    92  main.o(i.sleep_mode_enter)
    i.sm_state_change                        0x000229f8   Section        0  pstorage.o(i.sm_state_change)
    sm_state_change                          0x000229f9   Thumb Code    14  pstorage.o(i.sm_state_change)
    i.softdevice_ble_evt_handler_set         0x00022a0c   Section        0  softdevice_handler.o(i.softdevice_ble_evt_handler_set)
    i.softdevice_enable                      0x00022a24   Section        0  softdevice_handler.o(i.softdevice_enable)
    i.softdevice_enable_get_default_config   0x00022a40   Section        0  softdevice_handler.o(i.softdevice_enable_get_default_config)
    i.softdevice_fault_handler               0x00022a6c   Section        0  softdevice_handler.o(i.softdevice_fault_handler)
    i.softdevice_handler_init                0x00022a80   Section        0  softdevice_handler.o(i.softdevice_handler_init)
    i.softdevice_sys_evt_handler_set         0x00022ae4   Section        0  softdevice_handler.o(i.softdevice_sys_evt_handler_set)
    i.srdata_check                           0x00022afc   Section        0  ble_advdata.o(i.srdata_check)
    srdata_check                             0x00022afd   Thumb Code    14  ble_advdata.o(i.srdata_check)
    i.startup_event_extract                  0x00022b0a   Section        0  bsp_btn_ble.o(i.startup_event_extract)
    startup_event_extract                    0x00022b0b   Thumb Code    76  bsp_btn_ble.o(i.startup_event_extract)
    i.state_data_erase_entry_run             0x00022b58   Section        0  pstorage.o(i.state_data_erase_entry_run)
    state_data_erase_entry_run               0x00022b59   Thumb Code    12  pstorage.o(i.state_data_erase_entry_run)
    i.state_data_erase_swap_entry_run        0x00022b68   Section        0  pstorage.o(i.state_data_erase_swap_entry_run)
    state_data_erase_swap_entry_run          0x00022b69   Thumb Code   124  pstorage.o(i.state_data_erase_swap_entry_run)
    i.state_entry_action_run                 0x00022bf4   Section        0  pstorage.o(i.state_entry_action_run)
    state_entry_action_run                   0x00022bf5   Thumb Code    52  pstorage.o(i.state_entry_action_run)
    i.state_erase_data_page_entry_run        0x00022c2c   Section        0  pstorage.o(i.state_erase_data_page_entry_run)
    state_erase_data_page_entry_run          0x00022c2d   Thumb Code    12  pstorage.o(i.state_erase_data_page_entry_run)
    i.state_idle_entry_run                   0x00022c3c   Section        0  pstorage.o(i.state_idle_entry_run)
    state_idle_entry_run                     0x00022c3d   Thumb Code    18  pstorage.o(i.state_idle_entry_run)
    i.state_restore_head_entry_run           0x00022c58   Section        0  pstorage.o(i.state_restore_head_entry_run)
    state_restore_head_entry_run             0x00022c59   Thumb Code    44  pstorage.o(i.state_restore_head_entry_run)
    i.state_restore_tail_entry_run           0x00022c8c   Section        0  pstorage.o(i.state_restore_tail_entry_run)
    state_restore_tail_entry_run             0x00022c8d   Thumb Code    80  pstorage.o(i.state_restore_tail_entry_run)
    i.state_store_entry_run                  0x00022ce4   Section        0  pstorage.o(i.state_store_entry_run)
    state_store_entry_run                    0x00022ce5   Thumb Code     8  pstorage.o(i.state_store_entry_run)
    i.state_swap_erase_entry_run             0x00022cec   Section        0  pstorage.o(i.state_swap_erase_entry_run)
    state_swap_erase_entry_run               0x00022ced   Thumb Code    30  pstorage.o(i.state_swap_erase_entry_run)
    i.state_write_data_swap_entry_run        0x00022d0c   Section        0  pstorage.o(i.state_write_data_swap_entry_run)
    state_write_data_swap_entry_run          0x00022d0d   Thumb Code    50  pstorage.o(i.state_write_data_swap_entry_run)
    i.storage_operation_dummy_handler        0x00022d44   Section        0  device_manager_peripheral.o(i.storage_operation_dummy_handler)
    storage_operation_dummy_handler          0x00022d45   Thumb Code     8  device_manager_peripheral.o(i.storage_operation_dummy_handler)
    i.store_cmd_flash_write_execute          0x00022d4c   Section        0  pstorage.o(i.store_cmd_flash_write_execute)
    store_cmd_flash_write_execute            0x00022d4d   Thumb Code    94  pstorage.o(i.store_cmd_flash_write_execute)
    i.store_operation_execute                0x00022db4   Section        0  pstorage.o(i.store_operation_execute)
    store_operation_execute                  0x00022db5   Thumb Code    10  pstorage.o(i.store_operation_execute)
    i.store_sub_state_sm_run                 0x00022dc0   Section        0  pstorage.o(i.store_sub_state_sm_run)
    store_sub_state_sm_run                   0x00022dc1   Thumb Code    60  pstorage.o(i.store_sub_state_sm_run)
    i.swap_erase_state_run                   0x00022e08   Section        0  pstorage.o(i.swap_erase_state_run)
    swap_erase_state_run                     0x00022e09   Thumb Code    26  pstorage.o(i.swap_erase_state_run)
    i.swap_sub_sm_exit_action_run            0x00022e28   Section        0  pstorage.o(i.swap_sub_sm_exit_action_run)
    swap_sub_sm_exit_action_run              0x00022e29   Thumb Code     8  pstorage.o(i.swap_sub_sm_exit_action_run)
    i.swap_sub_state_entry_action_run        0x00022e30   Section        0  pstorage.o(i.swap_sub_state_entry_action_run)
    swap_sub_state_entry_action_run          0x00022e31   Thumb Code    16  pstorage.o(i.swap_sub_state_entry_action_run)
    i.swap_sub_state_err_busy_process        0x00022e48   Section        0  pstorage.o(i.swap_sub_state_err_busy_process)
    swap_sub_state_err_busy_process          0x00022e49   Thumb Code    24  pstorage.o(i.swap_sub_state_err_busy_process)
    i.swap_sub_state_sm_run                  0x00022e68   Section        0  pstorage.o(i.swap_sub_state_sm_run)
    swap_sub_state_sm_run                    0x00022e69   Thumb Code    16  pstorage.o(i.swap_sub_state_sm_run)
    i.swap_sub_state_state_change            0x00022e80   Section        0  pstorage.o(i.swap_sub_state_state_change)
    swap_sub_state_state_change              0x00022e81   Thumb Code    14  pstorage.o(i.swap_sub_state_state_change)
    i.sys_evt_dispatch                       0x00022e94   Section        0  main.o(i.sys_evt_dispatch)
    sys_evt_dispatch                         0x00022e95   Thumb Code    18  main.o(i.sys_evt_dispatch)
    i.tail_restore_state_run                 0x00022ea8   Section        0  pstorage.o(i.tail_restore_state_run)
    tail_restore_state_run                   0x00022ea9   Thumb Code    24  pstorage.o(i.tail_restore_state_run)
    i.tail_word_size_calculate               0x00022ec4   Section        0  pstorage.o(i.tail_word_size_calculate)
    tail_word_size_calculate                 0x00022ec5   Thumb Code    70  pstorage.o(i.tail_word_size_calculate)
    i.ticks_diff_get                         0x00022f10   Section        0  app_timer.o(i.ticks_diff_get)
    ticks_diff_get                           0x00022f11   Thumb Code    10  app_timer.o(i.ticks_diff_get)
    i.timeout_handler_exec                   0x00022f1c   Section        0  app_timer.o(i.timeout_handler_exec)
    timeout_handler_exec                     0x00022f1d   Thumb Code    56  app_timer.o(i.timeout_handler_exec)
    i.timer_list_handler                     0x00022f94   Section        0  app_timer.o(i.timer_list_handler)
    timer_list_handler                       0x00022f95   Thumb Code    72  app_timer.o(i.timer_list_handler)
    i.timer_list_handler_sched               0x00022fe8   Section        0  app_timer.o(i.timer_list_handler_sched)
    timer_list_handler_sched                 0x00022fe9   Thumb Code    10  app_timer.o(i.timer_list_handler_sched)
    i.timer_list_insert                      0x00022ff4   Section        0  app_timer.o(i.timer_list_insert)
    timer_list_insert                        0x00022ff5   Thumb Code    98  app_timer.o(i.timer_list_insert)
    i.timer_list_remove                      0x0002305c   Section        0  app_timer.o(i.timer_list_remove)
    timer_list_remove                        0x0002305d   Thumb Code    90  app_timer.o(i.timer_list_remove)
    i.timer_start_op_schedule                0x000230c8   Section        0  app_timer.o(i.timer_start_op_schedule)
    timer_start_op_schedule                  0x000230c9   Thumb Code    86  app_timer.o(i.timer_start_op_schedule)
    i.timer_stop_op_schedule                 0x00023124   Section        0  app_timer.o(i.timer_stop_op_schedule)
    timer_stop_op_schedule                   0x00023125   Thumb Code    58  app_timer.o(i.timer_stop_op_schedule)
    i.timer_timeout_handler                  0x00023164   Section        0  main.o(i.timer_timeout_handler)
    timer_timeout_handler                    0x00023165   Thumb Code    74  main.o(i.timer_timeout_handler)
    i.timer_timeouts_check                   0x000231bc   Section        0  app_timer.o(i.timer_timeouts_check)
    timer_timeouts_check                     0x000231bd   Thumb Code   130  app_timer.o(i.timer_timeouts_check)
    i.timer_timeouts_check_sched             0x00023254   Section        0  app_timer.o(i.timer_timeouts_check_sched)
    timer_timeouts_check_sched               0x00023255   Thumb Code    10  app_timer.o(i.timer_timeouts_check_sched)
    i.timers_init                            0x00023260   Section        0  main.o(i.timers_init)
    timers_init                              0x00023261   Thumb Code    54  main.o(i.timers_init)
    i.tk_value_encode                        0x000232b4   Section        0  ble_advdata.o(i.tk_value_encode)
    tk_value_encode                          0x000232b5   Thumb Code    70  ble_advdata.o(i.tk_value_encode)
    i.tx_byte                                0x000232fc   Section        0  nrf_drv_uart.o(i.tx_byte)
    tx_byte                                  0x000232fd   Thumb Code    42  nrf_drv_uart.o(i.tx_byte)
    i.tx_done_event                          0x00023334   Section        0  nrf_drv_uart.o(i.tx_done_event)
    tx_done_event                            0x00023335   Thumb Code    38  nrf_drv_uart.o(i.tx_done_event)
    i.tx_power_level_encode                  0x00023360   Section        0  ble_advdata.o(i.tx_power_level_encode)
    tx_power_level_encode                    0x00023361   Thumb Code    54  ble_advdata.o(i.tx_power_level_encode)
    i.uart_config                            0x00023398   Section        0  main.o(i.uart_config)
    uart_config                              0x00023399   Thumb Code    76  main.o(i.uart_config)
    i.uart_event_handler                     0x00023404   Section        0  app_uart_fifo.o(i.uart_event_handler)
    uart_event_handler                       0x00023405   Thumb Code   170  app_uart_fifo.o(i.uart_event_handler)
    i.uart_events_handler                    0x000234c4   Section        0  main.o(i.uart_events_handler)
    uart_events_handler                      0x000234c5   Thumb Code    56  main.o(i.uart_events_handler)
    i.uart_irq_handler                       0x0002350c   Section        0  nrf_drv_uart.o(i.uart_irq_handler)
    uart_irq_handler                         0x0002350d   Thumb Code   342  nrf_drv_uart.o(i.uart_irq_handler)
    i.uarte_irq_handler                      0x0002366c   Section        0  nrf_drv_uart.o(i.uarte_irq_handler)
    uarte_irq_handler                        0x0002366d   Thumb Code   286  nrf_drv_uart.o(i.uarte_irq_handler)
    i.uint16_encode                          0x00023798   Section        0  ble_advdata.o(i.uint16_encode)
    uint16_encode                            0x00023799   Thumb Code    12  ble_advdata.o(i.uint16_encode)
    i.update_operation_execute               0x000237a4   Section        0  pstorage.o(i.update_operation_execute)
    update_operation_execute                 0x000237a5   Thumb Code     8  pstorage.o(i.update_operation_execute)
    i.update_status_bit_reset                0x000237ac   Section        0  device_manager_peripheral.o(i.update_status_bit_reset)
    update_status_bit_reset                  0x000237ad   Thumb Code    16  device_manager_peripheral.o(i.update_status_bit_reset)
    i.update_timeout_handler                 0x000237c0   Section        0  ble_conn_params.o(i.update_timeout_handler)
    update_timeout_handler                   0x000237c1   Thumb Code   126  ble_conn_params.o(i.update_timeout_handler)
    i.user_id_get                            0x00023850   Section        0  app_timer.o(i.user_id_get)
    user_id_get                              0x00023851   Thumb Code    78  app_timer.o(i.user_id_get)
    i.user_op_alloc                          0x000238a8   Section        0  app_timer.o(i.user_op_alloc)
    user_op_alloc                            0x000238a9   Thumb Code    48  app_timer.o(i.user_op_alloc)
    i.user_op_enque                          0x000238d8   Section        0  app_timer.o(i.user_op_enque)
    user_op_enque                            0x000238d9   Thumb Code     4  app_timer.o(i.user_op_enque)
    i.uuid_list_encode                       0x000238dc   Section        0  ble_advdata.o(i.uuid_list_encode)
    uuid_list_encode                         0x000238dd   Thumb Code    78  ble_advdata.o(i.uuid_list_encode)
    i.uuid_list_sized_encode                 0x0002392a   Section        0  ble_advdata.o(i.uuid_list_sized_encode)
    uuid_list_sized_encode                   0x0002392b   Thumb Code   220  ble_advdata.o(i.uuid_list_sized_encode)
    i.whitelist_has_entries                  0x00023a06   Section        0  ble_advertising.o(i.whitelist_has_entries)
    whitelist_has_entries                    0x00023a07   Thumb Code    18  ble_advertising.o(i.whitelist_has_entries)
    .constdata                               0x00023a18   Section       20  main.o(.constdata)
    m_our_char_timer_id                      0x00023a18   Data           4  main.o(.constdata)
    .constdata                               0x00023a2c   Section       48  our_service.o(.constdata)
    .constdata                               0x00023a5c   Section       60  bsp.o(.constdata)
    m_leds_timer_id                          0x00023a5c   Data           4  bsp.o(.constdata)
    m_alert_timer_id                         0x00023a60   Data           4  bsp.o(.constdata)
    m_button_timer_id                        0x00023a64   Data           4  bsp.o(.constdata)
    m_buttons_list                           0x00023a68   Data          16  bsp.o(.constdata)
    app_buttons                              0x00023a78   Data          32  bsp.o(.constdata)
    .constdata                               0x00023a98   Section        4  ble_conn_params.o(.constdata)
    m_conn_params_timer_id                   0x00023a98   Data           4  ble_conn_params.o(.constdata)
    .constdata                               0x00023a9c   Section       52  device_manager_peripheral.o(.constdata)
    .constdata                               0x00023ad0   Section       32  nrf_drv_uart.o(.constdata)
    m_default_config                         0x00023ad0   Data          32  nrf_drv_uart.o(.constdata)
    .constdata                               0x00023af0   Section       40  pstorage.o(.constdata)
    swap_sub_state_sm_lut                    0x00023af0   Data          20  pstorage.o(.constdata)
    swap_sub_state_sm_lut                    0x00023b04   Data          20  pstorage.o(.constdata)
    .constdata                               0x00023b18   Section       32  app_uart_fifo.o(.constdata)
    .constdata                               0x00023b38   Section        8  app_button.o(.constdata)
    m_detection_delay_timer_id               0x00023b38   Data           4  app_button.o(.constdata)
    .conststring                             0x00023b40   Section       76  device_manager_peripheral.o(.conststring)
    .conststring                             0x00023b8c   Section       87  softdevice_handler.o(.conststring)
    .data                                    0x20002080   Section        6  main.o(.data)
    m_app_handle                             0x20002080   Data           1  main.o(.data)
    m_conn_handle                            0x20002082   Data           2  main.o(.data)
    Var                                      0x20002084   Data           1  main.o(.data)
    rx_buf                                   0x20002085   Data           1  main.o(.data)
    .data                                    0x20002088   Section       25  bsp.o(.data)
    m_stable_state                           0x20002088   Data           1  bsp.o(.data)
    m_app_ticks_per_100ms                    0x2000208c   Data           4  bsp.o(.data)
    m_indication_type                        0x20002090   Data           4  bsp.o(.data)
    m_alert_mask                             0x20002094   Data           4  bsp.o(.data)
    m_registered_callback                    0x20002098   Data           4  bsp.o(.data)
    current_long_push_pin_no                 0x2000209c   Data           1  bsp.o(.data)
    release_event_at_push                    0x2000209d   Data           4  bsp.o(.data)
    .data                                    0x200020a4   Section        8  bsp_btn_ble.o(.data)
    m_error_handler                          0x200020a4   Data           4  bsp_btn_ble.o(.data)
    m_num_connections                        0x200020a8   Data           4  bsp_btn_ble.o(.data)
    .data                                    0x200020ac   Section       32  ble_advertising.o(.data)
    m_advertising_start_pending              0x200020ac   Data           1  ble_advertising.o(.data)
    m_peer_address                           0x200020ad   Data           7  ble_advertising.o(.data)
    m_adv_evt                                0x200020b4   Data           1  ble_advertising.o(.data)
    m_evt_handler                            0x200020b8   Data           4  ble_advertising.o(.data)
    m_error_handler                          0x200020bc   Data           4  ble_advertising.o(.data)
    m_adv_mode_current                       0x200020c0   Data           1  ble_advertising.o(.data)
    m_whitelist_temporarily_disabled         0x200020c1   Data           1  ble_advertising.o(.data)
    m_whitelist_reply_expected               0x200020c2   Data           1  ble_advertising.o(.data)
    m_peer_addr_reply_expected               0x200020c3   Data           1  ble_advertising.o(.data)
    m_slave_conn_int                         0x200020c4   Data           4  ble_advertising.o(.data)
    m_tx_power_level                         0x200020c8   Data           1  ble_advertising.o(.data)
    current_slave_link_conn_handle           0x200020ca   Data           2  ble_advertising.o(.data)
    .data                                    0x200020cc   Section       21  ble_conn_params.o(.data)
    m_preferred_conn_params                  0x200020cc   Data           8  ble_conn_params.o(.data)
    m_update_count                           0x200020d4   Data           1  ble_conn_params.o(.data)
    m_conn_handle                            0x200020d6   Data           2  ble_conn_params.o(.data)
    m_current_conn_params                    0x200020d8   Data           8  ble_conn_params.o(.data)
    m_change_param                           0x200020e0   Data           1  ble_conn_params.o(.data)
    .data                                    0x200020e4   Section       20  device_manager_peripheral.o(.data)
    m_storage_handle                         0x200020e4   Data           8  device_manager_peripheral.o(.data)
    m_peer_addr_update                       0x200020ec   Data           4  device_manager_peripheral.o(.data)
    m_module_initialized                     0x200020f0   Data           1  device_manager_peripheral.o(.data)
    m_irk_index_table                        0x200020f1   Data           7  device_manager_peripheral.o(.data)
    .data                                    0x200020f8   Section       40  pstorage.o(.data)
    m_next_app_instance                      0x200020f8   Data           2  pstorage.o(.data)
    m_next_page_addr                         0x200020fc   Data           4  pstorage.o(.data)
    m_state                                  0x20002100   Data           1  pstorage.o(.data)
    m_swap_sub_state                         0x20002101   Data           1  pstorage.o(.data)
    m_head_word_size                         0x20002104   Data           4  pstorage.o(.data)
    m_tail_word_size                         0x20002108   Data           4  pstorage.o(.data)
    m_current_page_id                        0x2000210c   Data           4  pstorage.o(.data)
    m_num_of_command_retries                 0x20002110   Data           4  pstorage.o(.data)
    m_num_of_bytes_written                   0x20002114   Data           4  pstorage.o(.data)
    m_app_data_size                          0x20002118   Data           4  pstorage.o(.data)
    m_flags                                  0x2000211c   Data           4  pstorage.o(.data)
    .data                                    0x20002120   Section        6  app_uart_fifo.o(.data)
    m_event_handler                          0x20002120   Data           4  app_uart_fifo.o(.data)
    tx_buffer                                0x20002124   Data           1  app_uart_fifo.o(.data)
    rx_buffer                                0x20002125   Data           1  app_uart_fifo.o(.data)
    .data                                    0x20002128   Section       20  app_button.o(.data)
    mp_buttons                               0x20002128   Data           4  app_button.o(.data)
    m_button_count                           0x2000212c   Data           1  app_button.o(.data)
    m_detection_delay                        0x20002130   Data           4  app_button.o(.data)
    m_pin_state                              0x20002134   Data           4  app_button.o(.data)
    m_pin_transition                         0x20002138   Data           4  app_button.o(.data)
    .data                                    0x2000213c   Section       34  app_timer.o(.data)
    m_user_array_size                        0x2000213c   Data           1  app_timer.o(.data)
    mp_users                                 0x20002140   Data           4  app_timer.o(.data)
    mp_timer_id_head                         0x20002144   Data           4  app_timer.o(.data)
    m_ticks_latest                           0x20002148   Data           4  app_timer.o(.data)
    m_ticks_elapsed                          0x2000214c   Data           8  app_timer.o(.data)
    m_ticks_elapsed_q_read_ind               0x20002154   Data           1  app_timer.o(.data)
    m_ticks_elapsed_q_write_ind              0x20002155   Data           1  app_timer.o(.data)
    m_evt_schedule_func                      0x20002158   Data           4  app_timer.o(.data)
    m_rtc1_running                           0x2000215c   Data           1  app_timer.o(.data)
    m_rtc1_reset                             0x2000215d   Data           1  app_timer.o(.data)
    .data                                    0x20002160   Section        8  retarget.o(.data)
    .data                                    0x20002168   Section       24  softdevice_handler.o(.data)
    m_evt_schedule_func                      0x20002168   Data           4  softdevice_handler.o(.data)
    m_softdevice_enabled                     0x2000216c   Data           1  softdevice_handler.o(.data)
    mp_ble_evt_buffer                        0x20002170   Data           4  softdevice_handler.o(.data)
    m_ble_evt_buffer_size                    0x20002174   Data           2  softdevice_handler.o(.data)
    m_ble_evt_handler                        0x20002178   Data           4  softdevice_handler.o(.data)
    m_sys_evt_handler                        0x2000217c   Data           4  softdevice_handler.o(.data)
    .data                                    0x20002180   Section        4  system_nrf52.o(.data)
    __tagsym$$used                           0x20002180   Number         0  system_nrf52.o(.data)
    .bss                                     0x20002184   Section      828  main.o(.bss)
    m_our_char_timer_id_data                 0x20002190   Data          32  main.o(.bss)
    APP_TIMER_BUF                            0x200021b0   Data         456  main.o(.bss)
    BLE_EVT_BUFFER                           0x20002378   Data          72  main.o(.bss)
    tx_buf                                   0x200023c0   Data         256  main.o(.bss)
    .bss                                     0x200024c0   Section      108  bsp.o(.bss)
    m_leds_timer_id_data                     0x200024c0   Data          32  bsp.o(.bss)
    m_alert_timer_id_data                    0x200024e0   Data          32  bsp.o(.bss)
    m_events_list                            0x20002500   Data          12  bsp.o(.bss)
    m_button_timer_id_data                   0x2000250c   Data          32  bsp.o(.bss)
    .bss                                     0x2000252c   Section      259  ble_advertising.o(.bss)
    m_advdata                                0x2000252c   Data          56  ble_advertising.o(.bss)
    m_adv_modes_config                       0x20002564   Data          36  ble_advertising.o(.bss)
    m_whitelist                              0x20002588   Data          16  ble_advertising.o(.bss)
    mp_whitelist_addr                        0x20002598   Data          32  ble_advertising.o(.bss)
    mp_whitelist_irk                         0x200025b8   Data          32  ble_advertising.o(.bss)
    m_manuf_specific_data                    0x200025d8   Data          12  ble_advertising.o(.bss)
    m_manuf_data_array                       0x200025e4   Data          31  ble_advertising.o(.bss)
    m_service_data                           0x20002604   Data          12  ble_advertising.o(.bss)
    m_service_data_array                     0x20002610   Data          31  ble_advertising.o(.bss)
    .bss                                     0x20002630   Section       60  ble_conn_params.o(.bss)
    m_conn_params_config                     0x20002630   Data          28  ble_conn_params.o(.bss)
    m_conn_params_timer_id_data              0x2000264c   Data          32  ble_conn_params.o(.bss)
    .bss                                     0x2000266c   Section      335  device_manager_peripheral.o(.bss)
    m_app_context_table                      0x2000266c   Data          28  device_manager_peripheral.o(.bss)
    m_peer_table                             0x20002688   Data         196  device_manager_peripheral.o(.bss)
    m_bond_table                             0x2000274c   Data          28  device_manager_peripheral.o(.bss)
    m_gatts_table                            0x20002768   Data          36  device_manager_peripheral.o(.bss)
    m_connection_table                       0x2000278c   Data          12  device_manager_peripheral.o(.bss)
    m_application_table                      0x20002798   Data          12  device_manager_peripheral.o(.bss)
    m_local_id_info                          0x200027a4   Data          23  device_manager_peripheral.o(.bss)
    .bss                                     0x200027bc   Section       88  nrf_drv_gpiote.o(.bss)
    m_cb                                     0x200027bc   Data          88  nrf_drv_gpiote.o(.bss)
    .bss                                     0x20002814   Section       32  nrf_drv_uart.o(.bss)
    m_cb                                     0x20002814   Data          32  nrf_drv_uart.o(.bss)
    .bss                                     0x20002834   Section      228  pstorage.o(.bss)
    m_cmd_queue                              0x20002834   Data         204  pstorage.o(.bss)
    m_app_table                              0x20002900   Data          24  pstorage.o(.bss)
    .bss                                     0x20002918   Section       32  app_uart_fifo.o(.bss)
    m_rx_fifo                                0x20002918   Data          16  app_uart_fifo.o(.bss)
    m_tx_fifo                                0x20002928   Data          16  app_uart_fifo.o(.bss)
    .bss                                     0x20002938   Section       32  app_button.o(.bss)
    m_detection_delay_timer_id_data          0x20002938   Data          32  app_button.o(.bss)
    .bss                                     0x20002958   Section       32  app_error.o(.bss)
    m_error_data                             0x20002958   Data          32  app_error.o(.bss)
    .bss                                     0x20002978   Section       88  fstorage.o(.bss)
    m_queue                                  0x20002978   Data          88  fstorage.o(.bss)
    .bss                                     0x200029d0   Section       12  softdevice_handler.o(.bss)
    STACK                                    0x200029e0   Section     8192  arm_startup_nrf52.o(STACK)

    Global Symbols

    Symbol Name                              Value     Ov Type        Size  Object(Section)

    BuildAttributes$$THM_ISAv4$E$P$D$K$B$S$7EM$VFPi3$EXTD16$VFPS$VFMA$PE$A:L22UL41UL21$X:L11$S22US41US21$IEEE1$IW$USESV6$~STKCKD$USESV7$~SHL$OSPACE$ROPI$EBA8$MICROLIB$REQ8$PRES8$EABIv2 0x00000000   Number         0  anon$$obj.o ABSOLUTE
    __ARM_use_no_argv                        0x00000000   Number         0  main.o ABSOLUTE
    _printf_a                                0x00000000   Number         0  stubs.o ABSOLUTE
    _printf_c                                0x00000000   Number         0  stubs.o ABSOLUTE
    _printf_charcount                        0x00000000   Number         0  stubs.o ABSOLUTE
    _printf_d                                0x00000000   Number         0  stubs.o ABSOLUTE
    _printf_e                                0x00000000   Number         0  stubs.o ABSOLUTE
    _printf_f                                0x00000000   Number         0  stubs.o ABSOLUTE
    _printf_flags                            0x00000000   Number         0  stubs.o ABSOLUTE
    _printf_fp_dec                           0x00000000   Number         0  stubs.o ABSOLUTE
    _printf_fp_hex                           0x00000000   Number         0  stubs.o ABSOLUTE
    _printf_g                                0x00000000   Number         0  stubs.o ABSOLUTE
    _printf_i                                0x00000000   Number         0  stubs.o ABSOLUTE
    _printf_int_dec                          0x00000000   Number         0  stubs.o ABSOLUTE
    _printf_l                                0x00000000   Number         0  stubs.o ABSOLUTE
    _printf_lc                               0x00000000   Number         0  stubs.o ABSOLUTE
    _printf_ll                               0x00000000   Number         0  stubs.o ABSOLUTE
    _printf_lld                              0x00000000   Number         0  stubs.o ABSOLUTE
    _printf_lli                              0x00000000   Number         0  stubs.o ABSOLUTE
    _printf_llo                              0x00000000   Number         0  stubs.o ABSOLUTE
    _printf_llu                              0x00000000   Number         0  stubs.o ABSOLUTE
    _printf_llx                              0x00000000   Number         0  stubs.o ABSOLUTE
    _printf_longlong_dec                     0x00000000   Number         0  stubs.o ABSOLUTE
    _printf_longlong_hex                     0x00000000   Number         0  stubs.o ABSOLUTE
    _printf_longlong_oct                     0x00000000   Number         0  stubs.o ABSOLUTE
    _printf_ls                               0x00000000   Number         0  stubs.o ABSOLUTE
    _printf_mbtowc                           0x00000000   Number         0  stubs.o ABSOLUTE
    _printf_n                                0x00000000   Number         0  stubs.o ABSOLUTE
    _printf_o                                0x00000000   Number         0  stubs.o ABSOLUTE
    _printf_p                                0x00000000   Number         0  stubs.o ABSOLUTE
    _printf_percent                          0x00000000   Number         0  stubs.o ABSOLUTE
    _printf_pre_padding                      0x00000000   Number         0  stubs.o ABSOLUTE
    _printf_return_value                     0x00000000   Number         0  stubs.o ABSOLUTE
    _printf_s                                0x00000000   Number         0  stubs.o ABSOLUTE
    _printf_sizespec                         0x00000000   Number         0  stubs.o ABSOLUTE
    _printf_str                              0x00000000   Number         0  stubs.o ABSOLUTE
    _printf_truncate_signed                  0x00000000   Number         0  stubs.o ABSOLUTE
    _printf_truncate_unsigned                0x00000000   Number         0  stubs.o ABSOLUTE
    _printf_u                                0x00000000   Number         0  stubs.o ABSOLUTE
    _printf_wc                               0x00000000   Number         0  stubs.o ABSOLUTE
    _printf_wctomb                           0x00000000   Number         0  stubs.o ABSOLUTE
    _printf_widthprec                        0x00000000   Number         0  stubs.o ABSOLUTE
    _printf_x                                0x00000000   Number         0  stubs.o ABSOLUTE
    __cpp_initialize__aeabi_                  - Undefined Weak Reference
    __cxa_finalize                            - Undefined Weak Reference
    __decompress                              - Undefined Weak Reference
    _clock_init                               - Undefined Weak Reference
    _microlib_exit                            - Undefined Weak Reference
    fs_data$$Base                             - Undefined Reference
    fs_data$$Limit                            - Undefined Reference
    __Vectors_Size                           0x00000200   Number         0  arm_startup_nrf52.o ABSOLUTE
    __Vectors                                0x0001c000   Data           4  arm_startup_nrf52.o(RESET)
    __Vectors_End                            0x0001c200   Data           0  arm_startup_nrf52.o(RESET)
    __main                                   0x0001c201   Thumb Code     0  entry.o(.ARM.Collect$$$$00000000)
    _main_stk                                0x0001c201   Thumb Code     0  entry2.o(.ARM.Collect$$$$00000001)
    _main_scatterload                        0x0001c205   Thumb Code     0  entry5.o(.ARM.Collect$$$$00000004)
    __main_after_scatterload                 0x0001c209   Thumb Code     0  entry5.o(.ARM.Collect$$$$00000004)
    _main_clock                              0x0001c209   Thumb Code     0  entry7b.o(.ARM.Collect$$$$00000008)
    _main_cpp_init                           0x0001c209   Thumb Code     0  entry8b.o(.ARM.Collect$$$$0000000A)
    _main_init                               0x0001c209   Thumb Code     0  entry9a.o(.ARM.Collect$$$$0000000B)
    __rt_final_cpp                           0x0001c211   Thumb Code     0  entry10a.o(.ARM.Collect$$$$0000000D)
    __rt_final_exit                          0x0001c211   Thumb Code     0  entry11a.o(.ARM.Collect$$$$0000000F)
    __asm___11_app_timer_c_cd27f9c3__nrf_delay_us 0x0001c215   Thumb Code   118  app_timer.o(.emb_text)
    Reset_Handler                            0x0001c28d   Thumb Code     8  arm_startup_nrf52.o(.text)
    NMI_Handler                              0x0001c295   Thumb Code     2  arm_startup_nrf52.o(.text)
    HardFault_Handler                        0x0001c297   Thumb Code     2  arm_startup_nrf52.o(.text)
    MemoryManagement_Handler                 0x0001c299   Thumb Code     2  arm_startup_nrf52.o(.text)
    BusFault_Handler                         0x0001c29b   Thumb Code     2  arm_startup_nrf52.o(.text)
    UsageFault_Handler                       0x0001c29d   Thumb Code     2  arm_startup_nrf52.o(.text)
    SVC_Handler                              0x0001c29f   Thumb Code     2  arm_startup_nrf52.o(.text)
    DebugMon_Handler                         0x0001c2a1   Thumb Code     2  arm_startup_nrf52.o(.text)
    PendSV_Handler                           0x0001c2a3   Thumb Code     2  arm_startup_nrf52.o(.text)
    SysTick_Handler                          0x0001c2a5   Thumb Code     2  arm_startup_nrf52.o(.text)
    CCM_AAR_IRQHandler                       0x0001c2a7   Thumb Code     0  arm_startup_nrf52.o(.text)
    COMP_LPCOMP_IRQHandler                   0x0001c2a7   Thumb Code     0  arm_startup_nrf52.o(.text)
    ECB_IRQHandler                           0x0001c2a7   Thumb Code     0  arm_startup_nrf52.o(.text)
    FPU_IRQHandler                           0x0001c2a7   Thumb Code     0  arm_startup_nrf52.o(.text)
    I2S_IRQHandler                           0x0001c2a7   Thumb Code     0  arm_startup_nrf52.o(.text)
    MWU_IRQHandler                           0x0001c2a7   Thumb Code     0  arm_startup_nrf52.o(.text)
    NFCT_IRQHandler                          0x0001c2a7   Thumb Code     0  arm_startup_nrf52.o(.text)
    PDM_IRQHandler                           0x0001c2a7   Thumb Code     0  arm_startup_nrf52.o(.text)
    POWER_CLOCK_IRQHandler                   0x0001c2a7   Thumb Code     0  arm_startup_nrf52.o(.text)
    PWM0_IRQHandler                          0x0001c2a7   Thumb Code     0  arm_startup_nrf52.o(.text)
    PWM1_IRQHandler                          0x0001c2a7   Thumb Code     0  arm_startup_nrf52.o(.text)
    PWM2_IRQHandler                          0x0001c2a7   Thumb Code     0  arm_startup_nrf52.o(.text)
    QDEC_IRQHandler                          0x0001c2a7   Thumb Code     0  arm_startup_nrf52.o(.text)
    RADIO_IRQHandler                         0x0001c2a7   Thumb Code     0  arm_startup_nrf52.o(.text)
    RNG_IRQHandler                           0x0001c2a7   Thumb Code     0  arm_startup_nrf52.o(.text)
    RTC0_IRQHandler                          0x0001c2a7   Thumb Code     0  arm_startup_nrf52.o(.text)
    RTC2_IRQHandler                          0x0001c2a7   Thumb Code     0  arm_startup_nrf52.o(.text)
    SAADC_IRQHandler                         0x0001c2a7   Thumb Code     0  arm_startup_nrf52.o(.text)
    SPIM0_SPIS0_TWIM0_TWIS0_SPI0_TWI0_IRQHandler 0x0001c2a7   Thumb Code     0  arm_startup_nrf52.o(.text)
    SPIM1_SPIS1_TWIM1_TWIS1_SPI1_TWI1_IRQHandler 0x0001c2a7   Thumb Code     0  arm_startup_nrf52.o(.text)
    SPIM2_SPIS2_SPI2_IRQHandler              0x0001c2a7   Thumb Code     0  arm_startup_nrf52.o(.text)
    SWI1_EGU1_IRQHandler                     0x0001c2a7   Thumb Code     0  arm_startup_nrf52.o(.text)
    SWI3_EGU3_IRQHandler                     0x0001c2a7   Thumb Code     0  arm_startup_nrf52.o(.text)
    SWI4_EGU4_IRQHandler                     0x0001c2a7   Thumb Code     0  arm_startup_nrf52.o(.text)
    SWI5_EGU5_IRQHandler                     0x0001c2a7   Thumb Code     0  arm_startup_nrf52.o(.text)
    TEMP_IRQHandler                          0x0001c2a7   Thumb Code     0  arm_startup_nrf52.o(.text)
    TIMER0_IRQHandler                        0x0001c2a7   Thumb Code     0  arm_startup_nrf52.o(.text)
    TIMER1_IRQHandler                        0x0001c2a7   Thumb Code     0  arm_startup_nrf52.o(.text)
    TIMER2_IRQHandler                        0x0001c2a7   Thumb Code     0  arm_startup_nrf52.o(.text)
    TIMER3_IRQHandler                        0x0001c2a7   Thumb Code     0  arm_startup_nrf52.o(.text)
    TIMER4_IRQHandler                        0x0001c2a7   Thumb Code     0  arm_startup_nrf52.o(.text)
    WDT_IRQHandler                           0x0001c2a7   Thumb Code     0  arm_startup_nrf52.o(.text)
    __aeabi_memcpy                           0x0001c2b1   Thumb Code    36  memcpya.o(.text)
    __aeabi_memcpy4                          0x0001c2b1   Thumb Code     0  memcpya.o(.text)
    __aeabi_memcpy8                          0x0001c2b1   Thumb Code     0  memcpya.o(.text)
    __aeabi_memset                           0x0001c2d5   Thumb Code    14  memseta.o(.text)
    __aeabi_memset4                          0x0001c2d5   Thumb Code     0  memseta.o(.text)
    __aeabi_memset8                          0x0001c2d5   Thumb Code     0  memseta.o(.text)
    __aeabi_memclr                           0x0001c2e3   Thumb Code     4  memseta.o(.text)
    __aeabi_memclr4                          0x0001c2e3   Thumb Code     0  memseta.o(.text)
    __aeabi_memclr8                          0x0001c2e3   Thumb Code     0  memseta.o(.text)
    _memset$wrapper                          0x0001c2e7   Thumb Code    18  memseta.o(.text)
    memcmp                                   0x0001c2f9   Thumb Code    26  memcmp.o(.text)
    __aeabi_uldivmod                         0x0001c313   Thumb Code    98  uldiv.o(.text)
    __scatterload                            0x0001c375   Thumb Code    28  init.o(.text)
    __scatterload_rt2                        0x0001c375   Thumb Code     0  init.o(.text)
    __aeabi_llsl                             0x0001c399   Thumb Code    30  llshl.o(.text)
    _ll_shift_l                              0x0001c399   Thumb Code     0  llshl.o(.text)
    __aeabi_llsr                             0x0001c3b7   Thumb Code    32  llushr.o(.text)
    _ll_ushift_r                             0x0001c3b7   Thumb Code     0  llushr.o(.text)
    GPIOTE_IRQHandler                        0x0001c3d9   Thumb Code   420  nrf_drv_gpiote.o(i.GPIOTE_IRQHandler)
    RTC1_IRQHandler                          0x0001c601   Thumb Code    44  app_timer.o(i.RTC1_IRQHandler)
    SWI0_EGU0_IRQHandler                     0x0001c635   Thumb Code     8  app_timer.o(i.SWI0_EGU0_IRQHandler)
    SWI2_EGU2_IRQHandler                     0x0001c63d   Thumb Code    48  softdevice_handler.o(i.SWI2_EGU2_IRQHandler)
    SystemCoreClockUpdate                    0x0001c675   Thumb Code     8  system_nrf52.o(i.SystemCoreClockUpdate)
    SystemInit                               0x0001c685   Thumb Code   554  system_nrf52.o(i.SystemInit)
    UARTE0_UART0_IRQHandler                  0x0001c8ed   Thumb Code    20  nrf_drv_uart.o(i.UARTE0_UART0_IRQHandler)
    __0printf$8                              0x0001c905   Thumb Code    22  printf8.o(i.__0printf$8)
    __1printf$8                              0x0001c905   Thumb Code     0  printf8.o(i.__0printf$8)
    __2printf                                0x0001c905   Thumb Code     0  printf8.o(i.__0printf$8)
    __scatterload_copy                       0x0001c925   Thumb Code    14  handlers.o(i.__scatterload_copy)
    __scatterload_null                       0x0001c933   Thumb Code     2  handlers.o(i.__scatterload_null)
    __scatterload_zeroinit                   0x0001c935   Thumb Code    14  handlers.o(i.__scatterload_zeroinit)
    adv_data_encode                          0x0001cda7   Thumb Code   454  ble_advdata.o(i.adv_data_encode)
    app_button_enable                        0x0001d06d   Thumb Code    34  app_button.o(i.app_button_enable)
    app_button_init                          0x0001d099   Thumb Code   132  app_button.o(i.app_button_init)
    app_error_fault_handler                  0x0001d141   Thumb Code    26  app_error_weak.o(i.app_error_fault_handler)
    app_error_handler                        0x0001d15b   Thumb Code    32  app_error.o(i.app_error_handler)
    app_error_save_and_stop                  0x0001d17d   Thumb Code   132  app_error.o(i.app_error_save_and_stop)
    app_fifo_get                             0x0001d225   Thumb Code    30  app_fifo.o(i.app_fifo_get)
    app_fifo_init                            0x0001d243   Thumb Code    36  app_fifo.o(i.app_fifo_init)
    app_fifo_put                             0x0001d267   Thumb Code    34  app_fifo.o(i.app_fifo_put)
    app_timer_create                         0x0001d2e1   Thumb Code    56  app_timer.o(i.app_timer_create)
    app_timer_init                           0x0001d31d   Thumb Code   154  app_timer.o(i.app_timer_init)
    app_timer_start                          0x0001d3d5   Thumb Code    84  app_timer.o(i.app_timer_start)
    app_timer_stop                           0x0001d42d   Thumb Code    48  app_timer.o(i.app_timer_stop)
    app_uart_init                            0x0001d461   Thumb Code   178  app_uart_fifo.o(i.app_uart_init)
    app_uart_put                             0x0001d52d   Thumb Code    46  app_uart_fifo.o(i.app_uart_put)
    ble_advdata_set                          0x0001d675   Thumb Code   148  ble_advdata.o(i.ble_advdata_set)
    ble_advertising_init                     0x0001d709   Thumb Code   324  ble_advertising.o(i.ble_advertising_init)
    ble_advertising_on_ble_evt               0x0001d885   Thumb Code   224  ble_advertising.o(i.ble_advertising_on_ble_evt)
    ble_advertising_on_sys_evt               0x0001d97d   Thumb Code    64  ble_advertising.o(i.ble_advertising_on_sys_evt)
    ble_advertising_restart_without_whitelist 0x0001d9d9   Thumb Code    98  ble_advertising.o(i.ble_advertising_restart_without_whitelist)
    ble_advertising_start                    0x0001da51   Thumb Code   604  ble_advertising.o(i.ble_advertising_start)
    ble_conn_params_init                     0x0001dcd9   Thumb Code    84  ble_conn_params.o(i.ble_conn_params_init)
    ble_conn_params_on_ble_evt               0x0001dd49   Thumb Code    62  ble_conn_params.o(i.ble_conn_params_on_ble_evt)
    ble_our_service_on_ble_evt               0x0001de2d   Thumb Code    50  our_service.o(i.ble_our_service_on_ble_evt)
    bond_data_load                           0x0001df6d   Thumb Code    64  device_manager_peripheral.o(i.bond_data_load)
    bsp_btn_ble_init                         0x0001dfbd   Thumb Code    48  bsp_btn_ble.o(i.bsp_btn_ble_init)
    bsp_btn_ble_on_ble_evt                   0x0001dff5   Thumb Code   110  bsp_btn_ble.o(i.bsp_btn_ble_on_ble_evt)
    bsp_btn_ble_sleep_mode_prepare           0x0001e06d   Thumb Code    28  bsp_btn_ble.o(i.bsp_btn_ble_sleep_mode_prepare)
    bsp_button_is_pressed                    0x0001e165   Thumb Code    46  bsp.o(i.bsp_button_is_pressed)
    bsp_event_handler                        0x0001e19d   Thumb Code   104  main.o(i.bsp_event_handler)
    bsp_event_to_button_action_assign        0x0001e219   Thumb Code    86  bsp.o(i.bsp_event_to_button_action_assign)
    bsp_indication_set                       0x0001e275   Thumb Code    28  bsp.o(i.bsp_indication_set)
    bsp_init                                 0x0001e295   Thumb Code   164  bsp.o(i.bsp_init)
    bsp_wakeup_buttons_set                   0x0001e901   Thumb Code    70  bsp.o(i.bsp_wakeup_buttons_set)
    dm_ble_evt_handler                       0x0001f4f5   Thumb Code  1696  device_manager_peripheral.o(i.dm_ble_evt_handler)
    dm_handle_initialize                     0x0001fbad   Thumb Code    24  device_manager_peripheral.o(i.dm_handle_initialize)
    dm_init                                  0x0001fbc5   Thumb Code   234  device_manager_peripheral.o(i.dm_init)
    dm_register                              0x0001ff29   Thumb Code   166  device_manager_peripheral.o(i.dm_register)
    fputc                                    0x0002049d   Thumb Code    16  retarget.o(i.fputc)
    fs_queued_op_count_get                   0x000204ad   Thumb Code    18  fstorage.o(i.fs_queued_op_count_get)
    intern_softdevice_events_execute         0x000208e9   Thumb Code   150  softdevice_handler.o(i.intern_softdevice_events_execute)
    main                                     0x00020ca5   Thumb Code    94  main.o(i.main)
    nrf_drv_common_irq_enable                0x00020eb5   Thumb Code    84  nrf_drv_common.o(i.nrf_drv_common_irq_enable)
    nrf_drv_gpiote_in_event_enable           0x00020f15   Thumb Code   170  nrf_drv_gpiote.o(i.nrf_drv_gpiote_in_event_enable)
    nrf_drv_gpiote_in_init                   0x00020fcd   Thumb Code   198  nrf_drv_gpiote.o(i.nrf_drv_gpiote_in_init)
    nrf_drv_gpiote_in_is_set                 0x000210a5   Thumb Code    24  nrf_drv_gpiote.o(i.nrf_drv_gpiote_in_is_set)
    nrf_drv_gpiote_init                      0x000210c1   Thumb Code    78  nrf_drv_gpiote.o(i.nrf_drv_gpiote_init)
    nrf_drv_gpiote_is_init                   0x00021115   Thumb Code    16  nrf_drv_gpiote.o(i.nrf_drv_gpiote_is_init)
    nrf_drv_uart_init                        0x00021129   Thumb Code   202  nrf_drv_uart.o(i.nrf_drv_uart_init)
    nrf_drv_uart_rx                          0x0002120d   Thumb Code   168  nrf_drv_uart.o(i.nrf_drv_uart_rx)
    nrf_drv_uart_rx_enable                   0x000212bd   Thumb Code    26  nrf_drv_uart.o(i.nrf_drv_uart_rx_enable)
    nrf_drv_uart_tx                          0x00021445   Thumb Code    66  nrf_drv_uart.o(i.nrf_drv_uart_tx)
    nrf_drv_uart_tx_in_progress              0x00021589   Thumb Code    14  nrf_drv_uart.o(i.nrf_drv_uart_tx_in_progress)
    our_service_init                         0x00021de5   Thumb Code   106  our_service.o(i.our_service_init)
    our_termperature_characteristic_update   0x00021e6d   Thumb Code    68  our_service.o(i.our_termperature_characteristic_update)
    pstorage_access_status_get               0x00021fbd   Thumb Code    36  pstorage.o(i.pstorage_access_status_get)
    pstorage_block_identifier_get            0x00021fe9   Thumb Code   154  pstorage.o(i.pstorage_block_identifier_get)
    pstorage_clear                           0x0002208d   Thumb Code   280  pstorage.o(i.pstorage_clear)
    pstorage_init                            0x000221d5   Thumb Code   110  pstorage.o(i.pstorage_init)
    pstorage_load                            0x00022265   Thumb Code   236  pstorage.o(i.pstorage_load)
    pstorage_register                        0x00022359   Thumb Code   256  pstorage.o(i.pstorage_register)
    pstorage_store                           0x00022469   Thumb Code   212  pstorage.o(i.pstorage_store)
    pstorage_sys_event_handler               0x00022545   Thumb Code    62  pstorage.o(i.pstorage_sys_event_handler)
    pstorage_update                          0x0002258d   Thumb Code   212  pstorage.o(i.pstorage_update)
    sd_check_ram_start                       0x000227c5   Thumb Code    22  softdevice_handler.o(i.sd_check_ram_start)
    softdevice_ble_evt_handler_set           0x00022a0d   Thumb Code    20  softdevice_handler.o(i.softdevice_ble_evt_handler_set)
    softdevice_enable                        0x00022a25   Thumb Code    24  softdevice_handler.o(i.softdevice_enable)
    softdevice_enable_get_default_config     0x00022a41   Thumb Code    44  softdevice_handler.o(i.softdevice_enable_get_default_config)
    softdevice_fault_handler                 0x00022a6d   Thumb Code    20  softdevice_handler.o(i.softdevice_fault_handler)
    softdevice_handler_init                  0x00022a81   Thumb Code    80  softdevice_handler.o(i.softdevice_handler_init)
    softdevice_sys_evt_handler_set           0x00022ae5   Thumb Code    20  softdevice_handler.o(i.softdevice_sys_evt_handler_set)
    m_service_context_store                  0x00023a9c   Data          16  device_manager_peripheral.o(.constdata)
    m_service_context_load                   0x00023aac   Data          16  device_manager_peripheral.o(.constdata)
    m_service_context_apply                  0x00023abc   Data          16  device_manager_peripheral.o(.constdata)
    m_context_init_len                       0x00023acc   Data           4  device_manager_peripheral.o(.constdata)
    Region$$Table$$Base                      0x00023be4   Number         0  anon$$obj.o(Region$$Table)
    Region$$Table$$Limit                     0x00023c04   Number         0  anon$$obj.o(Region$$Table)
    Image$$RW_IRAM1$$Base                    0x20002080   Number         0  anon$$obj.o ABSOLUTE
    __stdout                                 0x20002160   Data           4  retarget.o(.data)
    __stdin                                  0x20002164   Data           4  retarget.o(.data)
    SystemCoreClock                          0x20002180   Data           4  system_nrf52.o(.data)
    m_our_service                            0x20002184   Data          12  main.o(.bss)
    nrf_nvic_state                           0x200029d0   Data          12  softdevice_handler.o(.bss)
    __initial_sp                             0x200049e0   Data           0  arm_startup_nrf52.o(STACK)



==============================================================================

Memory Map of the image

  Image Entry point : 0x0001c201

  Load Region LR_IROM1 (Base: 0x0001c000, Size: 0x00007d08, Max: 0x00064000, ABSOLUTE)

    Execution Region ER_IROM1 (Base: 0x0001c000, Size: 0x00007c04, Max: 0x00064000, ABSOLUTE)

    Base Addr    Size         Type   Attr      Idx    E Section Name        Object

    0x0001c000   0x00000200   Data   RO         3121    RESET               arm_startup_nrf52.o
    0x0001c200   0x00000000   Code   RO         3211  * .ARM.Collect$$$$00000000  mc_w.l(entry.o)
    0x0001c200   0x00000004   Code   RO         3485    .ARM.Collect$$$$00000001  mc_w.l(entry2.o)
    0x0001c204   0x00000004   Code   RO         3488    .ARM.Collect$$$$00000004  mc_w.l(entry5.o)
    0x0001c208   0x00000000   Code   RO         3490    .ARM.Collect$$$$00000008  mc_w.l(entry7b.o)
    0x0001c208   0x00000000   Code   RO         3492    .ARM.Collect$$$$0000000A  mc_w.l(entry8b.o)
    0x0001c208   0x00000008   Code   RO         3493    .ARM.Collect$$$$0000000B  mc_w.l(entry9a.o)
    0x0001c210   0x00000000   Code   RO         3495    .ARM.Collect$$$$0000000D  mc_w.l(entry10a.o)
    0x0001c210   0x00000000   Code   RO         3497    .ARM.Collect$$$$0000000F  mc_w.l(entry11a.o)
    0x0001c210   0x00000004   Code   RO         3486    .ARM.Collect$$$$00002712  mc_w.l(entry2.o)
    0x0001c214   0x00000076   Code   RO         2512    .emb_text           app_timer.o
    0x0001c28a   0x00000002   PAD
    0x0001c28c   0x00000024   Code   RO         3122    .text               arm_startup_nrf52.o
    0x0001c2b0   0x00000024   Code   RO         3214    .text               mc_w.l(memcpya.o)
    0x0001c2d4   0x00000024   Code   RO         3216    .text               mc_w.l(memseta.o)
    0x0001c2f8   0x0000001a   Code   RO         3220    .text               mc_w.l(memcmp.o)
    0x0001c312   0x00000062   Code   RO         3501    .text               mc_w.l(uldiv.o)
    0x0001c374   0x00000024   Code   RO         3514    .text               mc_w.l(init.o)
    0x0001c398   0x0000001e   Code   RO         3516    .text               mc_w.l(llshl.o)
    0x0001c3b6   0x00000020   Code   RO         3518    .text               mc_w.l(llushr.o)
    0x0001c3d6   0x00000002   PAD
    0x0001c3d8   0x000001b8   Code   RO         1364    i.GPIOTE_IRQHandler  nrf_drv_gpiote.o
    0x0001c590   0x00000018   Code   RO         2513    i.NVIC_ClearPendingIRQ  app_timer.o
    0x0001c5a8   0x00000016   Code   RO         2514    i.NVIC_EnableIRQ    app_timer.o
    0x0001c5be   0x00000002   PAD
    0x0001c5c0   0x00000018   Code   RO         2515    i.NVIC_SetPendingIRQ  app_timer.o
    0x0001c5d8   0x00000028   Code   RO         2516    i.NVIC_SetPriority  app_timer.o
    0x0001c600   0x00000034   Code   RO         2517    i.RTC1_IRQHandler   app_timer.o
    0x0001c634   0x00000008   Code   RO         2518    i.SWI0_EGU0_IRQHandler  app_timer.o
    0x0001c63c   0x00000038   Code   RO         3011    i.SWI2_EGU2_IRQHandler  softdevice_handler.o
    0x0001c674   0x00000010   Code   RO         3129    i.SystemCoreClockUpdate  system_nrf52.o
    0x0001c684   0x00000268   Code   RO         3130    i.SystemInit        system_nrf52.o
    0x0001c8ec   0x00000018   Code   RO         1603    i.UARTE0_UART0_IRQHandler  nrf_drv_uart.o
    0x0001c904   0x00000020   Code   RO         3431    i.__0printf$8       mc_w.l(printf8.o)
    0x0001c924   0x0000000e   Code   RO         3526    i.__scatterload_copy  mc_w.l(handlers.o)
    0x0001c932   0x00000002   Code   RO         3527    i.__scatterload_null  mc_w.l(handlers.o)
    0x0001c934   0x0000000e   Code   RO         3528    i.__scatterload_zeroinit  mc_w.l(handlers.o)
    0x0001c942   0x00000002   PAD
    0x0001c944   0x00000410   Code   RO         3438    i._printf_core      mc_w.l(printf8.o)
    0x0001cd54   0x00000024   Code   RO         3439    i._printf_post_padding  mc_w.l(printf8.o)
    0x0001cd78   0x0000002e   Code   RO         3440    i._printf_pre_padding  mc_w.l(printf8.o)
    0x0001cda6   0x000001c6   Code   RO          627    i.adv_data_encode   ble_advdata.o
    0x0001cf6c   0x00000012   Code   RO          628    i.advdata_check     ble_advdata.o
    0x0001cf7e   0x00000054   Code   RO          571    i.advertising_buttons_configure  bsp_btn_ble.o
    0x0001cfd2   0x00000002   PAD
    0x0001cfd4   0x00000074   Code   RO            4    i.advertising_init  main.o
    0x0001d048   0x00000024   Code   RO          451    i.alert_timer_handler  bsp.o
    0x0001d06c   0x0000002c   Code   RO         2387    i.app_button_enable  app_button.o
    0x0001d098   0x000000a8   Code   RO         2388    i.app_button_init   app_button.o
    0x0001d140   0x0000001a   Code   RO         2488    i.app_error_fault_handler  app_error_weak.o
    0x0001d15a   0x00000020   Code   RO         2448    i.app_error_handler  app_error.o
    0x0001d17a   0x00000002   PAD
    0x0001d17c   0x00000088   Code   RO         2450    i.app_error_save_and_stop  app_error.o
    0x0001d204   0x00000020   Code   RO         1001    i.app_evt_notify    device_manager_peripheral.o
    0x0001d224   0x0000001e   Code   RO         2307    i.app_fifo_get      app_fifo.o
    0x0001d242   0x00000024   Code   RO         2308    i.app_fifo_init     app_fifo.o
    0x0001d266   0x00000022   Code   RO         2310    i.app_fifo_put      app_fifo.o
    0x0001d288   0x00000030   Code   RO         1889    i.app_notify        pstorage.o
    0x0001d2b8   0x00000028   Code   RO         1890    i.app_notify_error_state_transit  pstorage.o
    0x0001d2e0   0x0000003c   Code   RO         2521    i.app_timer_create  app_timer.o
    0x0001d31c   0x000000b8   Code   RO         2522    i.app_timer_init    app_timer.o
    0x0001d3d4   0x00000058   Code   RO         2523    i.app_timer_start   app_timer.o
    0x0001d42c   0x00000034   Code   RO         2524    i.app_timer_stop    app_timer.o
    0x0001d460   0x000000cc   Code   RO         2226    i.app_uart_init     app_uart_fifo.o
    0x0001d52c   0x00000038   Code   RO         2227    i.app_uart_put      app_uart_fifo.o
    0x0001d564   0x00000052   Code   RO          629    i.appearance_encode  ble_advdata.o
    0x0001d5b6   0x00000002   Code   RO            5    i.application_timers_start  main.o
    0x0001d5b8   0x000000bc   Code   RO         1604    i.apply_config      nrf_drv_uart.o
    0x0001d674   0x00000094   Code   RO          630    i.ble_advdata_set   ble_advdata.o
    0x0001d708   0x0000017c   Code   RO          752    i.ble_advertising_init  ble_advertising.o
    0x0001d884   0x000000f8   Code   RO          753    i.ble_advertising_on_ble_evt  ble_advertising.o
    0x0001d97c   0x0000004c   Code   RO          754    i.ble_advertising_on_sys_evt  ble_advertising.o
    0x0001d9c8   0x00000010   Code   RO          756    i.ble_advertising_peer_address_clear  ble_advertising.o
    0x0001d9d8   0x00000078   Code   RO          757    i.ble_advertising_restart_without_whitelist  ble_advertising.o
    0x0001da50   0x00000288   Code   RO          758    i.ble_advertising_start  ble_advertising.o
    0x0001dcd8   0x00000070   Code   RO          857    i.ble_conn_params_init  ble_conn_params.o
    0x0001dd48   0x0000003e   Code   RO          858    i.ble_conn_params_on_ble_evt  ble_conn_params.o
    0x0001dd86   0x00000074   Code   RO          631    i.ble_device_addr_encode  ble_advdata.o
    0x0001ddfa   0x00000002   PAD
    0x0001ddfc   0x00000030   Code   RO            7    i.ble_evt_dispatch  main.o
    0x0001de2c   0x00000032   Code   RO          359    i.ble_our_service_on_ble_evt  our_service.o
    0x0001de5e   0x00000002   PAD
    0x0001de60   0x0000010c   Code   RO            8    i.ble_stack_init    main.o
    0x0001df6c   0x00000050   Code   RO         1002    i.bond_data_load    device_manager_peripheral.o
    0x0001dfbc   0x00000038   Code   RO          572    i.bsp_btn_ble_init  bsp_btn_ble.o
    0x0001dff4   0x00000078   Code   RO          573    i.bsp_btn_ble_on_ble_evt  bsp_btn_ble.o
    0x0001e06c   0x0000001c   Code   RO          574    i.bsp_btn_ble_sleep_mode_prepare  bsp_btn_ble.o
    0x0001e088   0x000000dc   Code   RO          452    i.bsp_button_event_handler  bsp.o
    0x0001e164   0x00000038   Code   RO          453    i.bsp_button_is_pressed  bsp.o
    0x0001e19c   0x0000007c   Code   RO            9    i.bsp_event_handler  main.o
    0x0001e218   0x0000005c   Code   RO          457    i.bsp_event_to_button_action_assign  bsp.o
    0x0001e274   0x00000020   Code   RO          458    i.bsp_indication_set  bsp.o
    0x0001e294   0x000000d0   Code   RO          460    i.bsp_init          bsp.o
    0x0001e364   0x0000059c   Code   RO          461    i.bsp_led_indication  bsp.o
    0x0001e900   0x00000050   Code   RO          462    i.bsp_wakeup_buttons_set  bsp.o
    0x0001e950   0x0000000e   Code   RO          463    i.button_timer_handler  bsp.o
    0x0001e95e   0x00000002   PAD
    0x0001e960   0x00000074   Code   RO           10    i.buttons_leds_init  main.o
    0x0001e9d4   0x00000020   Code   RO         1365    i.channel_free      nrf_drv_gpiote.o
    0x0001e9f4   0x00000010   Code   RO         1366    i.channel_handler_get  nrf_drv_gpiote.o
    0x0001ea04   0x00000080   Code   RO         1367    i.channel_port_alloc  nrf_drv_gpiote.o
    0x0001ea84   0x0000000c   Code   RO         1368    i.channel_port_get  nrf_drv_gpiote.o
    0x0001ea90   0x00000104   Code   RO         1891    i.clear_operation_execute  pstorage.o
    0x0001eb94   0x00000028   Code   RO         1892    i.clear_post_processing_run  pstorage.o
    0x0001ebbc   0x00000048   Code   RO         1893    i.cmd_process       pstorage.o
    0x0001ec04   0x00000014   Code   RO         1894    i.cmd_queue_dequeue  pstorage.o
    0x0001ec18   0x00000050   Code   RO         1895    i.cmd_queue_element_init  pstorage.o
    0x0001ec68   0x0000009c   Code   RO         1896    i.cmd_queue_enqueue  pstorage.o
    0x0001ed04   0x00000020   Code   RO         1897    i.cmd_queue_init    pstorage.o
    0x0001ed24   0x00000028   Code   RO         1898    i.command_end_procedure_run  pstorage.o
    0x0001ed4c   0x0000002c   Code   RO         1899    i.command_queue_element_consume  pstorage.o
    0x0001ed78   0x00000090   Code   RO         2526    i.compare_reg_update  app_timer.o
    0x0001ee08   0x0000005a   Code   RO          632    i.conn_int_check    ble_advdata.o
    0x0001ee62   0x00000068   Code   RO          633    i.conn_int_encode   ble_advdata.o
    0x0001eeca   0x00000002   PAD
    0x0001eecc   0x00000024   Code   RO           11    i.conn_params_error_handler  main.o
    0x0001eef0   0x00000070   Code   RO           12    i.conn_params_init  main.o
    0x0001ef60   0x00000084   Code   RO          860    i.conn_params_negotiation  ble_conn_params.o
    0x0001efe4   0x00000054   Code   RO          575    i.connection_buttons_configure  bsp_btn_ble.o
    0x0001f038   0x00000048   Code   RO         1003    i.connection_instance_find  device_manager_peripheral.o
    0x0001f080   0x00000040   Code   RO         1004    i.connection_instance_init  device_manager_peripheral.o
    0x0001f0c0   0x0000007c   Code   RO         1900    i.data_page_erase_state_run  pstorage.o
    0x0001f13c   0x00000034   Code   RO         1901    i.data_to_swap_write_state_run  pstorage.o
    0x0001f170   0x0000008c   Code   RO         2390    i.detection_delay_timeout_handler  app_button.o
    0x0001f1fc   0x000000e0   Code   RO         1005    i.device_context_store  device_manager_peripheral.o
    0x0001f2dc   0x00000088   Code   RO         1006    i.device_instance_allocate  device_manager_peripheral.o
    0x0001f364   0x00000058   Code   RO         1007    i.device_instance_find  device_manager_peripheral.o
    0x0001f3bc   0x0000002c   Code   RO         1008    i.device_instance_free  device_manager_peripheral.o
    0x0001f3e8   0x00000038   Code   RO           13    i.device_manager_evt_handler  main.o
    0x0001f420   0x000000d4   Code   RO           14    i.device_manager_init  main.o
    0x0001f4f4   0x000006b8   Code   RO         1013    i.dm_ble_evt_handler  device_manager_peripheral.o
    0x0001fbac   0x00000018   Code   RO         1019    i.dm_handle_initialize  device_manager_peripheral.o
    0x0001fbc4   0x00000108   Code   RO         1020    i.dm_init           device_manager_peripheral.o
    0x0001fccc   0x0000025c   Code   RO         1023    i.dm_pstorage_cb_handler  device_manager_peripheral.o
    0x0001ff28   0x000000b0   Code   RO         1024    i.dm_register       device_manager_peripheral.o
    0x0001ffd8   0x00000064   Code   RO         2527    i.elapsed_ticks_acquire  app_timer.o
    0x0002003c   0x00000040   Code   RO         1902    i.erase_sub_state_sm_run  pstorage.o
    0x0002007c   0x00000054   Code   RO         3131    i.errata_108        system_nrf52.o
    0x000200d0   0x00000054   Code   RO         3132    i.errata_12         system_nrf52.o
    0x00020124   0x00000030   Code   RO         3133    i.errata_16         system_nrf52.o
    0x00020154   0x00000054   Code   RO         3134    i.errata_31         system_nrf52.o
    0x000201a8   0x00000030   Code   RO         3135    i.errata_32         system_nrf52.o
    0x000201d8   0x00000054   Code   RO         3136    i.errata_36         system_nrf52.o
    0x0002022c   0x00000030   Code   RO         3137    i.errata_37         system_nrf52.o
    0x0002025c   0x00000030   Code   RO         3138    i.errata_57         system_nrf52.o
    0x0002028c   0x00000030   Code   RO         3139    i.errata_66         system_nrf52.o
    0x000202bc   0x00000058   Code   RO         2528    i.expired_timers_handler  app_timer.o
    0x00020314   0x00000018   Code   RO         2313    i.fifo_get          app_fifo.o
    0x0002032c   0x0000000a   Code   RO         2228    i.fifo_length       app_uart_fifo.o
    0x00020336   0x0000000a   Code   RO         2314    i.fifo_length       app_fifo.o
    0x00020340   0x00000012   Code   RO         2315    i.fifo_peek         app_fifo.o
    0x00020352   0x00000012   Code   RO         2316    i.fifo_put          app_fifo.o
    0x00020364   0x00000036   Code   RO          634    i.flags_encode      ble_advdata.o
    0x0002039a   0x00000036   Code   RO          760    i.flash_access_in_progress  ble_advertising.o
    0x000203d0   0x0000002c   Code   RO         1903    i.flash_api_err_code_process  pstorage.o
    0x000203fc   0x00000044   Code   RO         1904    i.flash_operation_failure_run  pstorage.o
    0x00020440   0x00000030   Code   RO         1905    i.flash_operation_success_run  pstorage.o
    0x00020470   0x00000010   Code   RO         1906    i.flash_page_erase  pstorage.o
    0x00020480   0x0000001c   Code   RO         1907    i.flash_write       pstorage.o
    0x0002049c   0x00000010   Code   RO         2942    i.fputc             retarget.o
    0x000204ac   0x00000018   Code   RO         2815    i.fs_queued_op_count_get  fstorage.o
    0x000204c4   0x000000a4   Code   RO           15    i.gap_params_init   main.o
    0x00020568   0x00000006   Code   RO         1031    i.gattc_context_apply  device_manager_peripheral.o
    0x0002056e   0x00000006   Code   RO         1032    i.gattc_context_load  device_manager_peripheral.o
    0x00020574   0x00000006   Code   RO         1033    i.gattc_context_store  device_manager_peripheral.o
    0x0002057a   0x00000002   PAD
    0x0002057c   0x000000f8   Code   RO         1034    i.gatts_context_apply  device_manager_peripheral.o
    0x00020674   0x0000004c   Code   RO         1035    i.gatts_context_load  device_manager_peripheral.o
    0x000206c0   0x000000f0   Code   RO         1036    i.gatts_context_store  device_manager_peripheral.o
    0x000207b0   0x00000018   Code   RO         1037    i.gattsc_context_apply  device_manager_peripheral.o
    0x000207c8   0x0000001c   Code   RO         1038    i.gattsc_context_load  device_manager_peripheral.o
    0x000207e4   0x0000001c   Code   RO         1039    i.gattsc_context_store  device_manager_peripheral.o
    0x00020800   0x00000080   Code   RO         2391    i.gpiote_event_handler  app_button.o
    0x00020880   0x00000068   Code   RO         1908    i.head_restore_state_run  pstorage.o
    0x000208e8   0x000000b0   Code   RO         3012    i.intern_softdevice_events_execute  softdevice_handler.o
    0x00020998   0x00000024   Code   RO          861    i.is_conn_params_ok  ble_conn_params.o
    0x000209bc   0x00000058   Code   RO         1909    i.is_page_erase_required  pstorage.o
    0x00020a14   0x00000050   Code   RO         1910    i.is_tail_data_page_swap_required  pstorage.o
    0x00020a64   0x00000010   Code   RO         1911    i.is_word_aligned   pstorage.o
    0x00020a74   0x0000006a   Code   RO          635    i.le_role_encode    ble_advdata.o
    0x00020ade   0x00000002   PAD
    0x00020ae0   0x00000020   Code   RO          464    i.leds_timer_handler  bsp.o
    0x00020b00   0x00000098   Code   RO         2529    i.list_deletions_handler  app_timer.o
    0x00020b98   0x0000010c   Code   RO         2530    i.list_insertions_handler  app_timer.o
    0x00020ca4   0x000000a4   Code   RO           16    i.main              main.o
    0x00020d48   0x00000020   Code   RO         1912    i.main_state_err_busy_process  pstorage.o
    0x00020d68   0x00000076   Code   RO          636    i.manuf_specific_data_encode  ble_advdata.o
    0x00020dde   0x000000c2   Code   RO          637    i.name_encode       ble_advdata.o
    0x00020ea0   0x00000006   Code   RO         1040    i.no_service_context_apply  device_manager_peripheral.o
    0x00020ea6   0x00000006   Code   RO         1041    i.no_service_context_load  device_manager_peripheral.o
    0x00020eac   0x00000006   Code   RO         1042    i.no_service_context_store  device_manager_peripheral.o
    0x00020eb2   0x00000002   PAD
    0x00020eb4   0x00000060   Code   RO         1310    i.nrf_drv_common_irq_enable  nrf_drv_common.o
    0x00020f14   0x000000b8   Code   RO         1371    i.nrf_drv_gpiote_in_event_enable  nrf_drv_gpiote.o
    0x00020fcc   0x000000d8   Code   RO         1372    i.nrf_drv_gpiote_in_init  nrf_drv_gpiote.o
    0x000210a4   0x0000001c   Code   RO         1373    i.nrf_drv_gpiote_in_is_set  nrf_drv_gpiote.o
    0x000210c0   0x00000054   Code   RO         1375    i.nrf_drv_gpiote_init  nrf_drv_gpiote.o
    0x00021114   0x00000014   Code   RO         1376    i.nrf_drv_gpiote_is_init  nrf_drv_gpiote.o
    0x00021128   0x000000e4   Code   RO         1606    i.nrf_drv_uart_init  nrf_drv_uart.o
    0x0002120c   0x000000b0   Code   RO         1607    i.nrf_drv_uart_rx   nrf_drv_uart.o
    0x000212bc   0x00000020   Code   RO         1610    i.nrf_drv_uart_rx_enable  nrf_drv_uart.o
    0x000212dc   0x000000b4   Code   RO         1611    i.nrf_drv_uart_rx_for_uart  nrf_drv_uart.o
    0x00021390   0x000000b4   Code   RO         1612    i.nrf_drv_uart_rx_for_uarte  nrf_drv_uart.o
    0x00021444   0x00000048   Code   RO         1613    i.nrf_drv_uart_tx   nrf_drv_uart.o
    0x0002148c   0x0000008c   Code   RO         1615    i.nrf_drv_uart_tx_for_uart  nrf_drv_uart.o
    0x00021518   0x00000070   Code   RO         1616    i.nrf_drv_uart_tx_for_uarte  nrf_drv_uart.o
    0x00021588   0x00000014   Code   RO         1617    i.nrf_drv_uart_tx_in_progress  nrf_drv_uart.o
    0x0002159c   0x00000024   Code   RO         1388    i.nrf_gpio_cfg      nrf_drv_gpiote.o
    0x000215c0   0x00000024   Code   RO         1619    i.nrf_gpio_cfg      nrf_drv_uart.o
    0x000215e4   0x0000001a   Code   RO         1621    i.nrf_gpio_cfg_input  nrf_drv_uart.o
    0x000215fe   0x00000018   Code   RO         1622    i.nrf_gpio_cfg_output  nrf_drv_uart.o
    0x00021616   0x00000002   PAD
    0x00021618   0x00000024   Code   RO         1390    i.nrf_gpio_cfg_sense_set  nrf_drv_gpiote.o
    0x0002163c   0x00000010   Code   RO         1623    i.nrf_gpio_pin_set  nrf_drv_uart.o
    0x0002164c   0x0000000c   Code   RO         1393    i.nrf_gpiote_event_addr_get  nrf_drv_gpiote.o
    0x00021658   0x0000001c   Code   RO         1394    i.nrf_gpiote_event_clear  nrf_drv_gpiote.o
    0x00021674   0x00000016   Code   RO         1395    i.nrf_gpiote_event_is_set  nrf_drv_gpiote.o
    0x0002168a   0x00000002   PAD
    0x0002168c   0x0000000c   Code   RO         1396    i.nrf_gpiote_int_enable  nrf_drv_gpiote.o
    0x00021698   0x0000000c   Code   RO         1624    i.nrf_uart_errorsrc_get_and_clear  nrf_drv_uart.o
    0x000216a4   0x0000000e   Code   RO         1625    i.nrf_uart_event_check  nrf_drv_uart.o
    0x000216b2   0x00000006   Code   RO         1626    i.nrf_uart_event_clear  nrf_drv_uart.o
    0x000216b8   0x0000000a   Code   RO         1627    i.nrf_uart_hwfc_pins_set  nrf_drv_uart.o
    0x000216c2   0x00000006   Code   RO         1628    i.nrf_uart_int_disable  nrf_drv_uart.o
    0x000216c8   0x00000006   Code   RO         1629    i.nrf_uart_int_enable  nrf_drv_uart.o
    0x000216ce   0x00000012   Code   RO         1630    i.nrf_uart_int_enable_check  nrf_drv_uart.o
    0x000216e0   0x00000006   Code   RO         1631    i.nrf_uart_task_trigger  nrf_drv_uart.o
    0x000216e6   0x0000000a   Code   RO         1632    i.nrf_uart_txrx_pins_set  nrf_drv_uart.o
    0x000216f0   0x0000000c   Code   RO         1633    i.nrf_uarte_errorsrc_get_and_clear  nrf_drv_uart.o
    0x000216fc   0x0000000e   Code   RO         1634    i.nrf_uarte_event_check  nrf_drv_uart.o
    0x0002170a   0x00000006   Code   RO         1635    i.nrf_uarte_event_clear  nrf_drv_uart.o
    0x00021710   0x0000000c   Code   RO         1636    i.nrf_uarte_hwfc_pins_set  nrf_drv_uart.o
    0x0002171c   0x00000006   Code   RO         1637    i.nrf_uarte_int_disable  nrf_drv_uart.o
    0x00021722   0x00000006   Code   RO         1638    i.nrf_uarte_int_enable  nrf_drv_uart.o
    0x00021728   0x0000000a   Code   RO         1639    i.nrf_uarte_rx_amount_get  nrf_drv_uart.o
    0x00021732   0x00000006   Code   RO         1640    i.nrf_uarte_task_trigger  nrf_drv_uart.o
    0x00021738   0x0000000e   Code   RO         1641    i.nrf_uarte_txrx_pins_set  nrf_drv_uart.o
    0x00021746   0x00000002   PAD
    0x00021748   0x00000048   Code   RO           17    i.on_adv_evt        main.o
    0x00021790   0x00000078   Code   RO           18    i.on_ble_evt        main.o
    0x00021808   0x000000ec   Code   RO          360    i.on_ble_write      our_service.o
    0x000218f4   0x00000040   Code   RO           19    i.on_conn_params_evt  main.o
    0x00021934   0x00000018   Code   RO          862    i.on_conn_params_update  ble_conn_params.o
    0x0002194c   0x00000038   Code   RO          863    i.on_connect        ble_conn_params.o
    0x00021984   0x00000040   Code   RO          864    i.on_disconnect     ble_conn_params.o
    0x000219c4   0x00000058   Code   RO          865    i.on_write          ble_conn_params.o
    0x00021a1c   0x000001e4   Code   RO          361    i.our_char_add      our_service.o
    0x00021c00   0x000001e4   Code   RO          362    i.our_char_add2     our_service.o
    0x00021de4   0x00000088   Code   RO          363    i.our_service_init  our_service.o
    0x00021e6c   0x00000044   Code   RO          364    i.our_termperature_characteristic_update  our_service.o
    0x00021eb0   0x00000018   Code   RO          761    i.peer_address_exists  ble_advertising.o
    0x00021ec8   0x00000064   Code   RO         1043    i.peer_instance_init  device_manager_peripheral.o
    0x00021f2c   0x0000001c   Code   RO         1398    i.pin_in_use_by_gpiote  nrf_drv_gpiote.o
    0x00021f48   0x00000018   Code   RO         1399    i.pin_in_use_by_port  nrf_drv_gpiote.o
    0x00021f60   0x00000020   Code   RO         1400    i.pin_in_use_by_te  nrf_drv_gpiote.o
    0x00021f80   0x0000000c   Code   RO         1401    i.pin_in_use_clear  nrf_drv_gpiote.o
    0x00021f8c   0x00000030   Code   RO           20    i.power_manage      main.o
    0x00021fbc   0x0000002c   Code   RO         1913    i.pstorage_access_status_get  pstorage.o
    0x00021fe8   0x000000a4   Code   RO         1914    i.pstorage_block_identifier_get  pstorage.o
    0x0002208c   0x00000120   Code   RO         1915    i.pstorage_clear    pstorage.o
    0x000221ac   0x0000001e   Code   RO         1916    i.pstorage_flash_page_end  pstorage.o
    0x000221ca   0x0000000a   Code   RO         1917    i.pstorage_flash_page_size  pstorage.o
    0x000221d4   0x00000090   Code   RO         1918    i.pstorage_init     pstorage.o
    0x00022264   0x000000f4   Code   RO         1919    i.pstorage_load     pstorage.o
    0x00022358   0x00000110   Code   RO         1920    i.pstorage_register  pstorage.o
    0x00022468   0x000000dc   Code   RO         1921    i.pstorage_store    pstorage.o
    0x00022544   0x00000048   Code   RO         1922    i.pstorage_sys_event_handler  pstorage.o
    0x0002258c   0x000000dc   Code   RO         1923    i.pstorage_update   pstorage.o
    0x00022668   0x0000000c   Code   RO         2531    i.rtc1_compare0_set  app_timer.o
    0x00022674   0x0000000c   Code   RO         2532    i.rtc1_counter_get  app_timer.o
    0x00022680   0x00000018   Code   RO         2533    i.rtc1_init         app_timer.o
    0x00022698   0x0000003c   Code   RO         2534    i.rtc1_start        app_timer.o
    0x000226d4   0x00000058   Code   RO         2535    i.rtc1_stop         app_timer.o
    0x0002272c   0x00000050   Code   RO         1643    i.rx_byte           nrf_drv_uart.o
    0x0002277c   0x00000024   Code   RO         1644    i.rx_done_event     nrf_drv_uart.o
    0x000227a0   0x00000024   Code   RO         1645    i.rx_enable         nrf_drv_uart.o
    0x000227c4   0x0000001c   Code   RO         3013    i.sd_check_ram_start  softdevice_handler.o
    0x000227e0   0x000000d0   Code   RO         3014    i.sd_nvic_EnableIRQ  softdevice_handler.o
    0x000228b0   0x00000036   Code   RO          638    i.sec_mgr_oob_flags_encode  ble_advdata.o
    0x000228e6   0x00000096   Code   RO          639    i.service_data_encode  ble_advdata.o
    0x0002297c   0x00000010   Code   RO           21    i.services_init     main.o
    0x0002298c   0x0000006c   Code   RO           22    i.sleep_mode_enter  main.o
    0x000229f8   0x00000014   Code   RO         1924    i.sm_state_change   pstorage.o
    0x00022a0c   0x00000018   Code   RO         3015    i.softdevice_ble_evt_handler_set  softdevice_handler.o
    0x00022a24   0x0000001c   Code   RO         3016    i.softdevice_enable  softdevice_handler.o
    0x00022a40   0x0000002c   Code   RO         3017    i.softdevice_enable_get_default_config  softdevice_handler.o
    0x00022a6c   0x00000014   Code   RO         3018    i.softdevice_fault_handler  softdevice_handler.o
    0x00022a80   0x00000064   Code   RO         3019    i.softdevice_handler_init  softdevice_handler.o
    0x00022ae4   0x00000018   Code   RO         3022    i.softdevice_sys_evt_handler_set  softdevice_handler.o
    0x00022afc   0x0000000e   Code   RO          640    i.srdata_check      ble_advdata.o
    0x00022b0a   0x0000004c   Code   RO          576    i.startup_event_extract  bsp_btn_ble.o
    0x00022b56   0x00000002   PAD
    0x00022b58   0x00000010   Code   RO         1925    i.state_data_erase_entry_run  pstorage.o
    0x00022b68   0x0000008c   Code   RO         1926    i.state_data_erase_swap_entry_run  pstorage.o
    0x00022bf4   0x00000038   Code   RO         1927    i.state_entry_action_run  pstorage.o
    0x00022c2c   0x00000010   Code   RO         1928    i.state_erase_data_page_entry_run  pstorage.o
    0x00022c3c   0x0000001c   Code   RO         1929    i.state_idle_entry_run  pstorage.o
    0x00022c58   0x00000034   Code   RO         1930    i.state_restore_head_entry_run  pstorage.o
    0x00022c8c   0x00000058   Code   RO         1931    i.state_restore_tail_entry_run  pstorage.o
    0x00022ce4   0x00000008   Code   RO         1932    i.state_store_entry_run  pstorage.o
    0x00022cec   0x0000001e   Code   RO         1933    i.state_swap_erase_entry_run  pstorage.o
    0x00022d0a   0x00000002   PAD
    0x00022d0c   0x00000038   Code   RO         1934    i.state_write_data_swap_entry_run  pstorage.o
    0x00022d44   0x00000008   Code   RO         1044    i.storage_operation_dummy_handler  device_manager_peripheral.o
    0x00022d4c   0x00000068   Code   RO         1935    i.store_cmd_flash_write_execute  pstorage.o
    0x00022db4   0x0000000a   Code   RO         1936    i.store_operation_execute  pstorage.o
    0x00022dbe   0x00000002   PAD
    0x00022dc0   0x00000048   Code   RO         1937    i.store_sub_state_sm_run  pstorage.o
    0x00022e08   0x00000020   Code   RO         1938    i.swap_erase_state_run  pstorage.o
    0x00022e28   0x00000008   Code   RO         1939    i.swap_sub_sm_exit_action_run  pstorage.o
    0x00022e30   0x00000018   Code   RO         1940    i.swap_sub_state_entry_action_run  pstorage.o
    0x00022e48   0x00000020   Code   RO         1941    i.swap_sub_state_err_busy_process  pstorage.o
    0x00022e68   0x00000018   Code   RO         1942    i.swap_sub_state_sm_run  pstorage.o
    0x00022e80   0x00000014   Code   RO         1943    i.swap_sub_state_state_change  pstorage.o
    0x00022e94   0x00000012   Code   RO           23    i.sys_evt_dispatch  main.o
    0x00022ea6   0x00000002   PAD
    0x00022ea8   0x0000001c   Code   RO         1944    i.tail_restore_state_run  pstorage.o
    0x00022ec4   0x0000004c   Code   RO         1945    i.tail_word_size_calculate  pstorage.o
    0x00022f10   0x0000000a   Code   RO         2536    i.ticks_diff_get    app_timer.o
    0x00022f1a   0x00000002   PAD
    0x00022f1c   0x00000078   Code   RO         2537    i.timeout_handler_exec  app_timer.o
    0x00022f94   0x00000054   Code   RO         2538    i.timer_list_handler  app_timer.o
    0x00022fe8   0x0000000a   Code   RO         2539    i.timer_list_handler_sched  app_timer.o
    0x00022ff2   0x00000002   PAD
    0x00022ff4   0x00000068   Code   RO         2540    i.timer_list_insert  app_timer.o
    0x0002305c   0x0000006c   Code   RO         2541    i.timer_list_remove  app_timer.o
    0x000230c8   0x0000005c   Code   RO         2542    i.timer_start_op_schedule  app_timer.o
    0x00023124   0x00000040   Code   RO         2544    i.timer_stop_op_schedule  app_timer.o
    0x00023164   0x00000058   Code   RO           24    i.timer_timeout_handler  main.o
    0x000231bc   0x00000098   Code   RO         2545    i.timer_timeouts_check  app_timer.o
    0x00023254   0x0000000a   Code   RO         2546    i.timer_timeouts_check_sched  app_timer.o
    0x0002325e   0x00000002   PAD
    0x00023260   0x00000054   Code   RO           25    i.timers_init       main.o
    0x000232b4   0x00000046   Code   RO          641    i.tk_value_encode   ble_advdata.o
    0x000232fa   0x00000002   PAD
    0x000232fc   0x00000038   Code   RO         1646    i.tx_byte           nrf_drv_uart.o
    0x00023334   0x0000002c   Code   RO         1647    i.tx_done_event     nrf_drv_uart.o
    0x00023360   0x00000036   Code   RO          642    i.tx_power_level_encode  ble_advdata.o
    0x00023396   0x00000002   PAD
    0x00023398   0x0000006c   Code   RO           26    i.uart_config       main.o
    0x00023404   0x000000c0   Code   RO         2229    i.uart_event_handler  app_uart_fifo.o
    0x000234c4   0x00000048   Code   RO           27    i.uart_events_handler  main.o
    0x0002350c   0x00000160   Code   RO         1648    i.uart_irq_handler  nrf_drv_uart.o
    0x0002366c   0x0000012c   Code   RO         1649    i.uarte_irq_handler  nrf_drv_uart.o
    0x00023798   0x0000000c   Code   RO          643    i.uint16_encode     ble_advdata.o
    0x000237a4   0x00000008   Code   RO         1946    i.update_operation_execute  pstorage.o
    0x000237ac   0x00000014   Code   RO         1045    i.update_status_bit_reset  device_manager_peripheral.o
    0x000237c0   0x00000090   Code   RO          866    i.update_timeout_handler  ble_conn_params.o
    0x00023850   0x00000058   Code   RO         2547    i.user_id_get       app_timer.o
    0x000238a8   0x00000030   Code   RO         2548    i.user_op_alloc     app_timer.o
    0x000238d8   0x00000004   Code   RO         2549    i.user_op_enque     app_timer.o
    0x000238dc   0x0000004e   Code   RO          644    i.uuid_list_encode  ble_advdata.o
    0x0002392a   0x000000dc   Code   RO          645    i.uuid_list_sized_encode  ble_advdata.o
    0x00023a06   0x00000012   Code   RO          762    i.whitelist_has_entries  ble_advertising.o
    0x00023a18   0x00000014   Data   RO           29    .constdata          main.o
    0x00023a2c   0x00000030   Data   RO          365    .constdata          our_service.o
    0x00023a5c   0x0000003c   Data   RO          466    .constdata          bsp.o
    0x00023a98   0x00000004   Data   RO          868    .constdata          ble_conn_params.o
    0x00023a9c   0x00000034   Data   RO         1047    .constdata          device_manager_peripheral.o
    0x00023ad0   0x00000020   Data   RO         1651    .constdata          nrf_drv_uart.o
    0x00023af0   0x00000028   Data   RO         1948    .constdata          pstorage.o
    0x00023b18   0x00000020   Data   RO         2231    .constdata          app_uart_fifo.o
    0x00023b38   0x00000008   Data   RO         2393    .constdata          app_button.o
    0x00023b40   0x0000004c   Data   RO         1048    .conststring        device_manager_peripheral.o
    0x00023b8c   0x00000057   Data   RO         3024    .conststring        softdevice_handler.o
    0x00023be3   0x00000001   PAD
    0x00023be4   0x00000020   Data   RO         3524    Region$$Table       anon$$obj.o


    Execution Region RW_IRAM1 (Base: 0x20002080, Size: 0x00002960, Max: 0x0000df80, ABSOLUTE)

    Base Addr    Size         Type   Attr      Idx    E Section Name        Object

    0x20002080   0x00000006   Data   RW           30    .data               main.o
    0x20002086   0x00000002   PAD
    0x20002088   0x00000019   Data   RW          467    .data               bsp.o
    0x200020a1   0x00000003   PAD
    0x200020a4   0x00000008   Data   RW          577    .data               bsp_btn_ble.o
    0x200020ac   0x00000020   Data   RW          764    .data               ble_advertising.o
    0x200020cc   0x00000015   Data   RW          869    .data               ble_conn_params.o
    0x200020e1   0x00000003   PAD
    0x200020e4   0x00000014   Data   RW         1049    .data               device_manager_peripheral.o
    0x200020f8   0x00000028   Data   RW         1949    .data               pstorage.o
    0x20002120   0x00000006   Data   RW         2232    .data               app_uart_fifo.o
    0x20002126   0x00000002   PAD
    0x20002128   0x00000014   Data   RW         2394    .data               app_button.o
    0x2000213c   0x00000022   Data   RW         2550    .data               app_timer.o
    0x2000215e   0x00000002   PAD
    0x20002160   0x00000008   Data   RW         2943    .data               retarget.o
    0x20002168   0x00000018   Data   RW         3025    .data               softdevice_handler.o
    0x20002180   0x00000004   Data   RW         3140    .data               system_nrf52.o
    0x20002184   0x0000033c   Zero   RW           28    .bss                main.o
    0x200024c0   0x0000006c   Zero   RW          465    .bss                bsp.o
    0x2000252c   0x00000103   Zero   RW          763    .bss                ble_advertising.o
    0x2000262f   0x00000001   PAD
    0x20002630   0x0000003c   Zero   RW          867    .bss                ble_conn_params.o
    0x2000266c   0x0000014f   Zero   RW         1046    .bss                device_manager_peripheral.o
    0x200027bb   0x00000001   PAD
    0x200027bc   0x00000058   Zero   RW         1402    .bss                nrf_drv_gpiote.o
    0x20002814   0x00000020   Zero   RW         1650    .bss                nrf_drv_uart.o
    0x20002834   0x000000e4   Zero   RW         1947    .bss                pstorage.o
    0x20002918   0x00000020   Zero   RW         2230    .bss                app_uart_fifo.o
    0x20002938   0x00000020   Zero   RW         2392    .bss                app_button.o
    0x20002958   0x00000020   Zero   RW         2451    .bss                app_error.o
    0x20002978   0x00000058   Zero   RW         2826    .bss                fstorage.o
    0x200029d0   0x0000000c   Zero   RW         3023    .bss                softdevice_handler.o
    0x200029dc   0x00000004   PAD
    0x200029e0   0x00002000   Zero   RW         3119    STACK               arm_startup_nrf52.o


==============================================================================

Image component sizes


      Code (inc. data)   RO Data    RW Data    ZI Data      Debug   Object Name

       480         80          8         20         32      10090   app_button.o
       168          4          0          0         32       4158   app_error.o
        26          0          0          0          0        798   app_error_weak.o
       170          0          0          0          0       5674   app_fifo.o
      2514        336          0         34          0      62339   app_timer.o
       462         58         32          6         32      10355   app_uart_fifo.o
        36          8        512          0       8192        936   arm_startup_nrf52.o
      2136          0          0          0          0      25136   ble_advdata.o
      1584        162          0         32        259      18637   ble_advertising.o
       718        122          4         21         60      19536   ble_conn_params.o
      2206        182         60         25        108      19601   bsp.o
       448         18          0          8          0       6649   bsp_btn_ble.o
      4336        262        128         20        335      34341   device_manager_peripheral.o
        24          6          0          0         88       3452   fstorage.o
      2216        490         20          6        828     120079   main.o
        96         12          0          0          0      30655   nrf_drv_common.o
      1402        130          0          0         88      27324   nrf_drv_gpiote.o
      2532        184         32          0         32      45121   nrf_drv_uart.o
      1458        392         48          0          0      43961   our_service.o
      4252        430         40         40        228      50230   pstorage.o
        16          0          0          8          0       2918   retarget.o
       708         90         87         24         12      44765   softdevice_handler.o
      1208        124          0          4          0      34030   system_nrf52.o

    ----------------------------------------------------------------------
     29242       3090       1004        260      10332     620785   Object Totals
         0          0         32          0          0          0   (incl. Generated)
        46          0          1         12          6          0   (incl. Padding)

    ----------------------------------------------------------------------

      Code (inc. data)   RO Data    RW Data    ZI Data      Debug   Library Member Name

         0          0          0          0          0          0   entry.o
         0          0          0          0          0          0   entry10a.o
         0          0          0          0          0          0   entry11a.o
         8          4          0          0          0          0   entry2.o
         4          0          0          0          0          0   entry5.o
         0          0          0          0          0          0   entry7b.o
         0          0          0          0          0          0   entry8b.o
         8          4          0          0          0          0   entry9a.o
        30          0          0          0          0          0   handlers.o
        36          8          0          0          0         68   init.o
        30          0          0          0          0         68   llshl.o
        32          0          0          0          0         68   llushr.o
        26          0          0          0          0         80   memcmp.o
        36          0          0          0          0         68   memcpya.o
        36          0          0          0          0        108   memseta.o
      1154         54          0          0          0        352   printf8.o
        98          0          0          0          0         92   uldiv.o

    ----------------------------------------------------------------------
      1502         70          0          0          0        904   Library Totals
         4          0          0          0          0          0   (incl. Padding)

    ----------------------------------------------------------------------

      Code (inc. data)   RO Data    RW Data    ZI Data      Debug   Library Name

      1498         70          0          0          0        904   mc_w.l

    ----------------------------------------------------------------------
      1502         70          0          0          0        904   Library Totals

    ----------------------------------------------------------------------

==============================================================================


      Code (inc. data)   RO Data    RW Data    ZI Data      Debug   

     30744       3160       1004        260      10332     591577   Grand Totals
     30744       3160       1004        260      10332     591577   ELF Image Totals
     30744       3160       1004        260          0          0   ROM Totals

==============================================================================

    Total RO  Size (Code + RO Data)                31748 (  31.00kB)
    Total RW  Size (RW Data + ZI Data)             10592 (  10.34kB)
    Total ROM Size (Code + RO Data + RW Data)      32008 (  31.26kB)

==============================================================================

