Component: ARM Compiler 5.06 update 4 (build 422) Tool: armlink [4d35d2]

==============================================================================

Section Cross References

    main.o(i.advertising_init) refers to memseta.o(.text) for __aeabi_memclr4
    main.o(i.advertising_init) refers to ble_advertising.o(i.ble_advertising_init) for ble_advertising_init
    main.o(i.advertising_init) refers to app_error.o(i.app_error_handler) for app_error_handler
    main.o(i.advertising_init) refers to main.o(i.on_adv_evt) for on_adv_evt
    main.o(i.assert_nrf_callback) refers to app_error.o(i.app_error_handler) for app_error_handler
    main.o(i.ble_evt_dispatch) refers to device_manager_peripheral.o(i.dm_ble_evt_handler) for dm_ble_evt_handler
    main.o(i.ble_evt_dispatch) refers to ble_conn_params.o(i.ble_conn_params_on_ble_evt) for ble_conn_params_on_ble_evt
    main.o(i.ble_evt_dispatch) refers to bsp_btn_ble.o(i.bsp_btn_ble_on_ble_evt) for bsp_btn_ble_on_ble_evt
    main.o(i.ble_evt_dispatch) refers to main.o(i.on_ble_evt) for on_ble_evt
    main.o(i.ble_evt_dispatch) refers to ble_advertising.o(i.ble_advertising_on_ble_evt) for ble_advertising_on_ble_evt
    main.o(i.ble_evt_dispatch) refers to our_service.o(i.ble_our_service_on_ble_evt) for ble_our_service_on_ble_evt
    main.o(i.ble_evt_dispatch) refers to main.o(.bss) for acc_service
    main.o(i.ble_stack_init) refers to softdevice_handler.o(i.softdevice_handler_init) for softdevice_handler_init
    main.o(i.ble_stack_init) refers to app_error.o(i.app_error_handler) for app_error_handler
    main.o(i.ble_stack_init) refers to softdevice_handler.o(i.softdevice_enable_get_default_config) for softdevice_enable_get_default_config
    main.o(i.ble_stack_init) refers to softdevice_handler.o(i.sd_check_ram_start) for sd_check_ram_start
    main.o(i.ble_stack_init) refers to softdevice_handler.o(i.softdevice_enable) for softdevice_enable
    main.o(i.ble_stack_init) refers to softdevice_handler.o(i.softdevice_ble_evt_handler_set) for softdevice_ble_evt_handler_set
    main.o(i.ble_stack_init) refers to softdevice_handler.o(i.softdevice_sys_evt_handler_set) for softdevice_sys_evt_handler_set
    main.o(i.ble_stack_init) refers to main.o(.constdata) for .constdata
    main.o(i.ble_stack_init) refers to main.o(.bss) for BLE_EVT_BUFFER
    main.o(i.ble_stack_init) refers to main.o(i.ble_evt_dispatch) for ble_evt_dispatch
    main.o(i.ble_stack_init) refers to main.o(i.sys_evt_dispatch) for sys_evt_dispatch
    main.o(i.bsp_event_handler) refers to main.o(i.sleep_mode_enter) for sleep_mode_enter
    main.o(i.bsp_event_handler) refers to app_error.o(i.app_error_handler) for app_error_handler
    main.o(i.bsp_event_handler) refers to ble_advertising.o(i.ble_advertising_restart_without_whitelist) for ble_advertising_restart_without_whitelist
    main.o(i.bsp_event_handler) refers to main.o(.data) for m_conn_handle
    main.o(i.buttons_leds_init) refers to bsp.o(i.bsp_init) for bsp_init
    main.o(i.buttons_leds_init) refers to app_error.o(i.app_error_handler) for app_error_handler
    main.o(i.buttons_leds_init) refers to bsp_btn_ble.o(i.bsp_btn_ble_init) for bsp_btn_ble_init
    main.o(i.buttons_leds_init) refers to main.o(i.bsp_event_handler) for bsp_event_handler
    main.o(i.conn_params_error_handler) refers to app_error.o(i.app_error_handler) for app_error_handler
    main.o(i.conn_params_init) refers to memseta.o(.text) for __aeabi_memclr4
    main.o(i.conn_params_init) refers to ble_conn_params.o(i.ble_conn_params_init) for ble_conn_params_init
    main.o(i.conn_params_init) refers to app_error.o(i.app_error_handler) for app_error_handler
    main.o(i.conn_params_init) refers to main.o(i.on_conn_params_evt) for on_conn_params_evt
    main.o(i.conn_params_init) refers to main.o(i.conn_params_error_handler) for conn_params_error_handler
    main.o(i.device_manager_evt_handler) refers to app_error.o(i.app_error_handler) for app_error_handler
    main.o(i.device_manager_init) refers to pstorage.o(i.pstorage_init) for pstorage_init
    main.o(i.device_manager_init) refers to app_error.o(i.app_error_handler) for app_error_handler
    main.o(i.device_manager_init) refers to device_manager_peripheral.o(i.dm_init) for dm_init
    main.o(i.device_manager_init) refers to device_manager_peripheral.o(i.dm_register) for dm_register
    main.o(i.device_manager_init) refers to main.o(i.device_manager_evt_handler) for device_manager_evt_handler
    main.o(i.device_manager_init) refers to main.o(.data) for m_app_handle
    main.o(i.gap_params_init) refers to app_error.o(i.app_error_handler) for app_error_handler
    main.o(i.main) refers to main.o(i.uart_config) for uart_config
    main.o(i.main) refers to nrf_delay.o(i.nrf_delay_ms) for nrf_delay_ms
    main.o(i.main) refers to printf1.o(i.__0printf$1) for __2printf
    main.o(i.main) refers to main.o(i.timers_init) for timers_init
    main.o(i.main) refers to main.o(i.buttons_leds_init) for buttons_leds_init
[...]
    tk_value_encode                          0x00023b89   Thumb Code    70  ble_advdata.o(i.tk_value_encode)
    i.twi_clear_bus                          0x00023bd0   Section        0  nrf_drv_twi.o(i.twi_clear_bus)
    twi_clear_bus                            0x00023bd1   Thumb Code   138  nrf_drv_twi.o(i.twi_clear_bus)
    i.twi_receive_byte                       0x00023c64   Section        0  nrf_drv_twi.o(i.twi_receive_byte)
    twi_receive_byte                         0x00023c65   Thumb Code    76  nrf_drv_twi.o(i.twi_receive_byte)
    i.twi_rx_start_transfer                  0x00023cb0   Section        0  nrf_drv_twi.o(i.twi_rx_start_transfer)
    twi_rx_start_transfer                    0x00023cb1   Thumb Code   166  nrf_drv_twi.o(i.twi_rx_start_transfer)
    i.twi_send_byte                          0x00023d56   Section        0  nrf_drv_twi.o(i.twi_send_byte)
    twi_send_byte                            0x00023d57   Thumb Code    72  nrf_drv_twi.o(i.twi_send_byte)
    i.twi_transfer                           0x00023d9e   Section        0  nrf_drv_twi.o(i.twi_transfer)
    twi_transfer                             0x00023d9f   Thumb Code   290  nrf_drv_twi.o(i.twi_transfer)
    i.twi_tx_start_transfer                  0x00023ec0   Section        0  nrf_drv_twi.o(i.twi_tx_start_transfer)
    twi_tx_start_transfer                    0x00023ec1   Thumb Code   172  nrf_drv_twi.o(i.twi_tx_start_transfer)
    i.twi_xfer                               0x00023f6c   Section        0  nrf_drv_twi.o(i.twi_xfer)
    twi_xfer                                 0x00023f6d   Thumb Code   184  nrf_drv_twi.o(i.twi_xfer)
    i.tx_byte                                0x00024024   Section        0  nrf_drv_uart.o(i.tx_byte)
    tx_byte                                  0x00024025   Thumb Code    42  nrf_drv_uart.o(i.tx_byte)
    i.tx_done_event                          0x0002405c   Section        0  nrf_drv_uart.o(i.tx_done_event)
    tx_done_event                            0x0002405d   Thumb Code    38  nrf_drv_uart.o(i.tx_done_event)
    i.tx_power_level_encode                  0x00024088   Section        0  ble_advdata.o(i.tx_power_level_encode)
    tx_power_level_encode                    0x00024089   Thumb Code    54  ble_advdata.o(i.tx_power_level_encode)
    i.uart_config                            0x000240c0   Section        0  main.o(i.uart_config)
    uart_config                              0x000240c1   Thumb Code    76  main.o(i.uart_config)
    i.uart_event_handler                     0x0002412c   Section        0  app_uart_fifo.o(i.uart_event_handler)
    uart_event_handler                       0x0002412d   Thumb Code   170  app_uart_fifo.o(i.uart_event_handler)
    i.uart_events_handler                    0x000241ec   Section        0  main.o(i.uart_events_handler)
    uart_events_handler                      0x000241ed   Thumb Code    56  main.o(i.uart_events_handler)
    i.uart_irq_handler                       0x00024234   Section        0  nrf_drv_uart.o(i.uart_irq_handler)
    uart_irq_handler                         0x00024235   Thumb Code   342  nrf_drv_uart.o(i.uart_irq_handler)
    i.uarte_irq_handler                      0x00024394   Section        0  nrf_drv_uart.o(i.uarte_irq_handler)
    uarte_irq_handler                        0x00024395   Thumb Code   286  nrf_drv_uart.o(i.uarte_irq_handler)
    i.uint16_encode                          0x000244c0   Section        0  ble_advdata.o(i.uint16_encode)
    uint16_encode                            0x000244c1   Thumb Code    12  ble_advdata.o(i.uint16_encode)
    i.update_operation_execute               0x000244cc   Section        0  pstorage.o(i.update_operation_execute)
    update_operation_execute                 0x000244cd   Thumb Code     8  pstorage.o(i.update_operation_execute)
    i.update_status_bit_reset                0x000244d4   Section        0  device_manager_peripheral.o(i.update_status_bit_reset)
    update_status_bit_reset                  0x000244d5   Thumb Code    16  device_manager_peripheral.o(i.update_status_bit_reset)
    i.update_timeout_handler                 0x000244e8   Section        0  ble_conn_params.o(i.update_timeout_handler)
    update_timeout_handler                   0x000244e9   Thumb Code   126  ble_conn_params.o(i.update_timeout_handler)
    i.user_id_get                            0x00024578   Section        0  app_timer.o(i.user_id_get)
    user_id_get                              0x00024579   Thumb Code    78  app_timer.o(i.user_id_get)
    i.user_op_alloc                          0x000245d0   Section        0  app_timer.o(i.user_op_alloc)
    user_op_alloc                            0x000245d1   Thumb Code    48  app_timer.o(i.user_op_alloc)
    i.user_op_enque                          0x00024600   Section        0  app_timer.o(i.user_op_enque)
    user_op_enque                            0x00024601   Thumb Code     4  app_timer.o(i.user_op_enque)
    i.uuid_list_encode                       0x00024604   Section        0  ble_advdata.o(i.uuid_list_encode)
    uuid_list_encode                         0x00024605   Thumb Code    78  ble_advdata.o(i.uuid_list_encode)
    i.uuid_list_sized_encode                 0x00024652   Section        0  ble_advdata.o(i.uuid_list_sized_encode)
    uuid_list_sized_encode                   0x00024653   Thumb Code   220  ble_advdata.o(i.uuid_list_sized_encode)
    i.whitelist_has_entries                  0x0002472e   Section        0  ble_advertising.o(i.whitelist_has_entries)
    whitelist_has_entries                    0x0002472f   Thumb Code    18  ble_advertising.o(i.whitelist_has_entries)
    .constdata                               0x00024740   Section       20  main.o(.constdata)
    m_our_char_timer_id                      0x00024740   Data           4  main.o(.constdata)
    .constdata                               0x00024754   Section       96  our_service.o(.constdata)
    .constdata                               0x000247b4   Section       24  hrs_file.o(.constdata)
    MAX30105_twi                             0x000247b4   Data           8  hrs_file.o(.constdata)
    .constdata                               0x000247cc   Section       24  acc_file.o(.constdata)
    LSM303D_twi                              0x000247cc   Data           8  acc_file.o(.constdata)
    .constdata                               0x000247e4   Section       60  bsp.o(.constdata)
    m_leds_timer_id                          0x000247e4   Data           4  bsp.o(.constdata)
    m_alert_timer_id                         0x000247e8   Data           4  bsp.o(.constdata)
    m_button_timer_id                        0x000247ec   Data           4  bsp.o(.constdata)
    m_buttons_list                           0x000247f0   Data          16  bsp.o(.constdata)
    app_buttons                              0x00024800   Data          32  bsp.o(.constdata)
    .constdata                               0x00024820   Section        4  ble_conn_params.o(.constdata)
    m_conn_params_timer_id                   0x00024820   Data           4  ble_conn_params.o(.constdata)
    .constdata                               0x00024824   Section       52  device_manager_peripheral.o(.constdata)
    .constdata                               0x00024858   Section       32  nrf_drv_uart.o(.constdata)
    m_default_config                         0x00024858   Data          32  nrf_drv_uart.o(.constdata)
    .constdata                               0x00024878   Section       40  pstorage.o(.constdata)
    swap_sub_state_sm_lut                    0x00024878   Data          20  pstorage.o(.constdata)
    swap_sub_state_sm_lut                    0x0002488c   Data          20  pstorage.o(.constdata)
    .constdata                               0x000248a0   Section       44  nrf_drv_twi.o(.constdata)
    m_default_config                         0x000248a0   Data          32  nrf_drv_twi.o(.constdata)
    .constdata                               0x000248cc   Section       32  app_uart_fifo.o(.constdata)
    .constdata                               0x000248ec   Section        8  app_button.o(.constdata)
    m_detection_delay_timer_id               0x000248ec   Data           4  app_button.o(.constdata)
    .conststring                             0x000248f4   Section       76  device_manager_peripheral.o(.conststring)
    .conststring                             0x00024940   Section       87  softdevice_handler.o(.conststring)
    .data                                    0x20002080   Section        5  main.o(.data)
    m_xfer_done                              0x20002080   Data           1  main.o(.data)
    m_app_handle                             0x20002081   Data           1  main.o(.data)
    m_conn_handle                            0x20002082   Data           2  main.o(.data)
    rx_buf                                   0x20002084   Data           1  main.o(.data)
    .data                                    0x20002088   Section       25  bsp.o(.data)
    m_stable_state                           0x20002088   Data           1  bsp.o(.data)
    m_app_ticks_per_100ms                    0x2000208c   Data           4  bsp.o(.data)
    m_indication_type                        0x20002090   Data           4  bsp.o(.data)
    m_alert_mask                             0x20002094   Data           4  bsp.o(.data)
    m_registered_callback                    0x20002098   Data           4  bsp.o(.data)
    current_long_push_pin_no                 0x2000209c   Data           1  bsp.o(.data)
    release_event_at_push                    0x2000209d   Data           4  bsp.o(.data)
    .data                                    0x200020a4   Section        8  bsp_btn_ble.o(.data)
    m_error_handler                          0x200020a4   Data           4  bsp_btn_ble.o(.data)
    m_num_connections                        0x200020a8   Data           4  bsp_btn_ble.o(.data)
    .data                                    0x200020ac   Section       32  ble_advertising.o(.data)
    m_advertising_start_pending              0x200020ac   Data           1  ble_advertising.o(.data)
    m_peer_address                           0x200020ad   Data           7  ble_advertising.o(.data)
    m_adv_evt                                0x200020b4   Data           1  ble_advertising.o(.data)
    m_evt_handler                            0x200020b8   Data           4  ble_advertising.o(.data)
    m_error_handler                          0x200020bc   Data           4  ble_advertising.o(.data)
    m_adv_mode_current                       0x200020c0   Data           1  ble_advertising.o(.data)
    m_whitelist_temporarily_disabled         0x200020c1   Data           1  ble_advertising.o(.data)
    m_whitelist_reply_expected               0x200020c2   Data           1  ble_advertising.o(.data)
    m_peer_addr_reply_expected               0x200020c3   Data           1  ble_advertising.o(.data)
    m_slave_conn_int                         0x200020c4   Data           4  ble_advertising.o(.data)
    m_tx_power_level                         0x200020c8   Data           1  ble_advertising.o(.data)
    current_slave_link_conn_handle           0x200020ca   Data           2  ble_advertising.o(.data)
    .data                                    0x200020cc   Section       21  ble_conn_params.o(.data)
    m_preferred_conn_params                  0x200020cc   Data           8  ble_conn_params.o(.data)
    m_update_count                           0x200020d4   Data           1  ble_conn_params.o(.data)
    m_conn_handle                            0x200020d6   Data           2  ble_conn_params.o(.data)
    m_current_conn_params                    0x200020d8   Data           8  ble_conn_params.o(.data)
    m_change_param                           0x200020e0   Data           1  ble_conn_params.o(.data)
    .data                                    0x200020e4   Section       20  device_manager_peripheral.o(.data)
    m_storage_handle                         0x200020e4   Data           8  device_manager_peripheral.o(.data)
    m_peer_addr_update                       0x200020ec   Data           4  device_manager_peripheral.o(.data)
    m_module_initialized                     0x200020f0   Data           1  device_manager_peripheral.o(.data)
    m_irk_index_table                        0x200020f1   Data           7  device_manager_peripheral.o(.data)
    .data                                    0x200020f8   Section       40  pstorage.o(.data)
    m_next_app_instance                      0x200020f8   Data           2  pstorage.o(.data)
    m_next_page_addr                         0x200020fc   Data           4  pstorage.o(.data)
    m_state                                  0x20002100   Data           1  pstorage.o(.data)
    m_swap_sub_state                         0x20002101   Data           1  pstorage.o(.data)
    m_head_word_size                         0x20002104   Data           4  pstorage.o(.data)
    m_tail_word_size                         0x20002108   Data           4  pstorage.o(.data)
    m_current_page_id                        0x2000210c   Data           4  pstorage.o(.data)
    m_num_of_command_retries                 0x20002110   Data           4  pstorage.o(.data)
    m_num_of_bytes_written                   0x20002114   Data           4  pstorage.o(.data)
    m_app_data_size                          0x20002118   Data           4  pstorage.o(.data)
    m_flags                                  0x2000211c   Data           4  pstorage.o(.data)
    .data                                    0x20002120   Section        6  app_uart_fifo.o(.data)
    m_event_handler                          0x20002120   Data           4  app_uart_fifo.o(.data)
    tx_buffer                                0x20002124   Data           1  app_uart_fifo.o(.data)
    rx_buffer                                0x20002125   Data           1  app_uart_fifo.o(.data)
    .data                                    0x20002128   Section       20  app_button.o(.data)
    mp_buttons                               0x20002128   Data           4  app_button.o(.data)
    m_button_count                           0x2000212c   Data           1  app_button.o(.data)
    m_detection_delay                        0x20002130   Data           4  app_button.o(.data)
    m_pin_state                              0x20002134   Data           4  app_button.o(.data)
    m_pin_transition                         0x20002138   Data           4  app_button.o(.data)
    .data                                    0x2000213c   Section       34  app_timer.o(.data)
    m_user_array_size                        0x2000213c   Data           1  app_timer.o(.data)
    mp_users                                 0x20002140   Data           4  app_timer.o(.data)
    mp_timer_id_head                         0x20002144   Data           4  app_timer.o(.data)
    m_ticks_latest                           0x20002148   Data           4  app_timer.o(.data)
    m_ticks_elapsed                          0x2000214c   Data           8  app_timer.o(.data)
    m_ticks_elapsed_q_read_ind               0x20002154   Data           1  app_timer.o(.data)
    m_ticks_elapsed_q_write_ind              0x20002155   Data           1  app_timer.o(.data)
    m_evt_schedule_func                      0x20002158   Data           4  app_timer.o(.data)
    m_rtc1_running                           0x2000215c   Data           1  app_timer.o(.data)
    m_rtc1_reset                             0x2000215d   Data           1  app_timer.o(.data)
    .data                                    0x20002160   Section        8  retarget.o(.data)
    .data                                    0x20002168   Section       24  softdevice_handler.o(.data)
    m_evt_schedule_func                      0x20002168   Data           4  softdevice_handler.o(.data)
    m_softdevice_enabled                     0x2000216c   Data           1  softdevice_handler.o(.data)
    mp_ble_evt_buffer                        0x20002170   Data           4  softdevice_handler.o(.data)
    m_ble_evt_buffer_size                    0x20002174   Data           2  softdevice_handler.o(.data)
    m_ble_evt_handler                        0x20002178   Data           4  softdevice_handler.o(.data)
    m_sys_evt_handler                        0x2000217c   Data           4  softdevice_handler.o(.data)
    .data                                    0x20002180   Section        4  system_nrf52.o(.data)
    __tagsym$$used                           0x20002180   Number         0  system_nrf52.o(.data)
    .data                                    0x20002184   Section        4  mvars.o(.data)
    .data                                    0x20002188   Section        4  mvars.o(.data)
    .bss                                     0x2000218c   Section      888  main.o(.bss)
    m_our_char_timer_id_data                 0x200021d4   Data          32  main.o(.bss)
    APP_TIMER_BUF                            0x200021f4   Data         456  main.o(.bss)
    BLE_EVT_BUFFER                           0x200023bc   Data          72  main.o(.bss)
    tx_buf                                   0x20002404   Data         256  main.o(.bss)
    .bss                                     0x20002504   Section      108  bsp.o(.bss)
    m_leds_timer_id_data                     0x20002504   Data          32  bsp.o(.bss)
    m_alert_timer_id_data                    0x20002524   Data          32  bsp.o(.bss)
    m_events_list                            0x20002544   Data          12  bsp.o(.bss)
    m_button_timer_id_data                   0x20002550   Data          32  bsp.o(.bss)
    .bss                                     0x20002570   Section      259  ble_advertising.o(.bss)
    m_advdata                                0x20002570   Data          56  ble_advertising.o(.bss)
    m_adv_modes_config                       0x200025a8   Data          36  ble_advertising.o(.bss)
    m_whitelist                              0x200025cc   Data          16  ble_advertising.o(.bss)
    mp_whitelist_addr                        0x200025dc   Data          32  ble_advertising.o(.bss)
    mp_whitelist_irk                         0x200025fc   Data          32  ble_advertising.o(.bss)
    m_manuf_specific_data                    0x2000261c   Data          12  ble_advertising.o(.bss)
    m_manuf_data_array                       0x20002628   Data          31  ble_advertising.o(.bss)
    m_service_data                           0x20002648   Data          12  ble_advertising.o(.bss)
    m_service_data_array                     0x20002654   Data          31  ble_advertising.o(.bss)
    .bss                                     0x20002674   Section       60  ble_conn_params.o(.bss)
    m_conn_params_config                     0x20002674   Data          28  ble_conn_params.o(.bss)
    m_conn_params_timer_id_data              0x20002690   Data          32  ble_conn_params.o(.bss)
    .bss                                     0x200026b0   Section      335  device_manager_peripheral.o(.bss)
    m_app_context_table                      0x200026b0   Data          28  device_manager_peripheral.o(.bss)
    m_peer_table                             0x200026cc   Data         196  device_manager_peripheral.o(.bss)
    m_bond_table                             0x20002790   Data          28  device_manager_peripheral.o(.bss)
    m_gatts_table                            0x200027ac   Data          36  device_manager_peripheral.o(.bss)
    m_connection_table                       0x200027d0   Data          12  device_manager_peripheral.o(.bss)
    m_application_table                      0x200027dc   Data          12  device_manager_peripheral.o(.bss)
    m_local_id_info                          0x200027e8   Data          23  device_manager_peripheral.o(.bss)
    .bss                                     0x20002800   Section       88  nrf_drv_gpiote.o(.bss)
    m_cb                                     0x20002800   Data          88  nrf_drv_gpiote.o(.bss)
    .bss                                     0x20002858   Section       32  nrf_drv_uart.o(.bss)
    m_cb                                     0x20002858   Data          32  nrf_drv_uart.o(.bss)
    .bss                                     0x20002878   Section      228  pstorage.o(.bss)
    m_cmd_queue                              0x20002878   Data         204  pstorage.o(.bss)
    m_app_table                              0x20002944   Data          24  pstorage.o(.bss)
    .bss                                     0x2000295c   Section       80  nrf_drv_twi.o(.bss)
    m_cb                                     0x2000295c   Data          80  nrf_drv_twi.o(.bss)
    .bss                                     0x200029ac   Section       32  app_uart_fifo.o(.bss)
    m_rx_fifo                                0x200029ac   Data          16  app_uart_fifo.o(.bss)
    m_tx_fifo                                0x200029bc   Data          16  app_uart_fifo.o(.bss)
    .bss                                     0x200029cc   Section       32  app_button.o(.bss)
    m_detection_delay_timer_id_data          0x200029cc   Data          32  app_button.o(.bss)
    .bss                                     0x200029ec   Section       32  app_error.o(.bss)
    m_error_data                             0x200029ec   Data          32  app_error.o(.bss)
    .bss                                     0x20002a0c   Section       88  fstorage.o(.bss)
    m_queue                                  0x20002a0c   Data          88  fstorage.o(.bss)
    .bss                                     0x20002a64   Section       12  softdevice_handler.o(.bss)
    HEAP                                     0x20002a70   Section     8192  arm_startup_nrf52.o(HEAP)
    STACK                                    0x20004a70   Section     8192  arm_startup_nrf52.o(STACK)

    Global Symbols

    Symbol Name                              Value     Ov Type        Size  Object(Section)

    BuildAttributes$$THM_ISAv4$E$P$D$K$B$S$7EM$VFPi3$EXTD16$VFPS$VFMA$PE$A:L22UL41UL21$X:L11$S22US41US21$IEEE1$IW$USESV6$~STKCKD$USESV7$~SHL$OSPACE$ROPI$EBA8$MICROLIB$REQ8$PRES8$EABIv2 0x00000000   Number         0  anon$$obj.o ABSOLUTE
    __ARM_use_no_argv                        0x00000000   Number         0  main.o ABSOLUTE
    _printf_a                                0x00000000   Number         0  stubs.o ABSOLUTE
    _printf_c                                0x00000000   Number         0  stubs.o ABSOLUTE
    _printf_charcount                        0x00000000   Number         0  stubs.o ABSOLUTE
    _printf_d                                0x00000000   Number         0  stubs.o ABSOLUTE
    _printf_e                                0x00000000   Number         0  stubs.o ABSOLUTE
    _printf_f                                0x00000000   Number         0  stubs.o ABSOLUTE
    _printf_flags                            0x00000000   Number         0  stubs.o ABSOLUTE
    _printf_fp_dec                           0x00000000   Number         0  stubs.o ABSOLUTE
    _printf_fp_hex                           0x00000000   Number         0  stubs.o ABSOLUTE
    _printf_g                                0x00000000   Number         0  stubs.o ABSOLUTE
    _printf_i                                0x00000000   Number         0  stubs.o ABSOLUTE
    _printf_int_dec                          0x00000000   Number         0  stubs.o ABSOLUTE
    _printf_l                                0x00000000   Number         0  stubs.o ABSOLUTE
    _printf_lc                               0x00000000   Number         0  stubs.o ABSOLUTE
    _printf_ll                               0x00000000   Number         0  stubs.o ABSOLUTE
    _printf_lld                              0x00000000   Number         0  stubs.o ABSOLUTE
    _printf_lli                              0x00000000   Number         0  stubs.o ABSOLUTE
    _printf_llo                              0x00000000   Number         0  stubs.o ABSOLUTE
    _printf_llu                              0x00000000   Number         0  stubs.o ABSOLUTE
    _printf_llx                              0x00000000   Number         0  stubs.o ABSOLUTE
    _printf_longlong_dec                     0x00000000   Number         0  stubs.o ABSOLUTE
    _printf_longlong_hex                     0x00000000   Number         0  stubs.o ABSOLUTE
    _printf_longlong_oct                     0x00000000   Number         0  stubs.o ABSOLUTE
    _printf_ls                               0x00000000   Number         0  stubs.o ABSOLUTE
    _printf_mbtowc                           0x00000000   Number         0  stubs.o ABSOLUTE
    _printf_n                                0x00000000   Number         0  stubs.o ABSOLUTE
    _printf_o                                0x00000000   Number         0  stubs.o ABSOLUTE
    _printf_p                                0x00000000   Number         0  stubs.o ABSOLUTE
    _printf_percent                          0x00000000   Number         0  stubs.o ABSOLUTE
    _printf_pre_padding                      0x00000000   Number         0  stubs.o ABSOLUTE
    _printf_return_value                     0x00000000   Number         0  stubs.o ABSOLUTE
    _printf_s                                0x00000000   Number         0  stubs.o ABSOLUTE
    _printf_sizespec                         0x00000000   Number         0  stubs.o ABSOLUTE
    _printf_str                              0x00000000   Number         0  stubs.o ABSOLUTE
    _printf_truncate_signed                  0x00000000   Number         0  stubs.o ABSOLUTE
    _printf_truncate_unsigned                0x00000000   Number         0  stubs.o ABSOLUTE
    _printf_u                                0x00000000   Number         0  stubs.o ABSOLUTE
    _printf_wc                               0x00000000   Number         0  stubs.o ABSOLUTE
    _printf_wctomb                           0x00000000   Number         0  stubs.o ABSOLUTE
    _printf_widthprec                        0x00000000   Number         0  stubs.o ABSOLUTE
    _printf_x                                0x00000000   Number         0  stubs.o ABSOLUTE
    __cpp_initialize__aeabi_                  - Undefined Weak Reference
    __cxa_finalize                            - Undefined Weak Reference
    __decompress                              - Undefined Weak Reference
    _clock_init                               - Undefined Weak Reference
    _microlib_exit                            - Undefined Weak Reference
    fs_data$$Base                             - Undefined Reference
    fs_data$$Limit                            - Undefined Reference
    __Vectors_Size                           0x00000200   Number         0  arm_startup_nrf52.o ABSOLUTE
    __Vectors                                0x0001c000   Data           4  arm_startup_nrf52.o(RESET)
    __Vectors_End                            0x0001c200   Data           0  arm_startup_nrf52.o(RESET)
    __main                                   0x0001c201   Thumb Code     0  entry.o(.ARM.Collect$$$$00000000)
    _main_stk                                0x0001c201   Thumb Code     0  entry2.o(.ARM.Collect$$$$00000001)
    _main_scatterload                        0x0001c205   Thumb Code     0  entry5.o(.ARM.Collect$$$$00000004)
    __main_after_scatterload                 0x0001c209   Thumb Code     0  entry5.o(.ARM.Collect$$$$00000004)
    _main_clock                              0x0001c209   Thumb Code     0  entry7b.o(.ARM.Collect$$$$00000008)
    _main_cpp_init                           0x0001c209   Thumb Code     0  entry8b.o(.ARM.Collect$$$$0000000A)
    _main_init                               0x0001c209   Thumb Code     0  entry9a.o(.ARM.Collect$$$$0000000B)
    __rt_final_cpp                           0x0001c211   Thumb Code     0  entry10a.o(.ARM.Collect$$$$0000000D)
    __rt_final_exit                          0x0001c211   Thumb Code     0  entry11a.o(.ARM.Collect$$$$0000000F)
    __asm___11_nrf_delay_c_532987f3__nrf_delay_us 0x0001c215   Thumb Code   118  nrf_delay.o(.emb_text)
    __asm___13_nrf_drv_twi_c_a9bcf68d__nrf_delay_us 0x0001c28d   Thumb Code   118  nrf_drv_twi.o(.emb_text)
    __asm___11_app_timer_c_cd27f9c3__nrf_delay_us 0x0001c305   Thumb Code   118  app_timer.o(.emb_text)
    Reset_Handler                            0x0001c37d   Thumb Code     8  arm_startup_nrf52.o(.text)
    NMI_Handler                              0x0001c385   Thumb Code     2  arm_startup_nrf52.o(.text)
    HardFault_Handler                        0x0001c387   Thumb Code     2  arm_startup_nrf52.o(.text)
    MemoryManagement_Handler                 0x0001c389   Thumb Code     2  arm_startup_nrf52.o(.text)
    BusFault_Handler                         0x0001c38b   Thumb Code     2  arm_startup_nrf52.o(.text)
    UsageFault_Handler                       0x0001c38d   Thumb Code     2  arm_startup_nrf52.o(.text)
    SVC_Handler                              0x0001c38f   Thumb Code     2  arm_startup_nrf52.o(.text)
    DebugMon_Handler                         0x0001c391   Thumb Code     2  arm_startup_nrf52.o(.text)
    PendSV_Handler                           0x0001c393   Thumb Code     2  arm_startup_nrf52.o(.text)
    SysTick_Handler                          0x0001c395   Thumb Code     2  arm_startup_nrf52.o(.text)
    CCM_AAR_IRQHandler                       0x0001c397   Thumb Code     0  arm_startup_nrf52.o(.text)
    COMP_LPCOMP_IRQHandler                   0x0001c397   Thumb Code     0  arm_startup_nrf52.o(.text)
    ECB_IRQHandler                           0x0001c397   Thumb Code     0  arm_startup_nrf52.o(.text)
    FPU_IRQHandler                           0x0001c397   Thumb Code     0  arm_startup_nrf52.o(.text)
    I2S_IRQHandler                           0x0001c397   Thumb Code     0  arm_startup_nrf52.o(.text)
    MWU_IRQHandler                           0x0001c397   Thumb Code     0  arm_startup_nrf52.o(.text)
    NFCT_IRQHandler                          0x0001c397   Thumb Code     0  arm_startup_nrf52.o(.text)
    PDM_IRQHandler                           0x0001c397   Thumb Code     0  arm_startup_nrf52.o(.text)
    POWER_CLOCK_IRQHandler                   0x0001c397   Thumb Code     0  arm_startup_nrf52.o(.text)
    PWM0_IRQHandler                          0x0001c397   Thumb Code     0  arm_startup_nrf52.o(.text)
    PWM1_IRQHandler                          0x0001c397   Thumb Code     0  arm_startup_nrf52.o(.text)
    PWM2_IRQHandler                          0x0001c397   Thumb Code     0  arm_startup_nrf52.o(.text)
    QDEC_IRQHandler                          0x0001c397   Thumb Code     0  arm_startup_nrf52.o(.text)
    RADIO_IRQHandler                         0x0001c397   Thumb Code     0  arm_startup_nrf52.o(.text)
    RNG_IRQHandler                           0x0001c397   Thumb Code     0  arm_startup_nrf52.o(.text)
    RTC0_IRQHandler                          0x0001c397   Thumb Code     0  arm_startup_nrf52.o(.text)
    RTC2_IRQHandler                          0x0001c397   Thumb Code     0  arm_startup_nrf52.o(.text)
    SAADC_IRQHandler                         0x0001c397   Thumb Code     0  arm_startup_nrf52.o(.text)
    SPIM2_SPIS2_SPI2_IRQHandler              0x0001c397   Thumb Code     0  arm_startup_nrf52.o(.text)
    SWI1_EGU1_IRQHandler                     0x0001c397   Thumb Code     0  arm_startup_nrf52.o(.text)
    SWI3_EGU3_IRQHandler                     0x0001c397   Thumb Code     0  arm_startup_nrf52.o(.text)
    SWI4_EGU4_IRQHandler                     0x0001c397   Thumb Code     0  arm_startup_nrf52.o(.text)
    SWI5_EGU5_IRQHandler                     0x0001c397   Thumb Code     0  arm_startup_nrf52.o(.text)
    TEMP_IRQHandler                          0x0001c397   Thumb Code     0  arm_startup_nrf52.o(.text)
    TIMER0_IRQHandler                        0x0001c397   Thumb Code     0  arm_startup_nrf52.o(.text)
    TIMER1_IRQHandler                        0x0001c397   Thumb Code     0  arm_startup_nrf52.o(.text)
    TIMER2_IRQHandler                        0x0001c397   Thumb Code     0  arm_startup_nrf52.o(.text)
    TIMER3_IRQHandler                        0x0001c397   Thumb Code     0  arm_startup_nrf52.o(.text)
    TIMER4_IRQHandler                        0x0001c397   Thumb Code     0  arm_startup_nrf52.o(.text)
    WDT_IRQHandler                           0x0001c397   Thumb Code     0  arm_startup_nrf52.o(.text)
    __aeabi_memcpy                           0x0001c3a1   Thumb Code    36  memcpya.o(.text)
    __aeabi_memcpy4                          0x0001c3a1   Thumb Code     0  memcpya.o(.text)
    __aeabi_memcpy8                          0x0001c3a1   Thumb Code     0  memcpya.o(.text)
    __aeabi_memset                           0x0001c3c5   Thumb Code    14  memseta.o(.text)
    __aeabi_memset4                          0x0001c3c5   Thumb Code     0  memseta.o(.text)
    __aeabi_memset8                          0x0001c3c5   Thumb Code     0  memseta.o(.text)
    __aeabi_memclr                           0x0001c3d3   Thumb Code     4  memseta.o(.text)
    __aeabi_memclr4                          0x0001c3d3   Thumb Code     0  memseta.o(.text)
    __aeabi_memclr8                          0x0001c3d3   Thumb Code     0  memseta.o(.text)
    _memset$wrapper                          0x0001c3d7   Thumb Code    18  memseta.o(.text)
    memcmp                                   0x0001c3e9   Thumb Code    26  memcmp.o(.text)
    __aeabi_uidiv                            0x0001c403   Thumb Code     0  uidiv.o(.text)
    __aeabi_uidivmod                         0x0001c403   Thumb Code    44  uidiv.o(.text)
    __scatterload                            0x0001c431   Thumb Code    28  init.o(.text)
    __scatterload_rt2                        0x0001c431   Thumb Code     0  init.o(.text)
    GPIOTE_IRQHandler                        0x0001c8cd   Thumb Code   420  nrf_drv_gpiote.o(i.GPIOTE_IRQHandler)
    LSM303D_Get_X                            0x0001cc05   Thumb Code    46  acc_file.o(i.LSM303D_Get_X)
    LSM303D_Get_Y                            0x0001cc33   Thumb Code    46  acc_file.o(i.LSM303D_Get_Y)
    LSM303D_Get_Z                            0x0001cc61   Thumb Code    46  acc_file.o(i.LSM303D_Get_Z)
    LSM303D_Set_Default_Mode                 0x0001cc91   Thumb Code   194  acc_file.o(i.LSM303D_Set_Default_Mode)
    LSM303D_TWI_Get_Byte                     0x0001cd79   Thumb Code    54  acc_file.o(i.LSM303D_TWI_Get_Byte)
    LSM303D_set_mode                         0x0001cdc9   Thumb Code    48  acc_file.o(i.LSM303D_set_mode)
    LSM303D_twi_init                         0x0001ce11   Thumb Code    54  acc_file.o(i.LSM303D_twi_init)
    MAX30105_Get_Byte                        0x0001ce65   Thumb Code    54  hrs_file.o(i.MAX30105_Get_Byte)
    MAX30105_Get_Sample                      0x0001ceb5   Thumb Code   160  hrs_file.o(i.MAX30105_Get_Sample)
    MAX30105_config_parameter                0x0001cf59   Thumb Code    60  hrs_file.o(i.MAX30105_config_parameter)
    MAX30105_default_HRS_config              0x0001cfad   Thumb Code    76  hrs_file.o(i.MAX30105_default_HRS_config)
    MAX30105_set_pointer                     0x0001cff9   Thumb Code    48  hrs_file.o(i.MAX30105_set_pointer)
    MAX30105_twi_init                        0x0001d041   Thumb Code    54  hrs_file.o(i.MAX30105_twi_init)
    RTC1_IRQHandler                          0x0001d105   Thumb Code    44  app_timer.o(i.RTC1_IRQHandler)
    SPIM0_SPIS0_TWIM0_TWIS0_SPI0_TWI0_IRQHandler 0x0001d139   Thumb Code    12  nrf_drv_twi.o(i.SPIM0_SPIS0_TWIM0_TWIS0_SPI0_TWI0_IRQHandler)
    SPIM1_SPIS1_TWIM1_TWIS1_SPI1_TWI1_IRQHandler 0x0001d14d   Thumb Code    14  nrf_drv_twi.o(i.SPIM1_SPIS1_TWIM1_TWIS1_SPI1_TWI1_IRQHandler)
    SWI0_EGU0_IRQHandler                     0x0001d161   Thumb Code     8  app_timer.o(i.SWI0_EGU0_IRQHandler)
    SWI2_EGU2_IRQHandler                     0x0001d169   Thumb Code    48  softdevice_handler.o(i.SWI2_EGU2_IRQHandler)
    SystemCoreClockUpdate                    0x0001d1a1   Thumb Code     8  system_nrf52.o(i.SystemCoreClockUpdate)
    SystemInit                               0x0001d1b1   Thumb Code   554  system_nrf52.o(i.SystemInit)
    UARTE0_UART0_IRQHandler                  0x0001d419   Thumb Code    20  nrf_drv_uart.o(i.UARTE0_UART0_IRQHandler)
    __0printf$1                              0x0001d431   Thumb Code    22  printf1.o(i.__0printf$1)
    __1printf$1                              0x0001d431   Thumb Code     0  printf1.o(i.__0printf$1)
    __2printf                                0x0001d431   Thumb Code     0  printf1.o(i.__0printf$1)
    __scatterload_copy                       0x0001d451   Thumb Code    14  handlers.o(i.__scatterload_copy)
    __scatterload_null                       0x0001d45f   Thumb Code     2  handlers.o(i.__scatterload_null)
    __scatterload_zeroinit                   0x0001d461   Thumb Code    14  handlers.o(i.__scatterload_zeroinit)
    acc1_value_update                        0x0001d5c5   Thumb Code    68  our_service.o(i.acc1_value_update)
    acc2_value_update                        0x0001d609   Thumb Code    68  our_service.o(i.acc2_value_update)
    acc3_value_update                        0x0001d64d   Thumb Code    68  our_service.o(i.acc3_value_update)
    acc_service_init                         0x0001d691   Thumb Code   116  our_service.o(i.acc_service_init)
    adv_data_encode                          0x0001d721   Thumb Code   454  ble_advdata.o(i.adv_data_encode)
    app_button_enable                        0x0001d9e5   Thumb Code    34  app_button.o(i.app_button_enable)
    app_button_init                          0x0001da11   Thumb Code   132  app_button.o(i.app_button_init)
    app_error_fault_handler                  0x0001dab9   Thumb Code    26  app_error_weak.o(i.app_error_fault_handler)
    app_error_handler                        0x0001dad3   Thumb Code    32  app_error.o(i.app_error_handler)
    app_error_save_and_stop                  0x0001daf5   Thumb Code   132  app_error.o(i.app_error_save_and_stop)
    app_fifo_get                             0x0001db9d   Thumb Code    30  app_fifo.o(i.app_fifo_get)
    app_fifo_init                            0x0001dbbb   Thumb Code    36  app_fifo.o(i.app_fifo_init)
    app_fifo_put                             0x0001dbdf   Thumb Code    34  app_fifo.o(i.app_fifo_put)
    app_timer_create                         0x0001dc59   Thumb Code    56  app_timer.o(i.app_timer_create)
    app_timer_init                           0x0001dc95   Thumb Code   154  app_timer.o(i.app_timer_init)
    app_timer_start                          0x0001dd4d   Thumb Code    84  app_timer.o(i.app_timer_start)
    app_timer_stop                           0x0001dda5   Thumb Code    48  app_timer.o(i.app_timer_stop)
    app_uart_init                            0x0001ddd9   Thumb Code   178  app_uart_fifo.o(i.app_uart_init)
    app_uart_put                             0x0001dea5   Thumb Code    46  app_uart_fifo.o(i.app_uart_put)
    ble_advdata_set                          0x0001dfed   Thumb Code   148  ble_advdata.o(i.ble_advdata_set)
    ble_advertising_init                     0x0001e081   Thumb Code   324  ble_advertising.o(i.ble_advertising_init)
    ble_advertising_on_ble_evt               0x0001e1fd   Thumb Code   224  ble_advertising.o(i.ble_advertising_on_ble_evt)
    ble_advertising_on_sys_evt               0x0001e2f5   Thumb Code    64  ble_advertising.o(i.ble_advertising_on_sys_evt)
    ble_advertising_restart_without_whitelist 0x0001e351   Thumb Code    98  ble_advertising.o(i.ble_advertising_restart_without_whitelist)
    ble_advertising_start                    0x0001e3c9   Thumb Code   604  ble_advertising.o(i.ble_advertising_start)
    ble_conn_params_init                     0x0001e651   Thumb Code    84  ble_conn_params.o(i.ble_conn_params_init)
    ble_conn_params_on_ble_evt               0x0001e6c1   Thumb Code    62  ble_conn_params.o(i.ble_conn_params_on_ble_evt)
    ble_our_service_on_ble_evt               0x0001e7b1   Thumb Code    32  our_service.o(i.ble_our_service_on_ble_evt)
    bond_data_load                           0x0001e8dd   Thumb Code    64  device_manager_peripheral.o(i.bond_data_load)
    bsp_btn_ble_init                         0x0001e92d   Thumb Code    48  bsp_btn_ble.o(i.bsp_btn_ble_init)
    bsp_btn_ble_on_ble_evt                   0x0001e965   Thumb Code   110  bsp_btn_ble.o(i.bsp_btn_ble_on_ble_evt)
    bsp_btn_ble_sleep_mode_prepare           0x0001e9dd   Thumb Code    28  bsp_btn_ble.o(i.bsp_btn_ble_sleep_mode_prepare)
    bsp_button_is_pressed                    0x0001ead5   Thumb Code    46  bsp.o(i.bsp_button_is_pressed)
    bsp_event_handler                        0x0001eb0d   Thumb Code   104  main.o(i.bsp_event_handler)
    bsp_event_to_button_action_assign        0x0001eb89   Thumb Code    86  bsp.o(i.bsp_event_to_button_action_assign)
    bsp_indication_set                       0x0001ebe5   Thumb Code    28  bsp.o(i.bsp_indication_set)
    bsp_init                                 0x0001ec05   Thumb Code   164  bsp.o(i.bsp_init)
    bsp_wakeup_buttons_set                   0x0001f271   Thumb Code    70  bsp.o(i.bsp_wakeup_buttons_set)
    dm_ble_evt_handler                       0x0001fe65   Thumb Code  1696  device_manager_peripheral.o(i.dm_ble_evt_handler)
    dm_handle_initialize                     0x0002051d   Thumb Code    24  device_manager_peripheral.o(i.dm_handle_initialize)
    dm_init                                  0x00020535   Thumb Code   234  device_manager_peripheral.o(i.dm_init)
    dm_register                              0x00020899   Thumb Code   166  device_manager_peripheral.o(i.dm_register)
    fputc                                    0x00020e0d   Thumb Code    16  retarget.o(i.fputc)
    free                                     0x00020e1d   Thumb Code    76  malloc.o(i.free)
    fs_queued_op_count_get                   0x00020e6d   Thumb Code    18  fstorage.o(i.fs_queued_op_count_get)
    hrs_service_init                         0x000212a9   Thumb Code   104  our_service.o(i.hrs_service_init)
    hrs_value_update                         0x0002132d   Thumb Code    68  our_service.o(i.hrs_value_update)
    intern_softdevice_events_execute         0x00021371   Thumb Code   150  softdevice_handler.o(i.intern_softdevice_events_execute)
    main                                     0x00021809   Thumb Code   160  main.o(i.main)
    malloc                                   0x00021915   Thumb Code    92  malloc.o(i.malloc)
    nrf_delay_ms                             0x00021acb   Thumb Code    26  nrf_delay.o(i.nrf_delay_ms)
    nrf_drv_common_irq_enable                0x00021ae5   Thumb Code    84  nrf_drv_common.o(i.nrf_drv_common_irq_enable)
    nrf_drv_gpiote_in_event_enable           0x00021b51   Thumb Code   170  nrf_drv_gpiote.o(i.nrf_drv_gpiote_in_event_enable)
    nrf_drv_gpiote_in_init                   0x00021c09   Thumb Code   198  nrf_drv_gpiote.o(i.nrf_drv_gpiote_in_init)
    nrf_drv_gpiote_in_is_set                 0x00021ce1   Thumb Code    24  nrf_drv_gpiote.o(i.nrf_drv_gpiote_in_is_set)
    nrf_drv_gpiote_init                      0x00021cfd   Thumb Code    78  nrf_drv_gpiote.o(i.nrf_drv_gpiote_init)
    nrf_drv_gpiote_is_init                   0x00021d51   Thumb Code    16  nrf_drv_gpiote.o(i.nrf_drv_gpiote_is_init)
    nrf_drv_twi_enable                       0x00021d65   Thumb Code    32  nrf_drv_twi.o(i.nrf_drv_twi_enable)
    nrf_drv_twi_init                         0x00021d89   Thumb Code   142  nrf_drv_twi.o(i.nrf_drv_twi_init)
    nrf_drv_twi_rx                           0x00021e25   Thumb Code    40  nrf_drv_twi.o(i.nrf_drv_twi_rx)
    nrf_drv_twi_tx                           0x00021e51   Thumb Code    60  nrf_drv_twi.o(i.nrf_drv_twi_tx)
    nrf_drv_twi_xfer                         0x00021e8d   Thumb Code    54  nrf_drv_twi.o(i.nrf_drv_twi_xfer)
    nrf_drv_uart_init                        0x00021ec9   Thumb Code   202  nrf_drv_uart.o(i.nrf_drv_uart_init)
    nrf_drv_uart_rx                          0x00021fad   Thumb Code   168  nrf_drv_uart.o(i.nrf_drv_uart_rx)
    nrf_drv_uart_rx_enable                   0x0002205d   Thumb Code    26  nrf_drv_uart.o(i.nrf_drv_uart_rx_enable)
    nrf_drv_uart_tx                          0x000221e5   Thumb Code    66  nrf_drv_uart.o(i.nrf_drv_uart_tx)
    nrf_drv_uart_tx_in_progress              0x00022329   Thumb Code    14  nrf_drv_uart.o(i.nrf_drv_uart_tx_in_progress)
    pstorage_access_status_get               0x00022829   Thumb Code    36  pstorage.o(i.pstorage_access_status_get)
    pstorage_block_identifier_get            0x00022855   Thumb Code   154  pstorage.o(i.pstorage_block_identifier_get)
    pstorage_clear                           0x000228f9   Thumb Code   280  pstorage.o(i.pstorage_clear)
    pstorage_init                            0x00022a41   Thumb Code   110  pstorage.o(i.pstorage_init)
    pstorage_load                            0x00022ad1   Thumb Code   236  pstorage.o(i.pstorage_load)
    pstorage_register                        0x00022bc5   Thumb Code   256  pstorage.o(i.pstorage_register)
    pstorage_store                           0x00022cd5   Thumb Code   212  pstorage.o(i.pstorage_store)
    pstorage_sys_event_handler               0x00022db1   Thumb Code    62  pstorage.o(i.pstorage_sys_event_handler)
    pstorage_update                          0x00022df9   Thumb Code   212  pstorage.o(i.pstorage_update)
    sd_check_ram_start                       0x00023031   Thumb Code    22  softdevice_handler.o(i.sd_check_ram_start)
    softdevice_ble_evt_handler_set           0x00023285   Thumb Code    20  softdevice_handler.o(i.softdevice_ble_evt_handler_set)
    softdevice_enable                        0x0002329d   Thumb Code    24  softdevice_handler.o(i.softdevice_enable)
    softdevice_enable_get_default_config     0x000232b9   Thumb Code    44  softdevice_handler.o(i.softdevice_enable_get_default_config)
    softdevice_fault_handler                 0x000232e5   Thumb Code    20  softdevice_handler.o(i.softdevice_fault_handler)
    softdevice_handler_init                  0x000232f9   Thumb Code    80  softdevice_handler.o(i.softdevice_handler_init)
    softdevice_sys_evt_handler_set           0x0002335d   Thumb Code    20  softdevice_handler.o(i.softdevice_sys_evt_handler_set)
    m_service_context_store                  0x00024824   Data          16  device_manager_peripheral.o(.constdata)
    m_service_context_load                   0x00024834   Data          16  device_manager_peripheral.o(.constdata)
    m_service_context_apply                  0x00024844   Data          16  device_manager_peripheral.o(.constdata)
    m_context_init_len                       0x00024854   Data           4  device_manager_peripheral.o(.constdata)
    Region$$Table$$Base                      0x00024998   Number         0  anon$$obj.o(Region$$Table)
    Region$$Table$$Limit                     0x000249b8   Number         0  anon$$obj.o(Region$$Table)
    Image$$RW_IRAM1$$Base                    0x20002080   Number         0  anon$$obj.o ABSOLUTE
    __stdout                                 0x20002160   Data           4  retarget.o(.data)
    __stdin                                  0x20002164   Data           4  retarget.o(.data)
    SystemCoreClock                          0x20002180   Data           4  system_nrf52.o(.data)
    __microlib_freelist                      0x20002184   Data           4  mvars.o(.data)
    __microlib_freelist_initialised          0x20002188   Data           4  mvars.o(.data)
    acc_service                              0x2000218c   Data          36  main.o(.bss)
    hrs_service                              0x200021b0   Data          36  main.o(.bss)
    nrf_nvic_state                           0x20002a64   Data          12  softdevice_handler.o(.bss)
    __heap_base                              0x20002a70   Data           0  arm_startup_nrf52.o(HEAP)
    __heap_limit                             0x20004a70   Data           0  arm_startup_nrf52.o(HEAP)
    __initial_sp                             0x20006a70   Data           0  arm_startup_nrf52.o(STACK)



==============================================================================

Memory Map of the image

  Image Entry point : 0x0001c201

  Load Region LR_IROM1 (Base: 0x0001c000, Size: 0x00008ac4, Max: 0x00064000, ABSOLUTE)

    Execution Region ER_IROM1 (Base: 0x0001c000, Size: 0x000089b8, Max: 0x00064000, ABSOLUTE)

    Base Addr    Size         Type   Attr      Idx    E Section Name        Object

    0x0001c000   0x00000200   Data   RO         3514    RESET               arm_startup_nrf52.o
    0x0001c200   0x00000000   Code   RO         3604  * .ARM.Collect$$$$00000000  mc_w.l(entry.o)
    0x0001c200   0x00000004   Code   RO         3906    .ARM.Collect$$$$00000001  mc_w.l(entry2.o)
    0x0001c204   0x00000004   Code   RO         3909    .ARM.Collect$$$$00000004  mc_w.l(entry5.o)
    0x0001c208   0x00000000   Code   RO         3911    .ARM.Collect$$$$00000008  mc_w.l(entry7b.o)
    0x0001c208   0x00000000   Code   RO         3913    .ARM.Collect$$$$0000000A  mc_w.l(entry8b.o)
    0x0001c208   0x00000008   Code   RO         3914    .ARM.Collect$$$$0000000B  mc_w.l(entry9a.o)
    0x0001c210   0x00000000   Code   RO         3916    .ARM.Collect$$$$0000000D  mc_w.l(entry10a.o)
    0x0001c210   0x00000000   Code   RO         3918    .ARM.Collect$$$$0000000F  mc_w.l(entry11a.o)
    0x0001c210   0x00000004   Code   RO         3907    .ARM.Collect$$$$00002712  mc_w.l(entry2.o)
    0x0001c214   0x00000076   Code   RO         1493    .emb_text           nrf_delay.o
    0x0001c28a   0x00000002   PAD
    0x0001c28c   0x00000076   Code   RO         2422    .emb_text           nrf_drv_twi.o
    0x0001c302   0x00000002   PAD
    0x0001c304   0x00000076   Code   RO         2905    .emb_text           app_timer.o
    0x0001c37a   0x00000002   PAD
    0x0001c37c   0x00000024   Code   RO         3515    .text               arm_startup_nrf52.o
    0x0001c3a0   0x00000024   Code   RO         3607    .text               mc_w.l(memcpya.o)
    0x0001c3c4   0x00000024   Code   RO         3609    .text               mc_w.l(memseta.o)
    0x0001c3e8   0x0000001a   Code   RO         3613    .text               mc_w.l(memcmp.o)
    0x0001c402   0x0000002c   Code   RO         3920    .text               mc_w.l(uidiv.o)
    0x0001c42e   0x00000002   PAD
    0x0001c430   0x00000024   Code   RO         3937    .text               mc_w.l(init.o)
    0x0001c454   0x0000017c   Code   RO          387    i.ACC1_char_add     our_service.o
    0x0001c5d0   0x0000017c   Code   RO          388    i.ACC2_char_add     our_service.o
    0x0001c74c   0x00000180   Code   RO          389    i.ACC3_char_add     our_service.o
    0x0001c8cc   0x000001b8   Code   RO         1563    i.GPIOTE_IRQHandler  nrf_drv_gpiote.o
    0x0001ca84   0x00000180   Code   RO          390    i.HRS_char_add      our_service.o
    0x0001cc04   0x0000002e   Code   RO          606    i.LSM303D_Get_X     acc_file.o
    0x0001cc32   0x0000002e   Code   RO          607    i.LSM303D_Get_Y     acc_file.o
    0x0001cc60   0x0000002e   Code   RO          608    i.LSM303D_Get_Z     acc_file.o
    0x0001cc8e   0x00000002   PAD
    0x0001cc90   0x000000e8   Code   RO          609    i.LSM303D_Set_Default_Mode  acc_file.o
    0x0001cd78   0x00000050   Code   RO          610    i.LSM303D_TWI_Get_Byte  acc_file.o
    0x0001cdc8   0x00000048   Code   RO          611    i.LSM303D_set_mode  acc_file.o
    0x0001ce10   0x00000054   Code   RO          612    i.LSM303D_twi_init  acc_file.o
    0x0001ce64   0x00000050   Code   RO          509    i.MAX30105_Get_Byte  hrs_file.o
    0x0001ceb4   0x000000a4   Code   RO          510    i.MAX30105_Get_Sample  hrs_file.o
    0x0001cf58   0x00000054   Code   RO          511    i.MAX30105_config_parameter  hrs_file.o
    0x0001cfac   0x0000004c   Code   RO          512    i.MAX30105_default_HRS_config  hrs_file.o
    0x0001cff8   0x00000048   Code   RO          513    i.MAX30105_set_pointer  hrs_file.o
    0x0001d040   0x00000054   Code   RO          514    i.MAX30105_twi_init  hrs_file.o
    0x0001d094   0x00000018   Code   RO         2906    i.NVIC_ClearPendingIRQ  app_timer.o
    0x0001d0ac   0x00000016   Code   RO         2907    i.NVIC_EnableIRQ    app_timer.o
    0x0001d0c2   0x00000002   PAD
    0x0001d0c4   0x00000018   Code   RO         2908    i.NVIC_SetPendingIRQ  app_timer.o
    0x0001d0dc   0x00000028   Code   RO         2909    i.NVIC_SetPriority  app_timer.o
    0x0001d104   0x00000034   Code   RO         2910    i.RTC1_IRQHandler   app_timer.o
    0x0001d138   0x00000014   Code   RO         2423    i.SPIM0_SPIS0_TWIM0_TWIS0_SPI0_TWI0_IRQHandler  nrf_drv_twi.o
    0x0001d14c   0x00000014   Code   RO         2424    i.SPIM1_SPIS1_TWIM1_TWIS1_SPI1_TWI1_IRQHandler  nrf_drv_twi.o
    0x0001d160   0x00000008   Code   RO         2911    i.SWI0_EGU0_IRQHandler  app_timer.o
    0x0001d168   0x00000038   Code   RO         3404    i.SWI2_EGU2_IRQHandler  softdevice_handler.o
    0x0001d1a0   0x00000010   Code   RO         3522    i.SystemCoreClockUpdate  system_nrf52.o
    0x0001d1b0   0x00000268   Code   RO         3523    i.SystemInit        system_nrf52.o
    0x0001d418   0x00000018   Code   RO         1802    i.UARTE0_UART0_IRQHandler  nrf_drv_uart.o
    0x0001d430   0x00000020   Code   RO         3662    i.__0printf$1       mc_w.l(printf1.o)
    0x0001d450   0x0000000e   Code   RO         3949    i.__scatterload_copy  mc_w.l(handlers.o)
    0x0001d45e   0x00000002   Code   RO         3950    i.__scatterload_null  mc_w.l(handlers.o)
    0x0001d460   0x0000000e   Code   RO         3951    i.__scatterload_zeroinit  mc_w.l(handlers.o)
    0x0001d46e   0x00000002   PAD
    0x0001d470   0x00000154   Code   RO         3669    i._printf_core      mc_w.l(printf1.o)
    0x0001d5c4   0x00000044   Code   RO          391    i.acc1_value_update  our_service.o
    0x0001d608   0x00000044   Code   RO          392    i.acc2_value_update  our_service.o
    0x0001d64c   0x00000044   Code   RO          393    i.acc3_value_update  our_service.o
    0x0001d690   0x00000090   Code   RO          394    i.acc_service_init  our_service.o
    0x0001d720   0x000001c6   Code   RO          858    i.adv_data_encode   ble_advdata.o
    0x0001d8e6   0x00000012   Code   RO          859    i.advdata_check     ble_advdata.o
    0x0001d8f8   0x00000054   Code   RO          802    i.advertising_buttons_configure  bsp_btn_ble.o
    0x0001d94c   0x00000074   Code   RO            5    i.advertising_init  main.o
    0x0001d9c0   0x00000024   Code   RO          682    i.alert_timer_handler  bsp.o
    0x0001d9e4   0x0000002c   Code   RO         2780    i.app_button_enable  app_button.o
    0x0001da10   0x000000a8   Code   RO         2781    i.app_button_init   app_button.o
    0x0001dab8   0x0000001a   Code   RO         2881    i.app_error_fault_handler  app_error_weak.o
    0x0001dad2   0x00000020   Code   RO         2841    i.app_error_handler  app_error.o
    0x0001daf2   0x00000002   PAD
    0x0001daf4   0x00000088   Code   RO         2843    i.app_error_save_and_stop  app_error.o
    0x0001db7c   0x00000020   Code   RO         1219    i.app_evt_notify    device_manager_peripheral.o
    0x0001db9c   0x0000001e   Code   RO         2700    i.app_fifo_get      app_fifo.o
    0x0001dbba   0x00000024   Code   RO         2701    i.app_fifo_init     app_fifo.o
    0x0001dbde   0x00000022   Code   RO         2703    i.app_fifo_put      app_fifo.o
    0x0001dc00   0x00000030   Code   RO         2088    i.app_notify        pstorage.o
    0x0001dc30   0x00000028   Code   RO         2089    i.app_notify_error_state_transit  pstorage.o
    0x0001dc58   0x0000003c   Code   RO         2914    i.app_timer_create  app_timer.o
    0x0001dc94   0x000000b8   Code   RO         2915    i.app_timer_init    app_timer.o
    0x0001dd4c   0x00000058   Code   RO         2916    i.app_timer_start   app_timer.o
    0x0001dda4   0x00000034   Code   RO         2917    i.app_timer_stop    app_timer.o
    0x0001ddd8   0x000000cc   Code   RO         2619    i.app_uart_init     app_uart_fifo.o
    0x0001dea4   0x00000038   Code   RO         2620    i.app_uart_put      app_uart_fifo.o
    0x0001dedc   0x00000052   Code   RO          860    i.appearance_encode  ble_advdata.o
    0x0001df2e   0x00000002   Code   RO            6    i.application_timers_start  main.o
    0x0001df30   0x000000bc   Code   RO         1803    i.apply_config      nrf_drv_uart.o
    0x0001dfec   0x00000094   Code   RO          861    i.ble_advdata_set   ble_advdata.o
    0x0001e080   0x0000017c   Code   RO          980    i.ble_advertising_init  ble_advertising.o
    0x0001e1fc   0x000000f8   Code   RO          981    i.ble_advertising_on_ble_evt  ble_advertising.o
    0x0001e2f4   0x0000004c   Code   RO          982    i.ble_advertising_on_sys_evt  ble_advertising.o
    0x0001e340   0x00000010   Code   RO          984    i.ble_advertising_peer_address_clear  ble_advertising.o
    0x0001e350   0x00000078   Code   RO          985    i.ble_advertising_restart_without_whitelist  ble_advertising.o
    0x0001e3c8   0x00000288   Code   RO          986    i.ble_advertising_start  ble_advertising.o
    0x0001e650   0x00000070   Code   RO         1082    i.ble_conn_params_init  ble_conn_params.o
    0x0001e6c0   0x0000003e   Code   RO         1083    i.ble_conn_params_on_ble_evt  ble_conn_params.o
    0x0001e6fe   0x00000074   Code   RO          862    i.ble_device_addr_encode  ble_advdata.o
    0x0001e772   0x00000002   PAD
    0x0001e774   0x0000003c   Code   RO            8    i.ble_evt_dispatch  main.o
    0x0001e7b0   0x00000020   Code   RO          395    i.ble_our_service_on_ble_evt  our_service.o
    0x0001e7d0   0x0000010c   Code   RO            9    i.ble_stack_init    main.o
    0x0001e8dc   0x00000050   Code   RO         1220    i.bond_data_load    device_manager_peripheral.o
    0x0001e92c   0x00000038   Code   RO          803    i.bsp_btn_ble_init  bsp_btn_ble.o
    0x0001e964   0x00000078   Code   RO          804    i.bsp_btn_ble_on_ble_evt  bsp_btn_ble.o
    0x0001e9dc   0x0000001c   Code   RO          805    i.bsp_btn_ble_sleep_mode_prepare  bsp_btn_ble.o
    0x0001e9f8   0x000000dc   Code   RO          683    i.bsp_button_event_handler  bsp.o
    0x0001ead4   0x00000038   Code   RO          684    i.bsp_button_is_pressed  bsp.o
    0x0001eb0c   0x0000007c   Code   RO           10    i.bsp_event_handler  main.o
    0x0001eb88   0x0000005c   Code   RO          688    i.bsp_event_to_button_action_assign  bsp.o
    0x0001ebe4   0x00000020   Code   RO          689    i.bsp_indication_set  bsp.o
    0x0001ec04   0x000000d0   Code   RO          691    i.bsp_init          bsp.o
    0x0001ecd4   0x0000059c   Code   RO          692    i.bsp_led_indication  bsp.o
    0x0001f270   0x00000050   Code   RO          693    i.bsp_wakeup_buttons_set  bsp.o
    0x0001f2c0   0x0000000e   Code   RO          694    i.button_timer_handler  bsp.o
    0x0001f2ce   0x00000002   PAD
    0x0001f2d0   0x00000074   Code   RO           11    i.buttons_leds_init  main.o
    0x0001f344   0x00000020   Code   RO         1564    i.channel_free      nrf_drv_gpiote.o
    0x0001f364   0x00000010   Code   RO         1565    i.channel_handler_get  nrf_drv_gpiote.o
    0x0001f374   0x00000080   Code   RO         1566    i.channel_port_alloc  nrf_drv_gpiote.o
    0x0001f3f4   0x0000000c   Code   RO         1567    i.channel_port_get  nrf_drv_gpiote.o
    0x0001f400   0x00000104   Code   RO         2090    i.clear_operation_execute  pstorage.o
    0x0001f504   0x00000028   Code   RO         2091    i.clear_post_processing_run  pstorage.o
    0x0001f52c   0x00000048   Code   RO         2092    i.cmd_process       pstorage.o
    0x0001f574   0x00000014   Code   RO         2093    i.cmd_queue_dequeue  pstorage.o
    0x0001f588   0x00000050   Code   RO         2094    i.cmd_queue_element_init  pstorage.o
    0x0001f5d8   0x0000009c   Code   RO         2095    i.cmd_queue_enqueue  pstorage.o
    0x0001f674   0x00000020   Code   RO         2096    i.cmd_queue_init    pstorage.o
    0x0001f694   0x00000028   Code   RO         2097    i.command_end_procedure_run  pstorage.o
    0x0001f6bc   0x0000002c   Code   RO         2098    i.command_queue_element_consume  pstorage.o
    0x0001f6e8   0x00000090   Code   RO         2919    i.compare_reg_update  app_timer.o
    0x0001f778   0x0000005a   Code   RO          863    i.conn_int_check    ble_advdata.o
    0x0001f7d2   0x00000068   Code   RO          864    i.conn_int_encode   ble_advdata.o
    0x0001f83a   0x00000002   PAD
    0x0001f83c   0x00000024   Code   RO           12    i.conn_params_error_handler  main.o
    0x0001f860   0x00000070   Code   RO           13    i.conn_params_init  main.o
    0x0001f8d0   0x00000084   Code   RO         1085    i.conn_params_negotiation  ble_conn_params.o
    0x0001f954   0x00000054   Code   RO          806    i.connection_buttons_configure  bsp_btn_ble.o
    0x0001f9a8   0x00000048   Code   RO         1221    i.connection_instance_find  device_manager_peripheral.o
    0x0001f9f0   0x00000040   Code   RO         1222    i.connection_instance_init  device_manager_peripheral.o
    0x0001fa30   0x0000007c   Code   RO         2099    i.data_page_erase_state_run  pstorage.o
    0x0001faac   0x00000034   Code   RO         2100    i.data_to_swap_write_state_run  pstorage.o
    0x0001fae0   0x0000008c   Code   RO         2783    i.detection_delay_timeout_handler  app_button.o
    0x0001fb6c   0x000000e0   Code   RO         1223    i.device_context_store  device_manager_peripheral.o
    0x0001fc4c   0x00000088   Code   RO         1224    i.device_instance_allocate  device_manager_peripheral.o
    0x0001fcd4   0x00000058   Code   RO         1225    i.device_instance_find  device_manager_peripheral.o
    0x0001fd2c   0x0000002c   Code   RO         1226    i.device_instance_free  device_manager_peripheral.o
    0x0001fd58   0x00000038   Code   RO           14    i.device_manager_evt_handler  main.o
    0x0001fd90   0x000000d4   Code   RO           15    i.device_manager_init  main.o
    0x0001fe64   0x000006b8   Code   RO         1231    i.dm_ble_evt_handler  device_manager_peripheral.o
    0x0002051c   0x00000018   Code   RO         1237    i.dm_handle_initialize  device_manager_peripheral.o
    0x00020534   0x00000108   Code   RO         1238    i.dm_init           device_manager_peripheral.o
    0x0002063c   0x0000025c   Code   RO         1241    i.dm_pstorage_cb_handler  device_manager_peripheral.o
    0x00020898   0x000000b0   Code   RO         1242    i.dm_register       device_manager_peripheral.o
    0x00020948   0x00000064   Code   RO         2920    i.elapsed_ticks_acquire  app_timer.o
    0x000209ac   0x00000040   Code   RO         2101    i.erase_sub_state_sm_run  pstorage.o
    0x000209ec   0x00000054   Code   RO         3524    i.errata_108        system_nrf52.o
    0x00020a40   0x00000054   Code   RO         3525    i.errata_12         system_nrf52.o
    0x00020a94   0x00000030   Code   RO         3526    i.errata_16         system_nrf52.o
    0x00020ac4   0x00000054   Code   RO         3527    i.errata_31         system_nrf52.o
    0x00020b18   0x00000030   Code   RO         3528    i.errata_32         system_nrf52.o
    0x00020b48   0x00000054   Code   RO         3529    i.errata_36         system_nrf52.o
    0x00020b9c   0x00000030   Code   RO         3530    i.errata_37         system_nrf52.o
    0x00020bcc   0x00000030   Code   RO         3531    i.errata_57         system_nrf52.o
    0x00020bfc   0x00000030   Code   RO         3532    i.errata_66         system_nrf52.o
    0x00020c2c   0x00000058   Code   RO         2921    i.expired_timers_handler  app_timer.o
    0x00020c84   0x00000018   Code   RO         2706    i.fifo_get          app_fifo.o
    0x00020c9c   0x0000000a   Code   RO         2621    i.fifo_length       app_uart_fifo.o
    0x00020ca6   0x0000000a   Code   RO         2707    i.fifo_length       app_fifo.o
    0x00020cb0   0x00000012   Code   RO         2708    i.fifo_peek         app_fifo.o
    0x00020cc2   0x00000012   Code   RO         2709    i.fifo_put          app_fifo.o
    0x00020cd4   0x00000036   Code   RO          865    i.flags_encode      ble_advdata.o
    0x00020d0a   0x00000036   Code   RO          988    i.flash_access_in_progress  ble_advertising.o
    0x00020d40   0x0000002c   Code   RO         2102    i.flash_api_err_code_process  pstorage.o
    0x00020d6c   0x00000044   Code   RO         2103    i.flash_operation_failure_run  pstorage.o
    0x00020db0   0x00000030   Code   RO         2104    i.flash_operation_success_run  pstorage.o
    0x00020de0   0x00000010   Code   RO         2105    i.flash_page_erase  pstorage.o
    0x00020df0   0x0000001c   Code   RO         2106    i.flash_write       pstorage.o
    0x00020e0c   0x00000010   Code   RO         3335    i.fputc             retarget.o
    0x00020e1c   0x00000050   Code   RO         3878    i.free              mc_w.l(malloc.o)
    0x00020e6c   0x00000018   Code   RO         3208    i.fs_queued_op_count_get  fstorage.o
    0x00020e84   0x000000a4   Code   RO           16    i.gap_params_init   main.o
    0x00020f28   0x00000006   Code   RO         1249    i.gattc_context_apply  device_manager_peripheral.o
    0x00020f2e   0x00000006   Code   RO         1250    i.gattc_context_load  device_manager_peripheral.o
    0x00020f34   0x00000006   Code   RO         1251    i.gattc_context_store  device_manager_peripheral.o
    0x00020f3a   0x00000002   PAD
    0x00020f3c   0x000000f8   Code   RO         1252    i.gatts_context_apply  device_manager_peripheral.o
    0x00021034   0x0000004c   Code   RO         1253    i.gatts_context_load  device_manager_peripheral.o
    0x00021080   0x000000f0   Code   RO         1254    i.gatts_context_store  device_manager_peripheral.o
    0x00021170   0x00000018   Code   RO         1255    i.gattsc_context_apply  device_manager_peripheral.o
    0x00021188   0x0000001c   Code   RO         1256    i.gattsc_context_load  device_manager_peripheral.o
    0x000211a4   0x0000001c   Code   RO         1257    i.gattsc_context_store  device_manager_peripheral.o
    0x000211c0   0x00000080   Code   RO         2784    i.gpiote_event_handler  app_button.o
    0x00021240   0x00000068   Code   RO         2107    i.head_restore_state_run  pstorage.o
    0x000212a8   0x00000084   Code   RO          396    i.hrs_service_init  our_service.o
    0x0002132c   0x00000044   Code   RO          397    i.hrs_value_update  our_service.o
    0x00021370   0x000000b0   Code   RO         3405    i.intern_softdevice_events_execute  softdevice_handler.o
    0x00021420   0x000000da   Code   RO         2425    i.irq_handler_twi   nrf_drv_twi.o
    0x000214fa   0x00000002   PAD
    0x000214fc   0x00000024   Code   RO         1086    i.is_conn_params_ok  ble_conn_params.o
    0x00021520   0x00000058   Code   RO         2108    i.is_page_erase_required  pstorage.o
    0x00021578   0x00000050   Code   RO         2109    i.is_tail_data_page_swap_required  pstorage.o
    0x000215c8   0x00000010   Code   RO         2110    i.is_word_aligned   pstorage.o
    0x000215d8   0x0000006a   Code   RO          866    i.le_role_encode    ble_advdata.o
    0x00021642   0x00000002   PAD
    0x00021644   0x00000020   Code   RO          695    i.leds_timer_handler  bsp.o
    0x00021664   0x00000098   Code   RO         2922    i.list_deletions_handler  app_timer.o
    0x000216fc   0x0000010c   Code   RO         2923    i.list_insertions_handler  app_timer.o
    0x00021808   0x000000ec   Code   RO           17    i.main              main.o
    0x000218f4   0x00000020   Code   RO         2111    i.main_state_err_busy_process  pstorage.o
    0x00021914   0x0000006c   Code   RO         3879    i.malloc            mc_w.l(malloc.o)
    0x00021980   0x00000076   Code   RO          867    i.manuf_specific_data_encode  ble_advdata.o
    0x000219f6   0x000000c2   Code   RO          868    i.name_encode       ble_advdata.o
    0x00021ab8   0x00000006   Code   RO         1258    i.no_service_context_apply  device_manager_peripheral.o
    0x00021abe   0x00000006   Code   RO         1259    i.no_service_context_load  device_manager_peripheral.o
    0x00021ac4   0x00000006   Code   RO         1260    i.no_service_context_store  device_manager_peripheral.o
    0x00021aca   0x0000001a   Code   RO         1494    i.nrf_delay_ms      nrf_delay.o
    0x00021ae4   0x00000060   Code   RO         1525    i.nrf_drv_common_irq_enable  nrf_drv_common.o
    0x00021b44   0x0000000a   Code   RO         2426    i.nrf_drv_get_IRQn  nrf_drv_twi.o
    0x00021b4e   0x00000002   PAD
    0x00021b50   0x000000b8   Code   RO         1570    i.nrf_drv_gpiote_in_event_enable  nrf_drv_gpiote.o
    0x00021c08   0x000000d8   Code   RO         1571    i.nrf_drv_gpiote_in_init  nrf_drv_gpiote.o
    0x00021ce0   0x0000001c   Code   RO         1572    i.nrf_drv_gpiote_in_is_set  nrf_drv_gpiote.o
    0x00021cfc   0x00000054   Code   RO         1574    i.nrf_drv_gpiote_init  nrf_drv_gpiote.o
    0x00021d50   0x00000014   Code   RO         1575    i.nrf_drv_gpiote_is_init  nrf_drv_gpiote.o
    0x00021d64   0x00000024   Code   RO         2429    i.nrf_drv_twi_enable  nrf_drv_twi.o
    0x00021d88   0x0000009c   Code   RO         2430    i.nrf_drv_twi_init  nrf_drv_twi.o
    0x00021e24   0x0000002c   Code   RO         2431    i.nrf_drv_twi_rx    nrf_drv_twi.o
    0x00021e50   0x0000003c   Code   RO         2434    i.nrf_drv_twi_tx    nrf_drv_twi.o
    0x00021e8c   0x0000003c   Code   RO         2436    i.nrf_drv_twi_xfer  nrf_drv_twi.o
    0x00021ec8   0x000000e4   Code   RO         1805    i.nrf_drv_uart_init  nrf_drv_uart.o
    0x00021fac   0x000000b0   Code   RO         1806    i.nrf_drv_uart_rx   nrf_drv_uart.o
    0x0002205c   0x00000020   Code   RO         1809    i.nrf_drv_uart_rx_enable  nrf_drv_uart.o
    0x0002207c   0x000000b4   Code   RO         1810    i.nrf_drv_uart_rx_for_uart  nrf_drv_uart.o
    0x00022130   0x000000b4   Code   RO         1811    i.nrf_drv_uart_rx_for_uarte  nrf_drv_uart.o
    0x000221e4   0x00000048   Code   RO         1812    i.nrf_drv_uart_tx   nrf_drv_uart.o
    0x0002222c   0x0000008c   Code   RO         1814    i.nrf_drv_uart_tx_for_uart  nrf_drv_uart.o
    0x000222b8   0x00000070   Code   RO         1815    i.nrf_drv_uart_tx_for_uarte  nrf_drv_uart.o
    0x00022328   0x00000014   Code   RO         1816    i.nrf_drv_uart_tx_in_progress  nrf_drv_uart.o
    0x0002233c   0x00000024   Code   RO         1587    i.nrf_gpio_cfg      nrf_drv_gpiote.o
    0x00022360   0x00000024   Code   RO         1818    i.nrf_gpio_cfg      nrf_drv_uart.o
    0x00022384   0x0000001a   Code   RO         1820    i.nrf_gpio_cfg_input  nrf_drv_uart.o
    0x0002239e   0x00000018   Code   RO         1821    i.nrf_gpio_cfg_output  nrf_drv_uart.o
    0x000223b6   0x00000002   PAD
    0x000223b8   0x00000024   Code   RO         1589    i.nrf_gpio_cfg_sense_set  nrf_drv_gpiote.o
    0x000223dc   0x00000010   Code   RO         2437    i.nrf_gpio_pin_clear  nrf_drv_twi.o
    0x000223ec   0x00000010   Code   RO         1822    i.nrf_gpio_pin_set  nrf_drv_uart.o
    0x000223fc   0x00000010   Code   RO         2438    i.nrf_gpio_pin_set  nrf_drv_twi.o
    0x0002240c   0x0000000c   Code   RO         1592    i.nrf_gpiote_event_addr_get  nrf_drv_gpiote.o
    0x00022418   0x0000001c   Code   RO         1593    i.nrf_gpiote_event_clear  nrf_drv_gpiote.o
    0x00022434   0x00000016   Code   RO         1594    i.nrf_gpiote_event_is_set  nrf_drv_gpiote.o
    0x0002244a   0x00000002   PAD
    0x0002244c   0x0000000c   Code   RO         1595    i.nrf_gpiote_int_enable  nrf_drv_gpiote.o
    0x00022458   0x0000000e   Code   RO         2439    i.nrf_twi_event_check  nrf_drv_twi.o
    0x00022466   0x00000006   Code   RO         2440    i.nrf_twi_event_clear  nrf_drv_twi.o
    0x0002246c   0x00000006   Code   RO         2441    i.nrf_twi_int_disable  nrf_drv_twi.o
    0x00022472   0x00000006   Code   RO         2442    i.nrf_twi_int_enable  nrf_drv_twi.o
    0x00022478   0x00000006   Code   RO         2443    i.nrf_twi_shorts_set  nrf_drv_twi.o
    0x0002247e   0x00000006   Code   RO         2444    i.nrf_twi_task_trigger  nrf_drv_twi.o
    0x00022484   0x0000000c   Code   RO         1823    i.nrf_uart_errorsrc_get_and_clear  nrf_drv_uart.o
    0x00022490   0x0000000e   Code   RO         1824    i.nrf_uart_event_check  nrf_drv_uart.o
    0x0002249e   0x00000006   Code   RO         1825    i.nrf_uart_event_clear  nrf_drv_uart.o
    0x000224a4   0x0000000a   Code   RO         1826    i.nrf_uart_hwfc_pins_set  nrf_drv_uart.o
    0x000224ae   0x00000006   Code   RO         1827    i.nrf_uart_int_disable  nrf_drv_uart.o
    0x000224b4   0x00000006   Code   RO         1828    i.nrf_uart_int_enable  nrf_drv_uart.o
    0x000224ba   0x00000012   Code   RO         1829    i.nrf_uart_int_enable_check  nrf_drv_uart.o
    0x000224cc   0x00000006   Code   RO         1830    i.nrf_uart_task_trigger  nrf_drv_uart.o
    0x000224d2   0x0000000a   Code   RO         1831    i.nrf_uart_txrx_pins_set  nrf_drv_uart.o
    0x000224dc   0x0000000c   Code   RO         1832    i.nrf_uarte_errorsrc_get_and_clear  nrf_drv_uart.o
    0x000224e8   0x0000000e   Code   RO         1833    i.nrf_uarte_event_check  nrf_drv_uart.o
    0x000224f6   0x00000006   Code   RO         1834    i.nrf_uarte_event_clear  nrf_drv_uart.o
    0x000224fc   0x0000000c   Code   RO         1835    i.nrf_uarte_hwfc_pins_set  nrf_drv_uart.o
    0x00022508   0x00000006   Code   RO         1836    i.nrf_uarte_int_disable  nrf_drv_uart.o
    0x0002250e   0x00000006   Code   RO         1837    i.nrf_uarte_int_enable  nrf_drv_uart.o
    0x00022514   0x0000000a   Code   RO         1838    i.nrf_uarte_rx_amount_get  nrf_drv_uart.o
    0x0002251e   0x00000006   Code   RO         1839    i.nrf_uarte_task_trigger  nrf_drv_uart.o
    0x00022524   0x0000000e   Code   RO         1840    i.nrf_uarte_txrx_pins_set  nrf_drv_uart.o
    0x00022532   0x00000002   PAD
    0x00022534   0x00000048   Code   RO           18    i.on_adv_evt        main.o
    0x0002257c   0x00000078   Code   RO           19    i.on_ble_evt        main.o
    0x000225f4   0x00000040   Code   RO           20    i.on_conn_params_evt  main.o
    0x00022634   0x00000018   Code   RO         1087    i.on_conn_params_update  ble_conn_params.o
    0x0002264c   0x00000038   Code   RO         1088    i.on_connect        ble_conn_params.o
    0x00022684   0x00000040   Code   RO         1089    i.on_disconnect     ble_conn_params.o
    0x000226c4   0x00000058   Code   RO         1090    i.on_write          ble_conn_params.o
    0x0002271c   0x00000018   Code   RO          989    i.peer_address_exists  ble_advertising.o
    0x00022734   0x00000064   Code   RO         1261    i.peer_instance_init  device_manager_peripheral.o
    0x00022798   0x0000001c   Code   RO         1597    i.pin_in_use_by_gpiote  nrf_drv_gpiote.o
    0x000227b4   0x00000018   Code   RO         1598    i.pin_in_use_by_port  nrf_drv_gpiote.o
    0x000227cc   0x00000020   Code   RO         1599    i.pin_in_use_by_te  nrf_drv_gpiote.o
    0x000227ec   0x0000000c   Code   RO         1600    i.pin_in_use_clear  nrf_drv_gpiote.o
    0x000227f8   0x00000030   Code   RO           21    i.power_manage      main.o
    0x00022828   0x0000002c   Code   RO         2112    i.pstorage_access_status_get  pstorage.o
    0x00022854   0x000000a4   Code   RO         2113    i.pstorage_block_identifier_get  pstorage.o
    0x000228f8   0x00000120   Code   RO         2114    i.pstorage_clear    pstorage.o
    0x00022a18   0x0000001e   Code   RO         2115    i.pstorage_flash_page_end  pstorage.o
    0x00022a36   0x0000000a   Code   RO         2116    i.pstorage_flash_page_size  pstorage.o
    0x00022a40   0x00000090   Code   RO         2117    i.pstorage_init     pstorage.o
    0x00022ad0   0x000000f4   Code   RO         2118    i.pstorage_load     pstorage.o
    0x00022bc4   0x00000110   Code   RO         2119    i.pstorage_register  pstorage.o
    0x00022cd4   0x000000dc   Code   RO         2120    i.pstorage_store    pstorage.o
    0x00022db0   0x00000048   Code   RO         2121    i.pstorage_sys_event_handler  pstorage.o
    0x00022df8   0x000000dc   Code   RO         2122    i.pstorage_update   pstorage.o
    0x00022ed4   0x0000000c   Code   RO         2924    i.rtc1_compare0_set  app_timer.o
    0x00022ee0   0x0000000c   Code   RO         2925    i.rtc1_counter_get  app_timer.o
    0x00022eec   0x00000018   Code   RO         2926    i.rtc1_init         app_timer.o
    0x00022f04   0x0000003c   Code   RO         2927    i.rtc1_start        app_timer.o
    0x00022f40   0x00000058   Code   RO         2928    i.rtc1_stop         app_timer.o
    0x00022f98   0x00000050   Code   RO         1842    i.rx_byte           nrf_drv_uart.o
    0x00022fe8   0x00000024   Code   RO         1843    i.rx_done_event     nrf_drv_uart.o
    0x0002300c   0x00000024   Code   RO         1844    i.rx_enable         nrf_drv_uart.o
    0x00023030   0x0000001c   Code   RO         3406    i.sd_check_ram_start  softdevice_handler.o
    0x0002304c   0x000000d0   Code   RO         3407    i.sd_nvic_EnableIRQ  softdevice_handler.o
    0x0002311c   0x00000036   Code   RO          869    i.sec_mgr_oob_flags_encode  ble_advdata.o
    0x00023152   0x00000096   Code   RO          870    i.service_data_encode  ble_advdata.o
    0x000231e8   0x00000018   Code   RO           22    i.services_init     main.o
    0x00023200   0x00000070   Code   RO           23    i.sleep_mode_enter  main.o
    0x00023270   0x00000014   Code   RO         2123    i.sm_state_change   pstorage.o
    0x00023284   0x00000018   Code   RO         3408    i.softdevice_ble_evt_handler_set  softdevice_handler.o
    0x0002329c   0x0000001c   Code   RO         3409    i.softdevice_enable  softdevice_handler.o
    0x000232b8   0x0000002c   Code   RO         3410    i.softdevice_enable_get_default_config  softdevice_handler.o
    0x000232e4   0x00000014   Code   RO         3411    i.softdevice_fault_handler  softdevice_handler.o
    0x000232f8   0x00000064   Code   RO         3412    i.softdevice_handler_init  softdevice_handler.o
    0x0002335c   0x00000018   Code   RO         3415    i.softdevice_sys_evt_handler_set  softdevice_handler.o
    0x00023374   0x0000000e   Code   RO          871    i.srdata_check      ble_advdata.o
    0x00023382   0x0000004c   Code   RO          807    i.startup_event_extract  bsp_btn_ble.o
    0x000233ce   0x00000002   PAD
    0x000233d0   0x00000010   Code   RO         2124    i.state_data_erase_entry_run  pstorage.o
    0x000233e0   0x0000008c   Code   RO         2125    i.state_data_erase_swap_entry_run  pstorage.o
    0x0002346c   0x00000038   Code   RO         2126    i.state_entry_action_run  pstorage.o
    0x000234a4   0x00000010   Code   RO         2127    i.state_erase_data_page_entry_run  pstorage.o
    0x000234b4   0x0000001c   Code   RO         2128    i.state_idle_entry_run  pstorage.o
    0x000234d0   0x00000034   Code   RO         2129    i.state_restore_head_entry_run  pstorage.o
    0x00023504   0x00000058   Code   RO         2130    i.state_restore_tail_entry_run  pstorage.o
    0x0002355c   0x00000008   Code   RO         2131    i.state_store_entry_run  pstorage.o
    0x00023564   0x0000001e   Code   RO         2132    i.state_swap_erase_entry_run  pstorage.o
    0x00023582   0x00000002   PAD
    0x00023584   0x00000038   Code   RO         2133    i.state_write_data_swap_entry_run  pstorage.o
    0x000235bc   0x00000008   Code   RO         1262    i.storage_operation_dummy_handler  device_manager_peripheral.o
    0x000235c4   0x00000068   Code   RO         2134    i.store_cmd_flash_write_execute  pstorage.o
    0x0002362c   0x0000000a   Code   RO         2135    i.store_operation_execute  pstorage.o
    0x00023636   0x00000002   PAD
    0x00023638   0x00000048   Code   RO         2136    i.store_sub_state_sm_run  pstorage.o
    0x00023680   0x00000020   Code   RO         2137    i.swap_erase_state_run  pstorage.o
    0x000236a0   0x00000008   Code   RO         2138    i.swap_sub_sm_exit_action_run  pstorage.o
    0x000236a8   0x00000018   Code   RO         2139    i.swap_sub_state_entry_action_run  pstorage.o
    0x000236c0   0x00000020   Code   RO         2140    i.swap_sub_state_err_busy_process  pstorage.o
    0x000236e0   0x00000018   Code   RO         2141    i.swap_sub_state_sm_run  pstorage.o
    0x000236f8   0x00000014   Code   RO         2142    i.swap_sub_state_state_change  pstorage.o
    0x0002370c   0x00000012   Code   RO           24    i.sys_evt_dispatch  main.o
    0x0002371e   0x00000002   PAD
    0x00023720   0x0000001c   Code   RO         2143    i.tail_restore_state_run  pstorage.o
    0x0002373c   0x0000004c   Code   RO         2144    i.tail_word_size_calculate  pstorage.o
    0x00023788   0x0000000a   Code   RO         2929    i.ticks_diff_get    app_timer.o
    0x00023792   0x00000002   PAD
    0x00023794   0x00000078   Code   RO         2930    i.timeout_handler_exec  app_timer.o
    0x0002380c   0x00000054   Code   RO         2931    i.timer_list_handler  app_timer.o
    0x00023860   0x0000000a   Code   RO         2932    i.timer_list_handler_sched  app_timer.o
    0x0002386a   0x00000002   PAD
    0x0002386c   0x00000068   Code   RO         2933    i.timer_list_insert  app_timer.o
    0x000238d4   0x0000006c   Code   RO         2934    i.timer_list_remove  app_timer.o
    0x00023940   0x0000005c   Code   RO         2935    i.timer_start_op_schedule  app_timer.o
    0x0002399c   0x00000040   Code   RO         2937    i.timer_stop_op_schedule  app_timer.o
    0x000239dc   0x000000b4   Code   RO           25    i.timer_timeout_handler  main.o
    0x00023a90   0x00000098   Code   RO         2938    i.timer_timeouts_check  app_timer.o
    0x00023b28   0x0000000a   Code   RO         2939    i.timer_timeouts_check_sched  app_timer.o
    0x00023b32   0x00000002   PAD
    0x00023b34   0x00000054   Code   RO           26    i.timers_init       main.o
    0x00023b88   0x00000046   Code   RO          872    i.tk_value_encode   ble_advdata.o
    0x00023bce   0x00000002   PAD
    0x00023bd0   0x00000094   Code   RO         2445    i.twi_clear_bus     nrf_drv_twi.o
    0x00023c64   0x0000004c   Code   RO         2446    i.twi_receive_byte  nrf_drv_twi.o
    0x00023cb0   0x000000a6   Code   RO         2447    i.twi_rx_start_transfer  nrf_drv_twi.o
    0x00023d56   0x00000048   Code   RO         2448    i.twi_send_byte     nrf_drv_twi.o
    0x00023d9e   0x00000122   Code   RO         2449    i.twi_transfer      nrf_drv_twi.o
    0x00023ec0   0x000000ac   Code   RO         2450    i.twi_tx_start_transfer  nrf_drv_twi.o
    0x00023f6c   0x000000b8   Code   RO         2451    i.twi_xfer          nrf_drv_twi.o
    0x00024024   0x00000038   Code   RO         1845    i.tx_byte           nrf_drv_uart.o
    0x0002405c   0x0000002c   Code   RO         1846    i.tx_done_event     nrf_drv_uart.o
    0x00024088   0x00000036   Code   RO          873    i.tx_power_level_encode  ble_advdata.o
    0x000240be   0x00000002   PAD
    0x000240c0   0x0000006c   Code   RO           27    i.uart_config       main.o
    0x0002412c   0x000000c0   Code   RO         2622    i.uart_event_handler  app_uart_fifo.o
    0x000241ec   0x00000048   Code   RO           28    i.uart_events_handler  main.o
    0x00024234   0x00000160   Code   RO         1847    i.uart_irq_handler  nrf_drv_uart.o
    0x00024394   0x0000012c   Code   RO         1848    i.uarte_irq_handler  nrf_drv_uart.o
    0x000244c0   0x0000000c   Code   RO          874    i.uint16_encode     ble_advdata.o
    0x000244cc   0x00000008   Code   RO         2145    i.update_operation_execute  pstorage.o
    0x000244d4   0x00000014   Code   RO         1263    i.update_status_bit_reset  device_manager_peripheral.o
    0x000244e8   0x00000090   Code   RO         1091    i.update_timeout_handler  ble_conn_params.o
    0x00024578   0x00000058   Code   RO         2940    i.user_id_get       app_timer.o
    0x000245d0   0x00000030   Code   RO         2941    i.user_op_alloc     app_timer.o
    0x00024600   0x00000004   Code   RO         2942    i.user_op_enque     app_timer.o
    0x00024604   0x0000004e   Code   RO          875    i.uuid_list_encode  ble_advdata.o
    0x00024652   0x000000dc   Code   RO          876    i.uuid_list_sized_encode  ble_advdata.o
    0x0002472e   0x00000012   Code   RO          990    i.whitelist_has_entries  ble_advertising.o
    0x00024740   0x00000014   Data   RO           30    .constdata          main.o
    0x00024754   0x00000060   Data   RO          398    .constdata          our_service.o
    0x000247b4   0x00000018   Data   RO          515    .constdata          hrs_file.o
    0x000247cc   0x00000018   Data   RO          613    .constdata          acc_file.o
    0x000247e4   0x0000003c   Data   RO          697    .constdata          bsp.o
    0x00024820   0x00000004   Data   RO         1093    .constdata          ble_conn_params.o
    0x00024824   0x00000034   Data   RO         1265    .constdata          device_manager_peripheral.o
    0x00024858   0x00000020   Data   RO         1850    .constdata          nrf_drv_uart.o
    0x00024878   0x00000028   Data   RO         2147    .constdata          pstorage.o
    0x000248a0   0x0000002c   Data   RO         2453    .constdata          nrf_drv_twi.o
    0x000248cc   0x00000020   Data   RO         2624    .constdata          app_uart_fifo.o
    0x000248ec   0x00000008   Data   RO         2786    .constdata          app_button.o
    0x000248f4   0x0000004c   Data   RO         1266    .conststring        device_manager_peripheral.o
    0x00024940   0x00000057   Data   RO         3417    .conststring        softdevice_handler.o
    0x00024997   0x00000001   PAD
    0x00024998   0x00000020   Data   RO         3947    Region$$Table       anon$$obj.o


    Execution Region RW_IRAM1 (Base: 0x20002080, Size: 0x000049f0, Max: 0x0000df80, ABSOLUTE)

    Base Addr    Size         Type   Attr      Idx    E Section Name        Object

    0x20002080   0x00000005   Data   RW           31    .data               main.o
    0x20002085   0x00000003   PAD
    0x20002088   0x00000019   Data   RW          698    .data               bsp.o
    0x200020a1   0x00000003   PAD
    0x200020a4   0x00000008   Data   RW          808    .data               bsp_btn_ble.o
    0x200020ac   0x00000020   Data   RW          992    .data               ble_advertising.o
    0x200020cc   0x00000015   Data   RW         1094    .data               ble_conn_params.o
    0x200020e1   0x00000003   PAD
    0x200020e4   0x00000014   Data   RW         1267    .data               device_manager_peripheral.o
    0x200020f8   0x00000028   Data   RW         2148    .data               pstorage.o
    0x20002120   0x00000006   Data   RW         2625    .data               app_uart_fifo.o
    0x20002126   0x00000002   PAD
    0x20002128   0x00000014   Data   RW         2787    .data               app_button.o
    0x2000213c   0x00000022   Data   RW         2943    .data               app_timer.o
    0x2000215e   0x00000002   PAD
    0x20002160   0x00000008   Data   RW         3336    .data               retarget.o
    0x20002168   0x00000018   Data   RW         3418    .data               softdevice_handler.o
    0x20002180   0x00000004   Data   RW         3533    .data               system_nrf52.o
    0x20002184   0x00000004   Data   RW         3924    .data               mc_w.l(mvars.o)
    0x20002188   0x00000004   Data   RW         3925    .data               mc_w.l(mvars.o)
    0x2000218c   0x00000378   Zero   RW           29    .bss                main.o
    0x20002504   0x0000006c   Zero   RW          696    .bss                bsp.o
    0x20002570   0x00000103   Zero   RW          991    .bss                ble_advertising.o
    0x20002673   0x00000001   PAD
    0x20002674   0x0000003c   Zero   RW         1092    .bss                ble_conn_params.o
    0x200026b0   0x0000014f   Zero   RW         1264    .bss                device_manager_peripheral.o
    0x200027ff   0x00000001   PAD
    0x20002800   0x00000058   Zero   RW         1601    .bss                nrf_drv_gpiote.o
    0x20002858   0x00000020   Zero   RW         1849    .bss                nrf_drv_uart.o
    0x20002878   0x000000e4   Zero   RW         2146    .bss                pstorage.o
    0x2000295c   0x00000050   Zero   RW         2452    .bss                nrf_drv_twi.o
    0x200029ac   0x00000020   Zero   RW         2623    .bss                app_uart_fifo.o
    0x200029cc   0x00000020   Zero   RW         2785    .bss                app_button.o
    0x200029ec   0x00000020   Zero   RW         2844    .bss                app_error.o
    0x20002a0c   0x00000058   Zero   RW         3219    .bss                fstorage.o
    0x20002a64   0x0000000c   Zero   RW         3416    .bss                softdevice_handler.o
    0x20002a70   0x00002000   Zero   RW         3513    HEAP                arm_startup_nrf52.o
    0x20004a70   0x00002000   Zero   RW         3512    STACK               arm_startup_nrf52.o


==============================================================================

Image component sizes


      Code (inc. data)   RO Data    RW Data    ZI Data      Debug   Object Name

       606        118         24          0          0      10608   acc_file.o
       480         80          8         20         32      10118   app_button.o
       168          4          0          0         32       4170   app_error.o
        26          0          0          0          0        802   app_error_weak.o
       170          0          0          0          0       5698   app_fifo.o
      2514        336          0         34          0      62459   app_timer.o
       462         58         32          6         32      10383   app_uart_fifo.o
        36          8        512          0      16384        936   arm_startup_nrf52.o
      2136          0          0          0          0      25188   ble_advdata.o
      1584        162          0         32        259      18689   ble_advertising.o
       718        122          4         21         60      19572   ble_conn_params.o
      2206        182         60         25        108      19641   bsp.o
       448         18          0          8          0       6685   bsp_btn_ble.o
      4336        262        128         20        335      34453   device_manager_peripheral.o
        24          6          0          0         88       3464   fstorage.o
       560        108         24          0          0      13439   hrs_file.o
      2404        538         20          5        888     120553   main.o
       144          0          0          0          0       1943   nrf_delay.o
        96         12          0          0          0      28999   nrf_drv_common.o
      1402        130          0          0         88      27412   nrf_drv_gpiote.o
      1926         64         44          0         80      33395   nrf_drv_twi.o
      2532        184         32          0         32      45257   nrf_drv_uart.o
      2108        188         96          0          0      48614   our_service.o
      4252        430         40         40        228      50426   pstorage.o
        16          0          0          8          0       2922   retarget.o
       708         90         87         24         12      44817   softdevice_handler.o
      1208        124          0          4          0      34078   system_nrf52.o

    ----------------------------------------------------------------------
     33320       3224       1144        260      18660     684721   Object Totals
         0          0         32          0          0          0   (incl. Generated)
        50          0          1         13          2          0   (incl. Padding)

    ----------------------------------------------------------------------

      Code (inc. data)   RO Data    RW Data    ZI Data      Debug   Library Member Name

         0          0          0          0          0          0   entry.o
         0          0          0          0          0          0   entry10a.o
         0          0          0          0          0          0   entry11a.o
         8          4          0          0          0          0   entry2.o
         4          0          0          0          0          0   entry5.o
         0          0          0          0          0          0   entry7b.o
         0          0          0          0          0          0   entry8b.o
         8          4          0          0          0          0   entry9a.o
        30          0          0          0          0          0   handlers.o
        36          8          0          0          0         68   init.o
       188         20          0          0          0        160   malloc.o
        26          0          0          0          0         80   memcmp.o
        36          0          0          0          0         68   memcpya.o
        36          0          0          0          0        108   memseta.o
         0          0          0          8          0          0   mvars.o
       372         14          0          0          0        184   printf1.o
        44          0          0          0          0         80   uidiv.o

    ----------------------------------------------------------------------
       792         50          0          8          0        748   Library Totals
         4          0          0          0          0          0   (incl. Padding)

    ----------------------------------------------------------------------

      Code (inc. data)   RO Data    RW Data    ZI Data      Debug   Library Name

       788         50          0          8          0        748   mc_w.l

    ----------------------------------------------------------------------
       792         50          0          8          0        748   Library Totals

    ----------------------------------------------------------------------

==============================================================================


      Code (inc. data)   RO Data    RW Data    ZI Data      Debug   

     34112       3274       1144        268      18660     651061   Grand Totals
     34112       3274       1144        268      18660     651061   ELF Image Totals
     34112       3274       1144        268          0          0   ROM Totals

==============================================================================

    Total RO  Size (Code + RO Data)                35256 (  34.43kB)
    Total RW  Size (RW Data + ZI Data)             18928 (  18.48kB)
    Total ROM Size (Code + RO Data + RW Data)      35524 (  34.69kB)

==============================================================================

