Component: ARM Compiler 5.06 update 4 (build 422) Tool: armlink [4d35d2]

==============================================================================

Section Cross References

    main.o(i.advertising_init) refers to memseta.o(.text) for __aeabi_memclr4
    main.o(i.advertising_init) refers to ble_advertising.o(i.ble_advertising_init) for ble_advertising_init
    main.o(i.advertising_init) refers to app_error.o(i.app_error_handler) for app_error_handler
    main.o(i.advertising_init) refers to main.o(i.on_adv_evt) for on_adv_evt
    main.o(i.assert_nrf_callback) refers to app_error.o(i.app_error_handler) for app_error_handler
    main.o(i.ble_evt_dispatch) refers to device_manager_peripheral.o(i.dm_ble_evt_handler) for dm_ble_evt_handler
    main.o(i.ble_evt_dispatch) refers to ble_conn_params.o(i.ble_conn_params_on_ble_evt) for ble_conn_params_on_ble_evt
    main.o(i.ble_evt_dispatch) refers to bsp_btn_ble.o(i.bsp_btn_ble_on_ble_evt) for bsp_btn_ble_on_ble_evt
    main.o(i.ble_evt_dispatch) refers to main.o(i.on_ble_evt) for on_ble_evt
    main.o(i.ble_evt_dispatch) refers to ble_advertising.o(i.ble_advertising_on_ble_evt) for ble_advertising_on_ble_evt
    main.o(i.ble_evt_dispatch) refers to our_service.o(i.ble_our_service_on_ble_evt) for ble_our_service_on_ble_evt
    main.o(i.ble_evt_dispatch) refers to main.o(.bss) for acc_service
    main.o(i.ble_stack_init) refers to softdevice_handler.o(i.softdevice_handler_init) for softdevice_handler_init
    main.o(i.ble_stack_init) refers to app_error.o(i.app_error_handler) for app_error_handler
    main.o(i.ble_stack_init) refers to softdevice_handler.o(i.softdevice_enable_get_default_config) for softdevice_enable_get_default_config
    main.o(i.ble_stack_init) refers to softdevice_handler.o(i.sd_check_ram_start) for sd_check_ram_start
    main.o(i.ble_stack_init) refers to softdevice_handler.o(i.softdevice_enable) for softdevice_enable
    main.o(i.ble_stack_init) refers to softdevice_handler.o(i.softdevice_ble_evt_handler_set) for softdevice_ble_evt_handler_set
    main.o(i.ble_stack_init) refers to softdevice_handler.o(i.softdevice_sys_evt_handler_set) for softdevice_sys_evt_handler_set
    main.o(i.ble_stack_init) refers to main.o(.constdata) for .constdata
    main.o(i.ble_stack_init) refers to main.o(.bss) for BLE_EVT_BUFFER
    main.o(i.ble_stack_init) refers to main.o(i.ble_evt_dispatch) for ble_evt_dispatch
    main.o(i.ble_stack_init) refers to main.o(i.sys_evt_dispatch) for sys_evt_dispatch
    main.o(i.bsp_event_handler) refers to main.o(i.sleep_mode_enter) for sleep_mode_enter
    main.o(i.bsp_event_handler) refers to app_error.o(i.app_error_handler) for app_error_handler
    main.o(i.bsp_event_handler) refers to ble_advertising.o(i.ble_advertising_restart_without_whitelist) for ble_advertising_restart_without_whitelist
    main.o(i.bsp_event_handler) refers to main.o(.data) for m_conn_handle
    main.o(i.buttons_leds_init) refers to bsp.o(i.bsp_init) for bsp_init
    main.o(i.buttons_leds_init) refers to app_error.o(i.app_error_handler) for app_error_handler
    main.o(i.buttons_leds_init) refers to bsp_btn_ble.o(i.bsp_btn_ble_init) for bsp_btn_ble_init
    main.o(i.buttons_leds_init) refers to main.o(i.bsp_event_handler) for bsp_event_handler
    main.o(i.conn_params_error_handler) refers to app_error.o(i.app_error_handler) for app_error_handler
    main.o(i.conn_params_init) refers to memseta.o(.text) for __aeabi_memclr4
    main.o(i.conn_params_init) refers to ble_conn_params.o(i.ble_conn_params_init) for ble_conn_params_init
    main.o(i.conn_params_init) refers to app_error.o(i.app_error_handler) for app_error_handler
    main.o(i.conn_params_init) refers to main.o(i.on_conn_params_evt) for on_conn_params_evt
    main.o(i.conn_params_init) refers to main.o(i.conn_params_error_handler) for conn_params_error_handler
    main.o(i.device_manager_evt_handler) refers to app_error.o(i.app_error_handler) for app_error_handler
    main.o(i.device_manager_init) refers to pstorage.o(i.pstorage_init) for pstorage_init
    main.o(i.device_manager_init) refers to app_error.o(i.app_error_handler) for app_error_handler
    main.o(i.device_manager_init) refers to device_manager_peripheral.o(i.dm_init) for dm_init
    main.o(i.device_manager_init) refers to device_manager_peripheral.o(i.dm_register) for dm_register
    main.o(i.device_manager_init) refers to main.o(i.device_manager_evt_handler) for device_manager_evt_handler
    main.o(i.device_manager_init) refers to main.o(.data) for m_app_handle
    main.o(i.gap_params_init) refers to app_error.o(i.app_error_handler) for app_error_handler
    main.o(i.main) refers to main.o(i.uart_config) for uart_config
    main.o(i.main) refers to nrf_delay.o(i.nrf_delay_ms) for nrf_delay_ms
    main.o(i.main) refers to printf1.o(i.__0printf$1) for __2printf
    main.o(i.main) refers to main.o(i.timers_init) for timers_init
    main.o(i.main) refers to main.o(i.buttons_leds_init) for buttons_leds_init
[...]
    timer_start_op_schedule                  0x0002385d   Thumb Code    86  app_timer.o(i.timer_start_op_schedule)
    i.timer_stop_op_schedule                 0x000238b8   Section        0  app_timer.o(i.timer_stop_op_schedule)
    timer_stop_op_schedule                   0x000238b9   Thumb Code    58  app_timer.o(i.timer_stop_op_schedule)
    i.timer_timeout_handler                  0x000238f8   Section        0  main.o(i.timer_timeout_handler)
    timer_timeout_handler                    0x000238f9   Thumb Code   132  main.o(i.timer_timeout_handler)
    i.timer_timeouts_check                   0x000239ac   Section        0  app_timer.o(i.timer_timeouts_check)
    timer_timeouts_check                     0x000239ad   Thumb Code   130  app_timer.o(i.timer_timeouts_check)
    i.timer_timeouts_check_sched             0x00023a44   Section        0  app_timer.o(i.timer_timeouts_check_sched)
    timer_timeouts_check_sched               0x00023a45   Thumb Code    10  app_timer.o(i.timer_timeouts_check_sched)
    i.timers_init                            0x00023a50   Section        0  main.o(i.timers_init)
    timers_init                              0x00023a51   Thumb Code    54  main.o(i.timers_init)
    i.tk_value_encode                        0x00023aa4   Section        0  ble_advdata.o(i.tk_value_encode)
    tk_value_encode                          0x00023aa5   Thumb Code    70  ble_advdata.o(i.tk_value_encode)
    i.twi_clear_bus                          0x00023aec   Section        0  nrf_drv_twi.o(i.twi_clear_bus)
    twi_clear_bus                            0x00023aed   Thumb Code   138  nrf_drv_twi.o(i.twi_clear_bus)
    i.twi_receive_byte                       0x00023b80   Section        0  nrf_drv_twi.o(i.twi_receive_byte)
    twi_receive_byte                         0x00023b81   Thumb Code    76  nrf_drv_twi.o(i.twi_receive_byte)
    i.twi_rx_start_transfer                  0x00023bcc   Section        0  nrf_drv_twi.o(i.twi_rx_start_transfer)
    twi_rx_start_transfer                    0x00023bcd   Thumb Code   166  nrf_drv_twi.o(i.twi_rx_start_transfer)
    i.twi_send_byte                          0x00023c72   Section        0  nrf_drv_twi.o(i.twi_send_byte)
    twi_send_byte                            0x00023c73   Thumb Code    72  nrf_drv_twi.o(i.twi_send_byte)
    i.twi_transfer                           0x00023cba   Section        0  nrf_drv_twi.o(i.twi_transfer)
    twi_transfer                             0x00023cbb   Thumb Code   290  nrf_drv_twi.o(i.twi_transfer)
    i.twi_tx_start_transfer                  0x00023ddc   Section        0  nrf_drv_twi.o(i.twi_tx_start_transfer)
    twi_tx_start_transfer                    0x00023ddd   Thumb Code   172  nrf_drv_twi.o(i.twi_tx_start_transfer)
    i.twi_xfer                               0x00023e88   Section        0  nrf_drv_twi.o(i.twi_xfer)
    twi_xfer                                 0x00023e89   Thumb Code   184  nrf_drv_twi.o(i.twi_xfer)
    i.tx_byte                                0x00023f40   Section        0  nrf_drv_uart.o(i.tx_byte)
    tx_byte                                  0x00023f41   Thumb Code    42  nrf_drv_uart.o(i.tx_byte)
    i.tx_done_event                          0x00023f78   Section        0  nrf_drv_uart.o(i.tx_done_event)
    tx_done_event                            0x00023f79   Thumb Code    38  nrf_drv_uart.o(i.tx_done_event)
    i.tx_power_level_encode                  0x00023fa4   Section        0  ble_advdata.o(i.tx_power_level_encode)
    tx_power_level_encode                    0x00023fa5   Thumb Code    54  ble_advdata.o(i.tx_power_level_encode)
    i.uart_config                            0x00023fdc   Section        0  main.o(i.uart_config)
    uart_config                              0x00023fdd   Thumb Code    76  main.o(i.uart_config)
    i.uart_event_handler                     0x00024048   Section        0  app_uart_fifo.o(i.uart_event_handler)
    uart_event_handler                       0x00024049   Thumb Code   170  app_uart_fifo.o(i.uart_event_handler)
    i.uart_events_handler                    0x00024108   Section        0  main.o(i.uart_events_handler)
    uart_events_handler                      0x00024109   Thumb Code    56  main.o(i.uart_events_handler)
    i.uart_irq_handler                       0x00024150   Section        0  nrf_drv_uart.o(i.uart_irq_handler)
    uart_irq_handler                         0x00024151   Thumb Code   342  nrf_drv_uart.o(i.uart_irq_handler)
    i.uarte_irq_handler                      0x000242b0   Section        0  nrf_drv_uart.o(i.uarte_irq_handler)
    uarte_irq_handler                        0x000242b1   Thumb Code   286  nrf_drv_uart.o(i.uarte_irq_handler)
    i.uint16_encode                          0x000243dc   Section        0  ble_advdata.o(i.uint16_encode)
    uint16_encode                            0x000243dd   Thumb Code    12  ble_advdata.o(i.uint16_encode)
    i.update_operation_execute               0x000243e8   Section        0  pstorage.o(i.update_operation_execute)
    update_operation_execute                 0x000243e9   Thumb Code     8  pstorage.o(i.update_operation_execute)
    i.update_status_bit_reset                0x000243f0   Section        0  device_manager_peripheral.o(i.update_status_bit_reset)
    update_status_bit_reset                  0x000243f1   Thumb Code    16  device_manager_peripheral.o(i.update_status_bit_reset)
    i.update_timeout_handler                 0x00024404   Section        0  ble_conn_params.o(i.update_timeout_handler)
    update_timeout_handler                   0x00024405   Thumb Code   126  ble_conn_params.o(i.update_timeout_handler)
    i.user_id_get                            0x00024494   Section        0  app_timer.o(i.user_id_get)
    user_id_get                              0x00024495   Thumb Code    78  app_timer.o(i.user_id_get)
    i.user_op_alloc                          0x000244ec   Section        0  app_timer.o(i.user_op_alloc)
    user_op_alloc                            0x000244ed   Thumb Code    48  app_timer.o(i.user_op_alloc)
    i.user_op_enque                          0x0002451c   Section        0  app_timer.o(i.user_op_enque)
    user_op_enque                            0x0002451d   Thumb Code     4  app_timer.o(i.user_op_enque)
    i.uuid_list_encode                       0x00024520   Section        0  ble_advdata.o(i.uuid_list_encode)
    uuid_list_encode                         0x00024521   Thumb Code    78  ble_advdata.o(i.uuid_list_encode)
    i.uuid_list_sized_encode                 0x0002456e   Section        0  ble_advdata.o(i.uuid_list_sized_encode)
    uuid_list_sized_encode                   0x0002456f   Thumb Code   220  ble_advdata.o(i.uuid_list_sized_encode)
    i.whitelist_has_entries                  0x0002464a   Section        0  ble_advertising.o(i.whitelist_has_entries)
    whitelist_has_entries                    0x0002464b   Thumb Code    18  ble_advertising.o(i.whitelist_has_entries)
    .constdata                               0x0002465c   Section       20  main.o(.constdata)
    m_our_char_timer_id                      0x0002465c   Data           4  main.o(.constdata)
    .constdata                               0x00024670   Section       96  our_service.o(.constdata)
    .constdata                               0x000246d0   Section       24  hrs_file.o(.constdata)
    MAX30105_twi                             0x000246d0   Data           8  hrs_file.o(.constdata)
    .constdata                               0x000246e8   Section       24  acc_file.o(.constdata)
    LSM303D_twi                              0x000246e8   Data           8  acc_file.o(.constdata)
    .constdata                               0x00024700   Section       60  bsp.o(.constdata)
    m_leds_timer_id                          0x00024700   Data           4  bsp.o(.constdata)
    m_alert_timer_id                         0x00024704   Data           4  bsp.o(.constdata)
    m_button_timer_id                        0x00024708   Data           4  bsp.o(.constdata)
    m_buttons_list                           0x0002470c   Data          16  bsp.o(.constdata)
    app_buttons                              0x0002471c   Data          32  bsp.o(.constdata)
    .constdata                               0x0002473c   Section        4  ble_conn_params.o(.constdata)
    m_conn_params_timer_id                   0x0002473c   Data           4  ble_conn_params.o(.constdata)
    .constdata                               0x00024740   Section       52  device_manager_peripheral.o(.constdata)
    .constdata                               0x00024774   Section       32  nrf_drv_uart.o(.constdata)
    m_default_config                         0x00024774   Data          32  nrf_drv_uart.o(.constdata)
    .constdata                               0x00024794   Section       40  pstorage.o(.constdata)
    swap_sub_state_sm_lut                    0x00024794   Data          20  pstorage.o(.constdata)
    swap_sub_state_sm_lut                    0x000247a8   Data          20  pstorage.o(.constdata)
    .constdata                               0x000247bc   Section       44  nrf_drv_twi.o(.constdata)
    m_default_config                         0x000247bc   Data          32  nrf_drv_twi.o(.constdata)
    .constdata                               0x000247e8   Section       32  app_uart_fifo.o(.constdata)
    .constdata                               0x00024808   Section        8  app_button.o(.constdata)
    m_detection_delay_timer_id               0x00024808   Data           4  app_button.o(.constdata)
    .conststring                             0x00024810   Section       76  device_manager_peripheral.o(.conststring)
    .conststring                             0x0002485c   Section       87  softdevice_handler.o(.conststring)
    .data                                    0x20002080   Section        5  main.o(.data)
    m_xfer_done                              0x20002080   Data           1  main.o(.data)
    m_app_handle                             0x20002081   Data           1  main.o(.data)
    m_conn_handle                            0x20002082   Data           2  main.o(.data)
    rx_buf                                   0x20002084   Data           1  main.o(.data)
    .data                                    0x20002088   Section       25  bsp.o(.data)
    m_stable_state                           0x20002088   Data           1  bsp.o(.data)
    m_app_ticks_per_100ms                    0x2000208c   Data           4  bsp.o(.data)
    m_indication_type                        0x20002090   Data           4  bsp.o(.data)
    m_alert_mask                             0x20002094   Data           4  bsp.o(.data)
    m_registered_callback                    0x20002098   Data           4  bsp.o(.data)
    current_long_push_pin_no                 0x2000209c   Data           1  bsp.o(.data)
    release_event_at_push                    0x2000209d   Data           4  bsp.o(.data)
    .data                                    0x200020a4   Section        8  bsp_btn_ble.o(.data)
    m_error_handler                          0x200020a4   Data           4  bsp_btn_ble.o(.data)
    m_num_connections                        0x200020a8   Data           4  bsp_btn_ble.o(.data)
    .data                                    0x200020ac   Section       32  ble_advertising.o(.data)
    m_advertising_start_pending              0x200020ac   Data           1  ble_advertising.o(.data)
    m_peer_address                           0x200020ad   Data           7  ble_advertising.o(.data)
    m_adv_evt                                0x200020b4   Data           1  ble_advertising.o(.data)
    m_evt_handler                            0x200020b8   Data           4  ble_advertising.o(.data)
    m_error_handler                          0x200020bc   Data           4  ble_advertising.o(.data)
    m_adv_mode_current                       0x200020c0   Data           1  ble_advertising.o(.data)
    m_whitelist_temporarily_disabled         0x200020c1   Data           1  ble_advertising.o(.data)
    m_whitelist_reply_expected               0x200020c2   Data           1  ble_advertising.o(.data)
    m_peer_addr_reply_expected               0x200020c3   Data           1  ble_advertising.o(.data)
    m_slave_conn_int                         0x200020c4   Data           4  ble_advertising.o(.data)
    m_tx_power_level                         0x200020c8   Data           1  ble_advertising.o(.data)
    current_slave_link_conn_handle           0x200020ca   Data           2  ble_advertising.o(.data)
    .data                                    0x200020cc   Section       21  ble_conn_params.o(.data)
    m_preferred_conn_params                  0x200020cc   Data           8  ble_conn_params.o(.data)
    m_update_count                           0x200020d4   Data           1  ble_conn_params.o(.data)
    m_conn_handle                            0x200020d6   Data           2  ble_conn_params.o(.data)
    m_current_conn_params                    0x200020d8   Data           8  ble_conn_params.o(.data)
    m_change_param                           0x200020e0   Data           1  ble_conn_params.o(.data)
    .data                                    0x200020e4   Section       20  device_manager_peripheral.o(.data)
    m_storage_handle                         0x200020e4   Data           8  device_manager_peripheral.o(.data)
    m_peer_addr_update                       0x200020ec   Data           4  device_manager_peripheral.o(.data)
    m_module_initialized                     0x200020f0   Data           1  device_manager_peripheral.o(.data)
    m_irk_index_table                        0x200020f1   Data           7  device_manager_peripheral.o(.data)
    .data                                    0x200020f8   Section       40  pstorage.o(.data)
    m_next_app_instance                      0x200020f8   Data           2  pstorage.o(.data)
    m_next_page_addr                         0x200020fc   Data           4  pstorage.o(.data)
    m_state                                  0x20002100   Data           1  pstorage.o(.data)
    m_swap_sub_state                         0x20002101   Data           1  pstorage.o(.data)
    m_head_word_size                         0x20002104   Data           4  pstorage.o(.data)
    m_tail_word_size                         0x20002108   Data           4  pstorage.o(.data)
    m_current_page_id                        0x2000210c   Data           4  pstorage.o(.data)
    m_num_of_command_retries                 0x20002110   Data           4  pstorage.o(.data)
    m_num_of_bytes_written                   0x20002114   Data           4  pstorage.o(.data)
    m_app_data_size                          0x20002118   Data           4  pstorage.o(.data)
    m_flags                                  0x2000211c   Data           4  pstorage.o(.data)
    .data                                    0x20002120   Section        6  app_uart_fifo.o(.data)
    m_event_handler                          0x20002120   Data           4  app_uart_fifo.o(.data)
    tx_buffer                                0x20002124   Data           1  app_uart_fifo.o(.data)
    rx_buffer                                0x20002125   Data           1  app_uart_fifo.o(.data)
    .data                                    0x20002128   Section       20  app_button.o(.data)
    mp_buttons                               0x20002128   Data           4  app_button.o(.data)
    m_button_count                           0x2000212c   Data           1  app_button.o(.data)
    m_detection_delay                        0x20002130   Data           4  app_button.o(.data)
    m_pin_state                              0x20002134   Data           4  app_button.o(.data)
    m_pin_transition                         0x20002138   Data           4  app_button.o(.data)
    .data                                    0x2000213c   Section       34  app_timer.o(.data)
    m_user_array_size                        0x2000213c   Data           1  app_timer.o(.data)
    mp_users                                 0x20002140   Data           4  app_timer.o(.data)
    mp_timer_id_head                         0x20002144   Data           4  app_timer.o(.data)
    m_ticks_latest                           0x20002148   Data           4  app_timer.o(.data)
    m_ticks_elapsed                          0x2000214c   Data           8  app_timer.o(.data)
    m_ticks_elapsed_q_read_ind               0x20002154   Data           1  app_timer.o(.data)
    m_ticks_elapsed_q_write_ind              0x20002155   Data           1  app_timer.o(.data)
    m_evt_schedule_func                      0x20002158   Data           4  app_timer.o(.data)
    m_rtc1_running                           0x2000215c   Data           1  app_timer.o(.data)
    m_rtc1_reset                             0x2000215d   Data           1  app_timer.o(.data)
    .data                                    0x20002160   Section        8  retarget.o(.data)
    .data                                    0x20002168   Section       24  softdevice_handler.o(.data)
    m_evt_schedule_func                      0x20002168   Data           4  softdevice_handler.o(.data)
    m_softdevice_enabled                     0x2000216c   Data           1  softdevice_handler.o(.data)
    mp_ble_evt_buffer                        0x20002170   Data           4  softdevice_handler.o(.data)
    m_ble_evt_buffer_size                    0x20002174   Data           2  softdevice_handler.o(.data)
    m_ble_evt_handler                        0x20002178   Data           4  softdevice_handler.o(.data)
    m_sys_evt_handler                        0x2000217c   Data           4  softdevice_handler.o(.data)
    .data                                    0x20002180   Section        4  system_nrf52.o(.data)
    __tagsym$$used                           0x20002180   Number         0  system_nrf52.o(.data)
    .bss                                     0x20002184   Section      888  main.o(.bss)
    m_our_char_timer_id_data                 0x200021cc   Data          32  main.o(.bss)
    APP_TIMER_BUF                            0x200021ec   Data         456  main.o(.bss)
    BLE_EVT_BUFFER                           0x200023b4   Data          72  main.o(.bss)
    tx_buf                                   0x200023fc   Data         256  main.o(.bss)
    .bss                                     0x200024fc   Section      108  bsp.o(.bss)
    m_leds_timer_id_data                     0x200024fc   Data          32  bsp.o(.bss)
    m_alert_timer_id_data                    0x2000251c   Data          32  bsp.o(.bss)
    m_events_list                            0x2000253c   Data          12  bsp.o(.bss)
    m_button_timer_id_data                   0x20002548   Data          32  bsp.o(.bss)
    .bss                                     0x20002568   Section      259  ble_advertising.o(.bss)
    m_advdata                                0x20002568   Data          56  ble_advertising.o(.bss)
    m_adv_modes_config                       0x200025a0   Data          36  ble_advertising.o(.bss)
    m_whitelist                              0x200025c4   Data          16  ble_advertising.o(.bss)
    mp_whitelist_addr                        0x200025d4   Data          32  ble_advertising.o(.bss)
    mp_whitelist_irk                         0x200025f4   Data          32  ble_advertising.o(.bss)
    m_manuf_specific_data                    0x20002614   Data          12  ble_advertising.o(.bss)
    m_manuf_data_array                       0x20002620   Data          31  ble_advertising.o(.bss)
    m_service_data                           0x20002640   Data          12  ble_advertising.o(.bss)
    m_service_data_array                     0x2000264c   Data          31  ble_advertising.o(.bss)
    .bss                                     0x2000266c   Section       60  ble_conn_params.o(.bss)
    m_conn_params_config                     0x2000266c   Data          28  ble_conn_params.o(.bss)
    m_conn_params_timer_id_data              0x20002688   Data          32  ble_conn_params.o(.bss)
    .bss                                     0x200026a8   Section      335  device_manager_peripheral.o(.bss)
    m_app_context_table                      0x200026a8   Data          28  device_manager_peripheral.o(.bss)
    m_peer_table                             0x200026c4   Data         196  device_manager_peripheral.o(.bss)
    m_bond_table                             0x20002788   Data          28  device_manager_peripheral.o(.bss)
    m_gatts_table                            0x200027a4   Data          36  device_manager_peripheral.o(.bss)
    m_connection_table                       0x200027c8   Data          12  device_manager_peripheral.o(.bss)
    m_application_table                      0x200027d4   Data          12  device_manager_peripheral.o(.bss)
    m_local_id_info                          0x200027e0   Data          23  device_manager_peripheral.o(.bss)
    .bss                                     0x200027f8   Section       88  nrf_drv_gpiote.o(.bss)
    m_cb                                     0x200027f8   Data          88  nrf_drv_gpiote.o(.bss)
    .bss                                     0x20002850   Section       32  nrf_drv_uart.o(.bss)
    m_cb                                     0x20002850   Data          32  nrf_drv_uart.o(.bss)
    .bss                                     0x20002870   Section      228  pstorage.o(.bss)
    m_cmd_queue                              0x20002870   Data         204  pstorage.o(.bss)
    m_app_table                              0x2000293c   Data          24  pstorage.o(.bss)
    .bss                                     0x20002954   Section       80  nrf_drv_twi.o(.bss)
    m_cb                                     0x20002954   Data          80  nrf_drv_twi.o(.bss)
    .bss                                     0x200029a4   Section       32  app_uart_fifo.o(.bss)
    m_rx_fifo                                0x200029a4   Data          16  app_uart_fifo.o(.bss)
    m_tx_fifo                                0x200029b4   Data          16  app_uart_fifo.o(.bss)
    .bss                                     0x200029c4   Section       32  app_button.o(.bss)
    m_detection_delay_timer_id_data          0x200029c4   Data          32  app_button.o(.bss)
    .bss                                     0x200029e4   Section       32  app_error.o(.bss)
    m_error_data                             0x200029e4   Data          32  app_error.o(.bss)
    .bss                                     0x20002a04   Section       88  fstorage.o(.bss)
    m_queue                                  0x20002a04   Data          88  fstorage.o(.bss)
    .bss                                     0x20002a5c   Section       12  softdevice_handler.o(.bss)
    STACK                                    0x20002a68   Section     8192  arm_startup_nrf52.o(STACK)

    Global Symbols

    Symbol Name                              Value     Ov Type        Size  Object(Section)

    BuildAttributes$$THM_ISAv4$E$P$D$K$B$S$7EM$VFPi3$EXTD16$VFPS$VFMA$PE$A:L22UL41UL21$X:L11$S22US41US21$IEEE1$IW$USESV6$~STKCKD$USESV7$~SHL$OSPACE$ROPI$EBA8$MICROLIB$REQ8$PRES8$EABIv2 0x00000000   Number         0  anon$$obj.o ABSOLUTE
    __ARM_use_no_argv                        0x00000000   Number         0  main.o ABSOLUTE
    _printf_a                                0x00000000   Number         0  stubs.o ABSOLUTE
    _printf_c                                0x00000000   Number         0  stubs.o ABSOLUTE
    _printf_charcount                        0x00000000   Number         0  stubs.o ABSOLUTE
    _printf_d                                0x00000000   Number         0  stubs.o ABSOLUTE
    _printf_e                                0x00000000   Number         0  stubs.o ABSOLUTE
    _printf_f                                0x00000000   Number         0  stubs.o ABSOLUTE
    _printf_flags                            0x00000000   Number         0  stubs.o ABSOLUTE
    _printf_fp_dec                           0x00000000   Number         0  stubs.o ABSOLUTE
    _printf_fp_hex                           0x00000000   Number         0  stubs.o ABSOLUTE
    _printf_g                                0x00000000   Number         0  stubs.o ABSOLUTE
    _printf_i                                0x00000000   Number         0  stubs.o ABSOLUTE
    _printf_int_dec                          0x00000000   Number         0  stubs.o ABSOLUTE
    _printf_l                                0x00000000   Number         0  stubs.o ABSOLUTE
    _printf_lc                               0x00000000   Number         0  stubs.o ABSOLUTE
    _printf_ll                               0x00000000   Number         0  stubs.o ABSOLUTE
    _printf_lld                              0x00000000   Number         0  stubs.o ABSOLUTE
    _printf_lli                              0x00000000   Number         0  stubs.o ABSOLUTE
    _printf_llo                              0x00000000   Number         0  stubs.o ABSOLUTE
    _printf_llu                              0x00000000   Number         0  stubs.o ABSOLUTE
    _printf_llx                              0x00000000   Number         0  stubs.o ABSOLUTE
    _printf_longlong_dec                     0x00000000   Number         0  stubs.o ABSOLUTE
    _printf_longlong_hex                     0x00000000   Number         0  stubs.o ABSOLUTE
    _printf_longlong_oct                     0x00000000   Number         0  stubs.o ABSOLUTE
    _printf_ls                               0x00000000   Number         0  stubs.o ABSOLUTE
    _printf_mbtowc                           0x00000000   Number         0  stubs.o ABSOLUTE
    _printf_n                                0x00000000   Number         0  stubs.o ABSOLUTE
    _printf_o                                0x00000000   Number         0  stubs.o ABSOLUTE
    _printf_p                                0x00000000   Number         0  stubs.o ABSOLUTE
    _printf_percent                          0x00000000   Number         0  stubs.o ABSOLUTE
    _printf_pre_padding                      0x00000000   Number         0  stubs.o ABSOLUTE
    _printf_return_value                     0x00000000   Number         0  stubs.o ABSOLUTE
    _printf_s                                0x00000000   Number         0  stubs.o ABSOLUTE
    _printf_sizespec                         0x00000000   Number         0  stubs.o ABSOLUTE
    _printf_str                              0x00000000   Number         0  stubs.o ABSOLUTE
    _printf_truncate_signed                  0x00000000   Number         0  stubs.o ABSOLUTE
    _printf_truncate_unsigned                0x00000000   Number         0  stubs.o ABSOLUTE
    _printf_u                                0x00000000   Number         0  stubs.o ABSOLUTE
    _printf_wc                               0x00000000   Number         0  stubs.o ABSOLUTE
    _printf_wctomb                           0x00000000   Number         0  stubs.o ABSOLUTE
    _printf_widthprec                        0x00000000   Number         0  stubs.o ABSOLUTE
    _printf_x                                0x00000000   Number         0  stubs.o ABSOLUTE
    __cpp_initialize__aeabi_                  - Undefined Weak Reference
    __cxa_finalize                            - Undefined Weak Reference
    __decompress                              - Undefined Weak Reference
    _clock_init                               - Undefined Weak Reference
    _microlib_exit                            - Undefined Weak Reference
    fs_data$$Base                             - Undefined Reference
    fs_data$$Limit                            - Undefined Reference
    __Vectors_Size                           0x00000200   Number         0  arm_startup_nrf52.o ABSOLUTE
    __Vectors                                0x0001c000   Data           4  arm_startup_nrf52.o(RESET)
    __Vectors_End                            0x0001c200   Data           0  arm_startup_nrf52.o(RESET)
    __main                                   0x0001c201   Thumb Code     0  entry.o(.ARM.Collect$$$$00000000)
    _main_stk                                0x0001c201   Thumb Code     0  entry2.o(.ARM.Collect$$$$00000001)
    _main_scatterload                        0x0001c205   Thumb Code     0  entry5.o(.ARM.Collect$$$$00000004)
    __main_after_scatterload                 0x0001c209   Thumb Code     0  entry5.o(.ARM.Collect$$$$00000004)
    _main_clock                              0x0001c209   Thumb Code     0  entry7b.o(.ARM.Collect$$$$00000008)
    _main_cpp_init                           0x0001c209   Thumb Code     0  entry8b.o(.ARM.Collect$$$$0000000A)
    _main_init                               0x0001c209   Thumb Code     0  entry9a.o(.ARM.Collect$$$$0000000B)
    __rt_final_cpp                           0x0001c211   Thumb Code     0  entry10a.o(.ARM.Collect$$$$0000000D)
    __rt_final_exit                          0x0001c211   Thumb Code     0  entry11a.o(.ARM.Collect$$$$0000000F)
    __asm___11_nrf_delay_c_532987f3__nrf_delay_us 0x0001c215   Thumb Code   118  nrf_delay.o(.emb_text)
    __asm___13_nrf_drv_twi_c_a9bcf68d__nrf_delay_us 0x0001c28d   Thumb Code   118  nrf_drv_twi.o(.emb_text)
    __asm___11_app_timer_c_cd27f9c3__nrf_delay_us 0x0001c305   Thumb Code   118  app_timer.o(.emb_text)
    Reset_Handler                            0x0001c37d   Thumb Code     8  arm_startup_nrf52.o(.text)
    NMI_Handler                              0x0001c385   Thumb Code     2  arm_startup_nrf52.o(.text)
    HardFault_Handler                        0x0001c387   Thumb Code     2  arm_startup_nrf52.o(.text)
    MemoryManagement_Handler                 0x0001c389   Thumb Code     2  arm_startup_nrf52.o(.text)
    BusFault_Handler                         0x0001c38b   Thumb Code     2  arm_startup_nrf52.o(.text)
    UsageFault_Handler                       0x0001c38d   Thumb Code     2  arm_startup_nrf52.o(.text)
    SVC_Handler                              0x0001c38f   Thumb Code     2  arm_startup_nrf52.o(.text)
    DebugMon_Handler                         0x0001c391   Thumb Code     2  arm_startup_nrf52.o(.text)
    PendSV_Handler                           0x0001c393   Thumb Code     2  arm_startup_nrf52.o(.text)
    SysTick_Handler                          0x0001c395   Thumb Code     2  arm_startup_nrf52.o(.text)
    CCM_AAR_IRQHandler                       0x0001c397   Thumb Code     0  arm_startup_nrf52.o(.text)
    COMP_LPCOMP_IRQHandler                   0x0001c397   Thumb Code     0  arm_startup_nrf52.o(.text)
    ECB_IRQHandler                           0x0001c397   Thumb Code     0  arm_startup_nrf52.o(.text)
    FPU_IRQHandler                           0x0001c397   Thumb Code     0  arm_startup_nrf52.o(.text)
    I2S_IRQHandler                           0x0001c397   Thumb Code     0  arm_startup_nrf52.o(.text)
    MWU_IRQHandler                           0x0001c397   Thumb Code     0  arm_startup_nrf52.o(.text)
    NFCT_IRQHandler                          0x0001c397   Thumb Code     0  arm_startup_nrf52.o(.text)
    PDM_IRQHandler                           0x0001c397   Thumb Code     0  arm_startup_nrf52.o(.text)
    POWER_CLOCK_IRQHandler                   0x0001c397   Thumb Code     0  arm_startup_nrf52.o(.text)
    PWM0_IRQHandler                          0x0001c397   Thumb Code     0  arm_startup_nrf52.o(.text)
    PWM1_IRQHandler                          0x0001c397   Thumb Code     0  arm_startup_nrf52.o(.text)
    PWM2_IRQHandler                          0x0001c397   Thumb Code     0  arm_startup_nrf52.o(.text)
    QDEC_IRQHandler                          0x0001c397   Thumb Code     0  arm_startup_nrf52.o(.text)
    RADIO_IRQHandler                         0x0001c397   Thumb Code     0  arm_startup_nrf52.o(.text)
    RNG_IRQHandler                           0x0001c397   Thumb Code     0  arm_startup_nrf52.o(.text)
    RTC0_IRQHandler                          0x0001c397   Thumb Code     0  arm_startup_nrf52.o(.text)
    RTC2_IRQHandler                          0x0001c397   Thumb Code     0  arm_startup_nrf52.o(.text)
    SAADC_IRQHandler                         0x0001c397   Thumb Code     0  arm_startup_nrf52.o(.text)
    SPIM2_SPIS2_SPI2_IRQHandler              0x0001c397   Thumb Code     0  arm_startup_nrf52.o(.text)
    SWI1_EGU1_IRQHandler                     0x0001c397   Thumb Code     0  arm_startup_nrf52.o(.text)
    SWI3_EGU3_IRQHandler                     0x0001c397   Thumb Code     0  arm_startup_nrf52.o(.text)
    SWI4_EGU4_IRQHandler                     0x0001c397   Thumb Code     0  arm_startup_nrf52.o(.text)
    SWI5_EGU5_IRQHandler                     0x0001c397   Thumb Code     0  arm_startup_nrf52.o(.text)
    TEMP_IRQHandler                          0x0001c397   Thumb Code     0  arm_startup_nrf52.o(.text)
    TIMER0_IRQHandler                        0x0001c397   Thumb Code     0  arm_startup_nrf52.o(.text)
    TIMER1_IRQHandler                        0x0001c397   Thumb Code     0  arm_startup_nrf52.o(.text)
    TIMER2_IRQHandler                        0x0001c397   Thumb Code     0  arm_startup_nrf52.o(.text)
    TIMER3_IRQHandler                        0x0001c397   Thumb Code     0  arm_startup_nrf52.o(.text)
    TIMER4_IRQHandler                        0x0001c397   Thumb Code     0  arm_startup_nrf52.o(.text)
    WDT_IRQHandler                           0x0001c397   Thumb Code     0  arm_startup_nrf52.o(.text)
    __aeabi_memcpy                           0x0001c3a1   Thumb Code    36  memcpya.o(.text)
    __aeabi_memcpy4                          0x0001c3a1   Thumb Code     0  memcpya.o(.text)
    __aeabi_memcpy8                          0x0001c3a1   Thumb Code     0  memcpya.o(.text)
    __aeabi_memset                           0x0001c3c5   Thumb Code    14  memseta.o(.text)
    __aeabi_memset4                          0x0001c3c5   Thumb Code     0  memseta.o(.text)
    __aeabi_memset8                          0x0001c3c5   Thumb Code     0  memseta.o(.text)
    __aeabi_memclr                           0x0001c3d3   Thumb Code     4  memseta.o(.text)
    __aeabi_memclr4                          0x0001c3d3   Thumb Code     0  memseta.o(.text)
    __aeabi_memclr8                          0x0001c3d3   Thumb Code     0  memseta.o(.text)
    _memset$wrapper                          0x0001c3d7   Thumb Code    18  memseta.o(.text)
    memcmp                                   0x0001c3e9   Thumb Code    26  memcmp.o(.text)
    __aeabi_uidiv                            0x0001c403   Thumb Code     0  uidiv.o(.text)
    __aeabi_uidivmod                         0x0001c403   Thumb Code    44  uidiv.o(.text)
    __scatterload                            0x0001c431   Thumb Code    28  init.o(.text)
    __scatterload_rt2                        0x0001c431   Thumb Code     0  init.o(.text)
    GPIOTE_IRQHandler                        0x0001c8cd   Thumb Code   420  nrf_drv_gpiote.o(i.GPIOTE_IRQHandler)
    LSM303D_Get_ACC                          0x0001cc05   Thumb Code    56  acc_file.o(i.LSM303D_Get_ACC)
    LSM303D_Get_X                            0x0001cc3d   Thumb Code    12  acc_file.o(i.LSM303D_Get_X)
    LSM303D_Get_Y                            0x0001cc49   Thumb Code    12  acc_file.o(i.LSM303D_Get_Y)
    LSM303D_Get_Z                            0x0001cc55   Thumb Code    12  acc_file.o(i.LSM303D_Get_Z)
    LSM303D_Set_Default_Mode                 0x0001cc61   Thumb Code   194  acc_file.o(i.LSM303D_Set_Default_Mode)
    LSM303D_TWI_Get_Byte                     0x0001cd49   Thumb Code    54  acc_file.o(i.LSM303D_TWI_Get_Byte)
    LSM303D_set_mode                         0x0001cd99   Thumb Code    48  acc_file.o(i.LSM303D_set_mode)
    LSM303D_twi_init                         0x0001cde1   Thumb Code    54  acc_file.o(i.LSM303D_twi_init)
    MAX30105_Get_Byte                        0x0001ce35   Thumb Code    54  hrs_file.o(i.MAX30105_Get_Byte)
    MAX30105_Get_Sample                      0x0001ce85   Thumb Code   138  hrs_file.o(i.MAX30105_Get_Sample)
    MAX30105_config_parameter                0x0001cf15   Thumb Code    60  hrs_file.o(i.MAX30105_config_parameter)
    MAX30105_default_HRS_config              0x0001cf69   Thumb Code    76  hrs_file.o(i.MAX30105_default_HRS_config)
    MAX30105_set_pointer                     0x0001cfb5   Thumb Code    48  hrs_file.o(i.MAX30105_set_pointer)
    MAX30105_twi_init                        0x0001cffd   Thumb Code    54  hrs_file.o(i.MAX30105_twi_init)
    RTC1_IRQHandler                          0x0001d0c1   Thumb Code    44  app_timer.o(i.RTC1_IRQHandler)
    SPIM0_SPIS0_TWIM0_TWIS0_SPI0_TWI0_IRQHandler 0x0001d0f5   Thumb Code    12  nrf_drv_twi.o(i.SPIM0_SPIS0_TWIM0_TWIS0_SPI0_TWI0_IRQHandler)
    SPIM1_SPIS1_TWIM1_TWIS1_SPI1_TWI1_IRQHandler 0x0001d109   Thumb Code    14  nrf_drv_twi.o(i.SPIM1_SPIS1_TWIM1_TWIS1_SPI1_TWI1_IRQHandler)
    SWI0_EGU0_IRQHandler                     0x0001d11d   Thumb Code     8  app_timer.o(i.SWI0_EGU0_IRQHandler)
    SWI2_EGU2_IRQHandler                     0x0001d125   Thumb Code    48  softdevice_handler.o(i.SWI2_EGU2_IRQHandler)
    SystemCoreClockUpdate                    0x0001d15d   Thumb Code     8  system_nrf52.o(i.SystemCoreClockUpdate)
    SystemInit                               0x0001d16d   Thumb Code   554  system_nrf52.o(i.SystemInit)
    UARTE0_UART0_IRQHandler                  0x0001d3d5   Thumb Code    20  nrf_drv_uart.o(i.UARTE0_UART0_IRQHandler)
    __0printf$1                              0x0001d3ed   Thumb Code    22  printf1.o(i.__0printf$1)
    __1printf$1                              0x0001d3ed   Thumb Code     0  printf1.o(i.__0printf$1)
    __2printf                                0x0001d3ed   Thumb Code     0  printf1.o(i.__0printf$1)
    __scatterload_copy                       0x0001d40d   Thumb Code    14  handlers.o(i.__scatterload_copy)
    __scatterload_null                       0x0001d41b   Thumb Code     2  handlers.o(i.__scatterload_null)
    __scatterload_zeroinit                   0x0001d41d   Thumb Code    14  handlers.o(i.__scatterload_zeroinit)
    acc1_value_update                        0x0001d581   Thumb Code    68  our_service.o(i.acc1_value_update)
    acc2_value_update                        0x0001d5c5   Thumb Code    68  our_service.o(i.acc2_value_update)
    acc3_value_update                        0x0001d609   Thumb Code    68  our_service.o(i.acc3_value_update)
    acc_service_init                         0x0001d64d   Thumb Code   116  our_service.o(i.acc_service_init)
    adv_data_encode                          0x0001d6dd   Thumb Code   454  ble_advdata.o(i.adv_data_encode)
    app_button_enable                        0x0001d9a1   Thumb Code    34  app_button.o(i.app_button_enable)
    app_button_init                          0x0001d9cd   Thumb Code   132  app_button.o(i.app_button_init)
    app_error_fault_handler                  0x0001da75   Thumb Code    26  app_error_weak.o(i.app_error_fault_handler)
    app_error_handler                        0x0001da8f   Thumb Code    32  app_error.o(i.app_error_handler)
    app_error_save_and_stop                  0x0001dab1   Thumb Code   132  app_error.o(i.app_error_save_and_stop)
    app_fifo_get                             0x0001db59   Thumb Code    30  app_fifo.o(i.app_fifo_get)
    app_fifo_init                            0x0001db77   Thumb Code    36  app_fifo.o(i.app_fifo_init)
    app_fifo_put                             0x0001db9b   Thumb Code    34  app_fifo.o(i.app_fifo_put)
    app_timer_create                         0x0001dc15   Thumb Code    56  app_timer.o(i.app_timer_create)
    app_timer_init                           0x0001dc51   Thumb Code   154  app_timer.o(i.app_timer_init)
    app_timer_start                          0x0001dd09   Thumb Code    84  app_timer.o(i.app_timer_start)
    app_timer_stop                           0x0001dd61   Thumb Code    48  app_timer.o(i.app_timer_stop)
    app_uart_init                            0x0001dd95   Thumb Code   178  app_uart_fifo.o(i.app_uart_init)
    app_uart_put                             0x0001de61   Thumb Code    46  app_uart_fifo.o(i.app_uart_put)
    ble_advdata_set                          0x0001dfa9   Thumb Code   148  ble_advdata.o(i.ble_advdata_set)
    ble_advertising_init                     0x0001e03d   Thumb Code   324  ble_advertising.o(i.ble_advertising_init)
    ble_advertising_on_ble_evt               0x0001e1b9   Thumb Code   224  ble_advertising.o(i.ble_advertising_on_ble_evt)
    ble_advertising_on_sys_evt               0x0001e2b1   Thumb Code    64  ble_advertising.o(i.ble_advertising_on_sys_evt)
    ble_advertising_restart_without_whitelist 0x0001e30d   Thumb Code    98  ble_advertising.o(i.ble_advertising_restart_without_whitelist)
    ble_advertising_start                    0x0001e385   Thumb Code   604  ble_advertising.o(i.ble_advertising_start)
    ble_conn_params_init                     0x0001e60d   Thumb Code    84  ble_conn_params.o(i.ble_conn_params_init)
    ble_conn_params_on_ble_evt               0x0001e67d   Thumb Code    62  ble_conn_params.o(i.ble_conn_params_on_ble_evt)
    ble_our_service_on_ble_evt               0x0001e76d   Thumb Code    32  our_service.o(i.ble_our_service_on_ble_evt)
    bond_data_load                           0x0001e899   Thumb Code    64  device_manager_peripheral.o(i.bond_data_load)
    bsp_btn_ble_init                         0x0001e8e9   Thumb Code    48  bsp_btn_ble.o(i.bsp_btn_ble_init)
    bsp_btn_ble_on_ble_evt                   0x0001e921   Thumb Code   110  bsp_btn_ble.o(i.bsp_btn_ble_on_ble_evt)
    bsp_btn_ble_sleep_mode_prepare           0x0001e999   Thumb Code    28  bsp_btn_ble.o(i.bsp_btn_ble_sleep_mode_prepare)
    bsp_button_is_pressed                    0x0001ea91   Thumb Code    46  bsp.o(i.bsp_button_is_pressed)
    bsp_event_handler                        0x0001eac9   Thumb Code   104  main.o(i.bsp_event_handler)
    bsp_event_to_button_action_assign        0x0001eb45   Thumb Code    86  bsp.o(i.bsp_event_to_button_action_assign)
    bsp_indication_set                       0x0001eba1   Thumb Code    28  bsp.o(i.bsp_indication_set)
    bsp_init                                 0x0001ebc1   Thumb Code   164  bsp.o(i.bsp_init)
    bsp_wakeup_buttons_set                   0x0001f22d   Thumb Code    70  bsp.o(i.bsp_wakeup_buttons_set)
    dm_ble_evt_handler                       0x0001fe21   Thumb Code  1696  device_manager_peripheral.o(i.dm_ble_evt_handler)
    dm_handle_initialize                     0x000204d9   Thumb Code    24  device_manager_peripheral.o(i.dm_handle_initialize)
    dm_init                                  0x000204f1   Thumb Code   234  device_manager_peripheral.o(i.dm_init)
    dm_register                              0x00020855   Thumb Code   166  device_manager_peripheral.o(i.dm_register)
    fputc                                    0x00020dc9   Thumb Code    16  retarget.o(i.fputc)
    fs_queued_op_count_get                   0x00020dd9   Thumb Code    18  fstorage.o(i.fs_queued_op_count_get)
    hrs_service_init                         0x00021215   Thumb Code   104  our_service.o(i.hrs_service_init)
    hrs_value_update                         0x00021299   Thumb Code    68  our_service.o(i.hrs_value_update)
    intern_softdevice_events_execute         0x000212dd   Thumb Code   150  softdevice_handler.o(i.intern_softdevice_events_execute)
    main                                     0x00021775   Thumb Code   166  main.o(i.main)
    nrf_delay_ms                             0x000219e7   Thumb Code    26  nrf_delay.o(i.nrf_delay_ms)
    nrf_drv_common_irq_enable                0x00021a01   Thumb Code    84  nrf_drv_common.o(i.nrf_drv_common_irq_enable)
    nrf_drv_gpiote_in_event_enable           0x00021a6d   Thumb Code   170  nrf_drv_gpiote.o(i.nrf_drv_gpiote_in_event_enable)
    nrf_drv_gpiote_in_init                   0x00021b25   Thumb Code   198  nrf_drv_gpiote.o(i.nrf_drv_gpiote_in_init)
    nrf_drv_gpiote_in_is_set                 0x00021bfd   Thumb Code    24  nrf_drv_gpiote.o(i.nrf_drv_gpiote_in_is_set)
    nrf_drv_gpiote_init                      0x00021c19   Thumb Code    78  nrf_drv_gpiote.o(i.nrf_drv_gpiote_init)
    nrf_drv_gpiote_is_init                   0x00021c6d   Thumb Code    16  nrf_drv_gpiote.o(i.nrf_drv_gpiote_is_init)
    nrf_drv_twi_enable                       0x00021c81   Thumb Code    32  nrf_drv_twi.o(i.nrf_drv_twi_enable)
    nrf_drv_twi_init                         0x00021ca5   Thumb Code   142  nrf_drv_twi.o(i.nrf_drv_twi_init)
    nrf_drv_twi_rx                           0x00021d41   Thumb Code    40  nrf_drv_twi.o(i.nrf_drv_twi_rx)
    nrf_drv_twi_tx                           0x00021d6d   Thumb Code    60  nrf_drv_twi.o(i.nrf_drv_twi_tx)
    nrf_drv_twi_xfer                         0x00021da9   Thumb Code    54  nrf_drv_twi.o(i.nrf_drv_twi_xfer)
    nrf_drv_uart_init                        0x00021de5   Thumb Code   202  nrf_drv_uart.o(i.nrf_drv_uart_init)
    nrf_drv_uart_rx                          0x00021ec9   Thumb Code   168  nrf_drv_uart.o(i.nrf_drv_uart_rx)
    nrf_drv_uart_rx_enable                   0x00021f79   Thumb Code    26  nrf_drv_uart.o(i.nrf_drv_uart_rx_enable)
    nrf_drv_uart_tx                          0x00022101   Thumb Code    66  nrf_drv_uart.o(i.nrf_drv_uart_tx)
    nrf_drv_uart_tx_in_progress              0x00022245   Thumb Code    14  nrf_drv_uart.o(i.nrf_drv_uart_tx_in_progress)
    pstorage_access_status_get               0x00022745   Thumb Code    36  pstorage.o(i.pstorage_access_status_get)
    pstorage_block_identifier_get            0x00022771   Thumb Code   154  pstorage.o(i.pstorage_block_identifier_get)
    pstorage_clear                           0x00022815   Thumb Code   280  pstorage.o(i.pstorage_clear)
    pstorage_init                            0x0002295d   Thumb Code   110  pstorage.o(i.pstorage_init)
    pstorage_load                            0x000229ed   Thumb Code   236  pstorage.o(i.pstorage_load)
    pstorage_register                        0x00022ae1   Thumb Code   256  pstorage.o(i.pstorage_register)
    pstorage_store                           0x00022bf1   Thumb Code   212  pstorage.o(i.pstorage_store)
    pstorage_sys_event_handler               0x00022ccd   Thumb Code    62  pstorage.o(i.pstorage_sys_event_handler)
    pstorage_update                          0x00022d15   Thumb Code   212  pstorage.o(i.pstorage_update)
    sd_check_ram_start                       0x00022f4d   Thumb Code    22  softdevice_handler.o(i.sd_check_ram_start)
    softdevice_ble_evt_handler_set           0x000231a1   Thumb Code    20  softdevice_handler.o(i.softdevice_ble_evt_handler_set)
    softdevice_enable                        0x000231b9   Thumb Code    24  softdevice_handler.o(i.softdevice_enable)
    softdevice_enable_get_default_config     0x000231d5   Thumb Code    44  softdevice_handler.o(i.softdevice_enable_get_default_config)
    softdevice_fault_handler                 0x00023201   Thumb Code    20  softdevice_handler.o(i.softdevice_fault_handler)
    softdevice_handler_init                  0x00023215   Thumb Code    80  softdevice_handler.o(i.softdevice_handler_init)
    softdevice_sys_evt_handler_set           0x00023279   Thumb Code    20  softdevice_handler.o(i.softdevice_sys_evt_handler_set)
    m_service_context_store                  0x00024740   Data          16  device_manager_peripheral.o(.constdata)
    m_service_context_load                   0x00024750   Data          16  device_manager_peripheral.o(.constdata)
    m_service_context_apply                  0x00024760   Data          16  device_manager_peripheral.o(.constdata)
    m_context_init_len                       0x00024770   Data           4  device_manager_peripheral.o(.constdata)
    Region$$Table$$Base                      0x000248b4   Number         0  anon$$obj.o(Region$$Table)
    Region$$Table$$Limit                     0x000248d4   Number         0  anon$$obj.o(Region$$Table)
    Image$$RW_IRAM1$$Base                    0x20002080   Number         0  anon$$obj.o ABSOLUTE
    __stdout                                 0x20002160   Data           4  retarget.o(.data)
    __stdin                                  0x20002164   Data           4  retarget.o(.data)
    SystemCoreClock                          0x20002180   Data           4  system_nrf52.o(.data)
    acc_service                              0x20002184   Data          36  main.o(.bss)
    hrs_service                              0x200021a8   Data          36  main.o(.bss)
    nrf_nvic_state                           0x20002a5c   Data          12  softdevice_handler.o(.bss)
    __initial_sp                             0x20004a68   Data           0  arm_startup_nrf52.o(STACK)



==============================================================================

Memory Map of the image

  Image Entry point : 0x0001c201

  Load Region LR_IROM1 (Base: 0x0001c000, Size: 0x000089d8, Max: 0x00064000, ABSOLUTE)

    Execution Region ER_IROM1 (Base: 0x0001c000, Size: 0x000088d4, Max: 0x00064000, ABSOLUTE)

    Base Addr    Size         Type   Attr      Idx    E Section Name        Object

    0x0001c000   0x00000200   Data   RO         3523    RESET               arm_startup_nrf52.o
    0x0001c200   0x00000000   Code   RO         3613  * .ARM.Collect$$$$00000000  mc_w.l(entry.o)
    0x0001c200   0x00000004   Code   RO         3887    .ARM.Collect$$$$00000001  mc_w.l(entry2.o)
    0x0001c204   0x00000004   Code   RO         3890    .ARM.Collect$$$$00000004  mc_w.l(entry5.o)
    0x0001c208   0x00000000   Code   RO         3892    .ARM.Collect$$$$00000008  mc_w.l(entry7b.o)
    0x0001c208   0x00000000   Code   RO         3894    .ARM.Collect$$$$0000000A  mc_w.l(entry8b.o)
    0x0001c208   0x00000008   Code   RO         3895    .ARM.Collect$$$$0000000B  mc_w.l(entry9a.o)
    0x0001c210   0x00000000   Code   RO         3897    .ARM.Collect$$$$0000000D  mc_w.l(entry10a.o)
    0x0001c210   0x00000000   Code   RO         3899    .ARM.Collect$$$$0000000F  mc_w.l(entry11a.o)
    0x0001c210   0x00000004   Code   RO         3888    .ARM.Collect$$$$00002712  mc_w.l(entry2.o)
    0x0001c214   0x00000076   Code   RO         1502    .emb_text           nrf_delay.o
    0x0001c28a   0x00000002   PAD
    0x0001c28c   0x00000076   Code   RO         2431    .emb_text           nrf_drv_twi.o
    0x0001c302   0x00000002   PAD
    0x0001c304   0x00000076   Code   RO         2914    .emb_text           app_timer.o
    0x0001c37a   0x00000002   PAD
    0x0001c37c   0x00000024   Code   RO         3524    .text               arm_startup_nrf52.o
    0x0001c3a0   0x00000024   Code   RO         3616    .text               mc_w.l(memcpya.o)
    0x0001c3c4   0x00000024   Code   RO         3618    .text               mc_w.l(memseta.o)
    0x0001c3e8   0x0000001a   Code   RO         3622    .text               mc_w.l(memcmp.o)
    0x0001c402   0x0000002c   Code   RO         3901    .text               mc_w.l(uidiv.o)
    0x0001c42e   0x00000002   PAD
    0x0001c430   0x00000024   Code   RO         3916    .text               mc_w.l(init.o)
    0x0001c454   0x0000017c   Code   RO          387    i.ACC1_char_add     our_service.o
    0x0001c5d0   0x0000017c   Code   RO          388    i.ACC2_char_add     our_service.o
    0x0001c74c   0x00000180   Code   RO          389    i.ACC3_char_add     our_service.o
    0x0001c8cc   0x000001b8   Code   RO         1572    i.GPIOTE_IRQHandler  nrf_drv_gpiote.o
    0x0001ca84   0x00000180   Code   RO          390    i.HRS_char_add      our_service.o
    0x0001cc04   0x00000038   Code   RO          608    i.LSM303D_Get_ACC   acc_file.o
    0x0001cc3c   0x0000000c   Code   RO          610    i.LSM303D_Get_X     acc_file.o
    0x0001cc48   0x0000000c   Code   RO          611    i.LSM303D_Get_Y     acc_file.o
    0x0001cc54   0x0000000c   Code   RO          612    i.LSM303D_Get_Z     acc_file.o
    0x0001cc60   0x000000e8   Code   RO          613    i.LSM303D_Set_Default_Mode  acc_file.o
    0x0001cd48   0x00000050   Code   RO          614    i.LSM303D_TWI_Get_Byte  acc_file.o
    0x0001cd98   0x00000048   Code   RO          615    i.LSM303D_set_mode  acc_file.o
    0x0001cde0   0x00000054   Code   RO          616    i.LSM303D_twi_init  acc_file.o
    0x0001ce34   0x00000050   Code   RO          509    i.MAX30105_Get_Byte  hrs_file.o
    0x0001ce84   0x00000090   Code   RO          510    i.MAX30105_Get_Sample  hrs_file.o
    0x0001cf14   0x00000054   Code   RO          511    i.MAX30105_config_parameter  hrs_file.o
    0x0001cf68   0x0000004c   Code   RO          512    i.MAX30105_default_HRS_config  hrs_file.o
    0x0001cfb4   0x00000048   Code   RO          513    i.MAX30105_set_pointer  hrs_file.o
    0x0001cffc   0x00000054   Code   RO          514    i.MAX30105_twi_init  hrs_file.o
    0x0001d050   0x00000018   Code   RO         2915    i.NVIC_ClearPendingIRQ  app_timer.o
    0x0001d068   0x00000016   Code   RO         2916    i.NVIC_EnableIRQ    app_timer.o
    0x0001d07e   0x00000002   PAD
    0x0001d080   0x00000018   Code   RO         2917    i.NVIC_SetPendingIRQ  app_timer.o
    0x0001d098   0x00000028   Code   RO         2918    i.NVIC_SetPriority  app_timer.o
    0x0001d0c0   0x00000034   Code   RO         2919    i.RTC1_IRQHandler   app_timer.o
    0x0001d0f4   0x00000014   Code   RO         2432    i.SPIM0_SPIS0_TWIM0_TWIS0_SPI0_TWI0_IRQHandler  nrf_drv_twi.o
    0x0001d108   0x00000014   Code   RO         2433    i.SPIM1_SPIS1_TWIM1_TWIS1_SPI1_TWI1_IRQHandler  nrf_drv_twi.o
    0x0001d11c   0x00000008   Code   RO         2920    i.SWI0_EGU0_IRQHandler  app_timer.o
    0x0001d124   0x00000038   Code   RO         3413    i.SWI2_EGU2_IRQHandler  softdevice_handler.o
    0x0001d15c   0x00000010   Code   RO         3531    i.SystemCoreClockUpdate  system_nrf52.o
    0x0001d16c   0x00000268   Code   RO         3532    i.SystemInit        system_nrf52.o
    0x0001d3d4   0x00000018   Code   RO         1811    i.UARTE0_UART0_IRQHandler  nrf_drv_uart.o
    0x0001d3ec   0x00000020   Code   RO         3671    i.__0printf$1       mc_w.l(printf1.o)
    0x0001d40c   0x0000000e   Code   RO         3928    i.__scatterload_copy  mc_w.l(handlers.o)
    0x0001d41a   0x00000002   Code   RO         3929    i.__scatterload_null  mc_w.l(handlers.o)
    0x0001d41c   0x0000000e   Code   RO         3930    i.__scatterload_zeroinit  mc_w.l(handlers.o)
    0x0001d42a   0x00000002   PAD
    0x0001d42c   0x00000154   Code   RO         3678    i._printf_core      mc_w.l(printf1.o)
    0x0001d580   0x00000044   Code   RO          391    i.acc1_value_update  our_service.o
    0x0001d5c4   0x00000044   Code   RO          392    i.acc2_value_update  our_service.o
    0x0001d608   0x00000044   Code   RO          393    i.acc3_value_update  our_service.o
    0x0001d64c   0x00000090   Code   RO          394    i.acc_service_init  our_service.o
    0x0001d6dc   0x000001c6   Code   RO          867    i.adv_data_encode   ble_advdata.o
    0x0001d8a2   0x00000012   Code   RO          868    i.advdata_check     ble_advdata.o
    0x0001d8b4   0x00000054   Code   RO          811    i.advertising_buttons_configure  bsp_btn_ble.o
    0x0001d908   0x00000074   Code   RO            5    i.advertising_init  main.o
    0x0001d97c   0x00000024   Code   RO          691    i.alert_timer_handler  bsp.o
    0x0001d9a0   0x0000002c   Code   RO         2789    i.app_button_enable  app_button.o
    0x0001d9cc   0x000000a8   Code   RO         2790    i.app_button_init   app_button.o
    0x0001da74   0x0000001a   Code   RO         2890    i.app_error_fault_handler  app_error_weak.o
    0x0001da8e   0x00000020   Code   RO         2850    i.app_error_handler  app_error.o
    0x0001daae   0x00000002   PAD
    0x0001dab0   0x00000088   Code   RO         2852    i.app_error_save_and_stop  app_error.o
    0x0001db38   0x00000020   Code   RO         1228    i.app_evt_notify    device_manager_peripheral.o
    0x0001db58   0x0000001e   Code   RO         2709    i.app_fifo_get      app_fifo.o
    0x0001db76   0x00000024   Code   RO         2710    i.app_fifo_init     app_fifo.o
    0x0001db9a   0x00000022   Code   RO         2712    i.app_fifo_put      app_fifo.o
    0x0001dbbc   0x00000030   Code   RO         2097    i.app_notify        pstorage.o
    0x0001dbec   0x00000028   Code   RO         2098    i.app_notify_error_state_transit  pstorage.o
    0x0001dc14   0x0000003c   Code   RO         2923    i.app_timer_create  app_timer.o
    0x0001dc50   0x000000b8   Code   RO         2924    i.app_timer_init    app_timer.o
    0x0001dd08   0x00000058   Code   RO         2925    i.app_timer_start   app_timer.o
    0x0001dd60   0x00000034   Code   RO         2926    i.app_timer_stop    app_timer.o
    0x0001dd94   0x000000cc   Code   RO         2628    i.app_uart_init     app_uart_fifo.o
    0x0001de60   0x00000038   Code   RO         2629    i.app_uart_put      app_uart_fifo.o
    0x0001de98   0x00000052   Code   RO          869    i.appearance_encode  ble_advdata.o
    0x0001deea   0x00000002   Code   RO            6    i.application_timers_start  main.o
    0x0001deec   0x000000bc   Code   RO         1812    i.apply_config      nrf_drv_uart.o
    0x0001dfa8   0x00000094   Code   RO          870    i.ble_advdata_set   ble_advdata.o
    0x0001e03c   0x0000017c   Code   RO          989    i.ble_advertising_init  ble_advertising.o
    0x0001e1b8   0x000000f8   Code   RO          990    i.ble_advertising_on_ble_evt  ble_advertising.o
    0x0001e2b0   0x0000004c   Code   RO          991    i.ble_advertising_on_sys_evt  ble_advertising.o
    0x0001e2fc   0x00000010   Code   RO          993    i.ble_advertising_peer_address_clear  ble_advertising.o
    0x0001e30c   0x00000078   Code   RO          994    i.ble_advertising_restart_without_whitelist  ble_advertising.o
    0x0001e384   0x00000288   Code   RO          995    i.ble_advertising_start  ble_advertising.o
    0x0001e60c   0x00000070   Code   RO         1091    i.ble_conn_params_init  ble_conn_params.o
    0x0001e67c   0x0000003e   Code   RO         1092    i.ble_conn_params_on_ble_evt  ble_conn_params.o
    0x0001e6ba   0x00000074   Code   RO          871    i.ble_device_addr_encode  ble_advdata.o
    0x0001e72e   0x00000002   PAD
    0x0001e730   0x0000003c   Code   RO            8    i.ble_evt_dispatch  main.o
    0x0001e76c   0x00000020   Code   RO          395    i.ble_our_service_on_ble_evt  our_service.o
    0x0001e78c   0x0000010c   Code   RO            9    i.ble_stack_init    main.o
    0x0001e898   0x00000050   Code   RO         1229    i.bond_data_load    device_manager_peripheral.o
    0x0001e8e8   0x00000038   Code   RO          812    i.bsp_btn_ble_init  bsp_btn_ble.o
    0x0001e920   0x00000078   Code   RO          813    i.bsp_btn_ble_on_ble_evt  bsp_btn_ble.o
    0x0001e998   0x0000001c   Code   RO          814    i.bsp_btn_ble_sleep_mode_prepare  bsp_btn_ble.o
    0x0001e9b4   0x000000dc   Code   RO          692    i.bsp_button_event_handler  bsp.o
    0x0001ea90   0x00000038   Code   RO          693    i.bsp_button_is_pressed  bsp.o
    0x0001eac8   0x0000007c   Code   RO           10    i.bsp_event_handler  main.o
    0x0001eb44   0x0000005c   Code   RO          697    i.bsp_event_to_button_action_assign  bsp.o
    0x0001eba0   0x00000020   Code   RO          698    i.bsp_indication_set  bsp.o
    0x0001ebc0   0x000000d0   Code   RO          700    i.bsp_init          bsp.o
    0x0001ec90   0x0000059c   Code   RO          701    i.bsp_led_indication  bsp.o
    0x0001f22c   0x00000050   Code   RO          702    i.bsp_wakeup_buttons_set  bsp.o
    0x0001f27c   0x0000000e   Code   RO          703    i.button_timer_handler  bsp.o
    0x0001f28a   0x00000002   PAD
    0x0001f28c   0x00000074   Code   RO           11    i.buttons_leds_init  main.o
    0x0001f300   0x00000020   Code   RO         1573    i.channel_free      nrf_drv_gpiote.o
    0x0001f320   0x00000010   Code   RO         1574    i.channel_handler_get  nrf_drv_gpiote.o
    0x0001f330   0x00000080   Code   RO         1575    i.channel_port_alloc  nrf_drv_gpiote.o
    0x0001f3b0   0x0000000c   Code   RO         1576    i.channel_port_get  nrf_drv_gpiote.o
    0x0001f3bc   0x00000104   Code   RO         2099    i.clear_operation_execute  pstorage.o
    0x0001f4c0   0x00000028   Code   RO         2100    i.clear_post_processing_run  pstorage.o
    0x0001f4e8   0x00000048   Code   RO         2101    i.cmd_process       pstorage.o
    0x0001f530   0x00000014   Code   RO         2102    i.cmd_queue_dequeue  pstorage.o
    0x0001f544   0x00000050   Code   RO         2103    i.cmd_queue_element_init  pstorage.o
    0x0001f594   0x0000009c   Code   RO         2104    i.cmd_queue_enqueue  pstorage.o
    0x0001f630   0x00000020   Code   RO         2105    i.cmd_queue_init    pstorage.o
    0x0001f650   0x00000028   Code   RO         2106    i.command_end_procedure_run  pstorage.o
    0x0001f678   0x0000002c   Code   RO         2107    i.command_queue_element_consume  pstorage.o
    0x0001f6a4   0x00000090   Code   RO         2928    i.compare_reg_update  app_timer.o
    0x0001f734   0x0000005a   Code   RO          872    i.conn_int_check    ble_advdata.o
    0x0001f78e   0x00000068   Code   RO          873    i.conn_int_encode   ble_advdata.o
    0x0001f7f6   0x00000002   PAD
    0x0001f7f8   0x00000024   Code   RO           12    i.conn_params_error_handler  main.o
    0x0001f81c   0x00000070   Code   RO           13    i.conn_params_init  main.o
    0x0001f88c   0x00000084   Code   RO         1094    i.conn_params_negotiation  ble_conn_params.o
    0x0001f910   0x00000054   Code   RO          815    i.connection_buttons_configure  bsp_btn_ble.o
    0x0001f964   0x00000048   Code   RO         1230    i.connection_instance_find  device_manager_peripheral.o
    0x0001f9ac   0x00000040   Code   RO         1231    i.connection_instance_init  device_manager_peripheral.o
    0x0001f9ec   0x0000007c   Code   RO         2108    i.data_page_erase_state_run  pstorage.o
    0x0001fa68   0x00000034   Code   RO         2109    i.data_to_swap_write_state_run  pstorage.o
    0x0001fa9c   0x0000008c   Code   RO         2792    i.detection_delay_timeout_handler  app_button.o
    0x0001fb28   0x000000e0   Code   RO         1232    i.device_context_store  device_manager_peripheral.o
    0x0001fc08   0x00000088   Code   RO         1233    i.device_instance_allocate  device_manager_peripheral.o
    0x0001fc90   0x00000058   Code   RO         1234    i.device_instance_find  device_manager_peripheral.o
    0x0001fce8   0x0000002c   Code   RO         1235    i.device_instance_free  device_manager_peripheral.o
    0x0001fd14   0x00000038   Code   RO           14    i.device_manager_evt_handler  main.o
    0x0001fd4c   0x000000d4   Code   RO           15    i.device_manager_init  main.o
    0x0001fe20   0x000006b8   Code   RO         1240    i.dm_ble_evt_handler  device_manager_peripheral.o
    0x000204d8   0x00000018   Code   RO         1246    i.dm_handle_initialize  device_manager_peripheral.o
    0x000204f0   0x00000108   Code   RO         1247    i.dm_init           device_manager_peripheral.o
    0x000205f8   0x0000025c   Code   RO         1250    i.dm_pstorage_cb_handler  device_manager_peripheral.o
    0x00020854   0x000000b0   Code   RO         1251    i.dm_register       device_manager_peripheral.o
    0x00020904   0x00000064   Code   RO         2929    i.elapsed_ticks_acquire  app_timer.o
    0x00020968   0x00000040   Code   RO         2110    i.erase_sub_state_sm_run  pstorage.o
    0x000209a8   0x00000054   Code   RO         3533    i.errata_108        system_nrf52.o
    0x000209fc   0x00000054   Code   RO         3534    i.errata_12         system_nrf52.o
    0x00020a50   0x00000030   Code   RO         3535    i.errata_16         system_nrf52.o
    0x00020a80   0x00000054   Code   RO         3536    i.errata_31         system_nrf52.o
    0x00020ad4   0x00000030   Code   RO         3537    i.errata_32         system_nrf52.o
    0x00020b04   0x00000054   Code   RO         3538    i.errata_36         system_nrf52.o
    0x00020b58   0x00000030   Code   RO         3539    i.errata_37         system_nrf52.o
    0x00020b88   0x00000030   Code   RO         3540    i.errata_57         system_nrf52.o
    0x00020bb8   0x00000030   Code   RO         3541    i.errata_66         system_nrf52.o
    0x00020be8   0x00000058   Code   RO         2930    i.expired_timers_handler  app_timer.o
    0x00020c40   0x00000018   Code   RO         2715    i.fifo_get          app_fifo.o
    0x00020c58   0x0000000a   Code   RO         2630    i.fifo_length       app_uart_fifo.o
    0x00020c62   0x0000000a   Code   RO         2716    i.fifo_length       app_fifo.o
    0x00020c6c   0x00000012   Code   RO         2717    i.fifo_peek         app_fifo.o
    0x00020c7e   0x00000012   Code   RO         2718    i.fifo_put          app_fifo.o
    0x00020c90   0x00000036   Code   RO          874    i.flags_encode      ble_advdata.o
    0x00020cc6   0x00000036   Code   RO          997    i.flash_access_in_progress  ble_advertising.o
    0x00020cfc   0x0000002c   Code   RO         2111    i.flash_api_err_code_process  pstorage.o
    0x00020d28   0x00000044   Code   RO         2112    i.flash_operation_failure_run  pstorage.o
    0x00020d6c   0x00000030   Code   RO         2113    i.flash_operation_success_run  pstorage.o
    0x00020d9c   0x00000010   Code   RO         2114    i.flash_page_erase  pstorage.o
    0x00020dac   0x0000001c   Code   RO         2115    i.flash_write       pstorage.o
    0x00020dc8   0x00000010   Code   RO         3344    i.fputc             retarget.o
    0x00020dd8   0x00000018   Code   RO         3217    i.fs_queued_op_count_get  fstorage.o
    0x00020df0   0x000000a4   Code   RO           16    i.gap_params_init   main.o
    0x00020e94   0x00000006   Code   RO         1258    i.gattc_context_apply  device_manager_peripheral.o
    0x00020e9a   0x00000006   Code   RO         1259    i.gattc_context_load  device_manager_peripheral.o
    0x00020ea0   0x00000006   Code   RO         1260    i.gattc_context_store  device_manager_peripheral.o
    0x00020ea6   0x00000002   PAD
    0x00020ea8   0x000000f8   Code   RO         1261    i.gatts_context_apply  device_manager_peripheral.o
    0x00020fa0   0x0000004c   Code   RO         1262    i.gatts_context_load  device_manager_peripheral.o
    0x00020fec   0x000000f0   Code   RO         1263    i.gatts_context_store  device_manager_peripheral.o
    0x000210dc   0x00000018   Code   RO         1264    i.gattsc_context_apply  device_manager_peripheral.o
    0x000210f4   0x0000001c   Code   RO         1265    i.gattsc_context_load  device_manager_peripheral.o
    0x00021110   0x0000001c   Code   RO         1266    i.gattsc_context_store  device_manager_peripheral.o
    0x0002112c   0x00000080   Code   RO         2793    i.gpiote_event_handler  app_button.o
    0x000211ac   0x00000068   Code   RO         2116    i.head_restore_state_run  pstorage.o
    0x00021214   0x00000084   Code   RO          396    i.hrs_service_init  our_service.o
    0x00021298   0x00000044   Code   RO          397    i.hrs_value_update  our_service.o
    0x000212dc   0x000000b0   Code   RO         3414    i.intern_softdevice_events_execute  softdevice_handler.o
    0x0002138c   0x000000da   Code   RO         2434    i.irq_handler_twi   nrf_drv_twi.o
    0x00021466   0x00000002   PAD
    0x00021468   0x00000024   Code   RO         1095    i.is_conn_params_ok  ble_conn_params.o
    0x0002148c   0x00000058   Code   RO         2117    i.is_page_erase_required  pstorage.o
    0x000214e4   0x00000050   Code   RO         2118    i.is_tail_data_page_swap_required  pstorage.o
    0x00021534   0x00000010   Code   RO         2119    i.is_word_aligned   pstorage.o
    0x00021544   0x0000006a   Code   RO          875    i.le_role_encode    ble_advdata.o
    0x000215ae   0x00000002   PAD
    0x000215b0   0x00000020   Code   RO          704    i.leds_timer_handler  bsp.o
    0x000215d0   0x00000098   Code   RO         2931    i.list_deletions_handler  app_timer.o
    0x00021668   0x0000010c   Code   RO         2932    i.list_insertions_handler  app_timer.o
    0x00021774   0x00000108   Code   RO           17    i.main              main.o
    0x0002187c   0x00000020   Code   RO         2120    i.main_state_err_busy_process  pstorage.o
    0x0002189c   0x00000076   Code   RO          876    i.manuf_specific_data_encode  ble_advdata.o
    0x00021912   0x000000c2   Code   RO          877    i.name_encode       ble_advdata.o
    0x000219d4   0x00000006   Code   RO         1267    i.no_service_context_apply  device_manager_peripheral.o
    0x000219da   0x00000006   Code   RO         1268    i.no_service_context_load  device_manager_peripheral.o
    0x000219e0   0x00000006   Code   RO         1269    i.no_service_context_store  device_manager_peripheral.o
    0x000219e6   0x0000001a   Code   RO         1503    i.nrf_delay_ms      nrf_delay.o
    0x00021a00   0x00000060   Code   RO         1534    i.nrf_drv_common_irq_enable  nrf_drv_common.o
    0x00021a60   0x0000000a   Code   RO         2435    i.nrf_drv_get_IRQn  nrf_drv_twi.o
    0x00021a6a   0x00000002   PAD
    0x00021a6c   0x000000b8   Code   RO         1579    i.nrf_drv_gpiote_in_event_enable  nrf_drv_gpiote.o
    0x00021b24   0x000000d8   Code   RO         1580    i.nrf_drv_gpiote_in_init  nrf_drv_gpiote.o
    0x00021bfc   0x0000001c   Code   RO         1581    i.nrf_drv_gpiote_in_is_set  nrf_drv_gpiote.o
    0x00021c18   0x00000054   Code   RO         1583    i.nrf_drv_gpiote_init  nrf_drv_gpiote.o
    0x00021c6c   0x00000014   Code   RO         1584    i.nrf_drv_gpiote_is_init  nrf_drv_gpiote.o
    0x00021c80   0x00000024   Code   RO         2438    i.nrf_drv_twi_enable  nrf_drv_twi.o
    0x00021ca4   0x0000009c   Code   RO         2439    i.nrf_drv_twi_init  nrf_drv_twi.o
    0x00021d40   0x0000002c   Code   RO         2440    i.nrf_drv_twi_rx    nrf_drv_twi.o
    0x00021d6c   0x0000003c   Code   RO         2443    i.nrf_drv_twi_tx    nrf_drv_twi.o
    0x00021da8   0x0000003c   Code   RO         2445    i.nrf_drv_twi_xfer  nrf_drv_twi.o
    0x00021de4   0x000000e4   Code   RO         1814    i.nrf_drv_uart_init  nrf_drv_uart.o
    0x00021ec8   0x000000b0   Code   RO         1815    i.nrf_drv_uart_rx   nrf_drv_uart.o
    0x00021f78   0x00000020   Code   RO         1818    i.nrf_drv_uart_rx_enable  nrf_drv_uart.o
    0x00021f98   0x000000b4   Code   RO         1819    i.nrf_drv_uart_rx_for_uart  nrf_drv_uart.o
    0x0002204c   0x000000b4   Code   RO         1820    i.nrf_drv_uart_rx_for_uarte  nrf_drv_uart.o
    0x00022100   0x00000048   Code   RO         1821    i.nrf_drv_uart_tx   nrf_drv_uart.o
    0x00022148   0x0000008c   Code   RO         1823    i.nrf_drv_uart_tx_for_uart  nrf_drv_uart.o
    0x000221d4   0x00000070   Code   RO         1824    i.nrf_drv_uart_tx_for_uarte  nrf_drv_uart.o
    0x00022244   0x00000014   Code   RO         1825    i.nrf_drv_uart_tx_in_progress  nrf_drv_uart.o
    0x00022258   0x00000024   Code   RO         1596    i.nrf_gpio_cfg      nrf_drv_gpiote.o
    0x0002227c   0x00000024   Code   RO         1827    i.nrf_gpio_cfg      nrf_drv_uart.o
    0x000222a0   0x0000001a   Code   RO         1829    i.nrf_gpio_cfg_input  nrf_drv_uart.o
    0x000222ba   0x00000018   Code   RO         1830    i.nrf_gpio_cfg_output  nrf_drv_uart.o
    0x000222d2   0x00000002   PAD
    0x000222d4   0x00000024   Code   RO         1598    i.nrf_gpio_cfg_sense_set  nrf_drv_gpiote.o
    0x000222f8   0x00000010   Code   RO         2446    i.nrf_gpio_pin_clear  nrf_drv_twi.o
    0x00022308   0x00000010   Code   RO         1831    i.nrf_gpio_pin_set  nrf_drv_uart.o
    0x00022318   0x00000010   Code   RO         2447    i.nrf_gpio_pin_set  nrf_drv_twi.o
    0x00022328   0x0000000c   Code   RO         1601    i.nrf_gpiote_event_addr_get  nrf_drv_gpiote.o
    0x00022334   0x0000001c   Code   RO         1602    i.nrf_gpiote_event_clear  nrf_drv_gpiote.o
    0x00022350   0x00000016   Code   RO         1603    i.nrf_gpiote_event_is_set  nrf_drv_gpiote.o
    0x00022366   0x00000002   PAD
    0x00022368   0x0000000c   Code   RO         1604    i.nrf_gpiote_int_enable  nrf_drv_gpiote.o
    0x00022374   0x0000000e   Code   RO         2448    i.nrf_twi_event_check  nrf_drv_twi.o
    0x00022382   0x00000006   Code   RO         2449    i.nrf_twi_event_clear  nrf_drv_twi.o
    0x00022388   0x00000006   Code   RO         2450    i.nrf_twi_int_disable  nrf_drv_twi.o
    0x0002238e   0x00000006   Code   RO         2451    i.nrf_twi_int_enable  nrf_drv_twi.o
    0x00022394   0x00000006   Code   RO         2452    i.nrf_twi_shorts_set  nrf_drv_twi.o
    0x0002239a   0x00000006   Code   RO         2453    i.nrf_twi_task_trigger  nrf_drv_twi.o
    0x000223a0   0x0000000c   Code   RO         1832    i.nrf_uart_errorsrc_get_and_clear  nrf_drv_uart.o
    0x000223ac   0x0000000e   Code   RO         1833    i.nrf_uart_event_check  nrf_drv_uart.o
    0x000223ba   0x00000006   Code   RO         1834    i.nrf_uart_event_clear  nrf_drv_uart.o
    0x000223c0   0x0000000a   Code   RO         1835    i.nrf_uart_hwfc_pins_set  nrf_drv_uart.o
    0x000223ca   0x00000006   Code   RO         1836    i.nrf_uart_int_disable  nrf_drv_uart.o
    0x000223d0   0x00000006   Code   RO         1837    i.nrf_uart_int_enable  nrf_drv_uart.o
    0x000223d6   0x00000012   Code   RO         1838    i.nrf_uart_int_enable_check  nrf_drv_uart.o
    0x000223e8   0x00000006   Code   RO         1839    i.nrf_uart_task_trigger  nrf_drv_uart.o
    0x000223ee   0x0000000a   Code   RO         1840    i.nrf_uart_txrx_pins_set  nrf_drv_uart.o
    0x000223f8   0x0000000c   Code   RO         1841    i.nrf_uarte_errorsrc_get_and_clear  nrf_drv_uart.o
    0x00022404   0x0000000e   Code   RO         1842    i.nrf_uarte_event_check  nrf_drv_uart.o
    0x00022412   0x00000006   Code   RO         1843    i.nrf_uarte_event_clear  nrf_drv_uart.o
    0x00022418   0x0000000c   Code   RO         1844    i.nrf_uarte_hwfc_pins_set  nrf_drv_uart.o
    0x00022424   0x00000006   Code   RO         1845    i.nrf_uarte_int_disable  nrf_drv_uart.o
    0x0002242a   0x00000006   Code   RO         1846    i.nrf_uarte_int_enable  nrf_drv_uart.o
    0x00022430   0x0000000a   Code   RO         1847    i.nrf_uarte_rx_amount_get  nrf_drv_uart.o
    0x0002243a   0x00000006   Code   RO         1848    i.nrf_uarte_task_trigger  nrf_drv_uart.o
    0x00022440   0x0000000e   Code   RO         1849    i.nrf_uarte_txrx_pins_set  nrf_drv_uart.o
    0x0002244e   0x00000002   PAD
    0x00022450   0x00000048   Code   RO           18    i.on_adv_evt        main.o
    0x00022498   0x00000078   Code   RO           19    i.on_ble_evt        main.o
    0x00022510   0x00000040   Code   RO           20    i.on_conn_params_evt  main.o
    0x00022550   0x00000018   Code   RO         1096    i.on_conn_params_update  ble_conn_params.o
    0x00022568   0x00000038   Code   RO         1097    i.on_connect        ble_conn_params.o
    0x000225a0   0x00000040   Code   RO         1098    i.on_disconnect     ble_conn_params.o
    0x000225e0   0x00000058   Code   RO         1099    i.on_write          ble_conn_params.o
    0x00022638   0x00000018   Code   RO          998    i.peer_address_exists  ble_advertising.o
    0x00022650   0x00000064   Code   RO         1270    i.peer_instance_init  device_manager_peripheral.o
    0x000226b4   0x0000001c   Code   RO         1606    i.pin_in_use_by_gpiote  nrf_drv_gpiote.o
    0x000226d0   0x00000018   Code   RO         1607    i.pin_in_use_by_port  nrf_drv_gpiote.o
    0x000226e8   0x00000020   Code   RO         1608    i.pin_in_use_by_te  nrf_drv_gpiote.o
    0x00022708   0x0000000c   Code   RO         1609    i.pin_in_use_clear  nrf_drv_gpiote.o
    0x00022714   0x00000030   Code   RO           21    i.power_manage      main.o
    0x00022744   0x0000002c   Code   RO         2121    i.pstorage_access_status_get  pstorage.o
    0x00022770   0x000000a4   Code   RO         2122    i.pstorage_block_identifier_get  pstorage.o
    0x00022814   0x00000120   Code   RO         2123    i.pstorage_clear    pstorage.o
    0x00022934   0x0000001e   Code   RO         2124    i.pstorage_flash_page_end  pstorage.o
    0x00022952   0x0000000a   Code   RO         2125    i.pstorage_flash_page_size  pstorage.o
    0x0002295c   0x00000090   Code   RO         2126    i.pstorage_init     pstorage.o
    0x000229ec   0x000000f4   Code   RO         2127    i.pstorage_load     pstorage.o
    0x00022ae0   0x00000110   Code   RO         2128    i.pstorage_register  pstorage.o
    0x00022bf0   0x000000dc   Code   RO         2129    i.pstorage_store    pstorage.o
    0x00022ccc   0x00000048   Code   RO         2130    i.pstorage_sys_event_handler  pstorage.o
    0x00022d14   0x000000dc   Code   RO         2131    i.pstorage_update   pstorage.o
    0x00022df0   0x0000000c   Code   RO         2933    i.rtc1_compare0_set  app_timer.o
    0x00022dfc   0x0000000c   Code   RO         2934    i.rtc1_counter_get  app_timer.o
    0x00022e08   0x00000018   Code   RO         2935    i.rtc1_init         app_timer.o
    0x00022e20   0x0000003c   Code   RO         2936    i.rtc1_start        app_timer.o
    0x00022e5c   0x00000058   Code   RO         2937    i.rtc1_stop         app_timer.o
    0x00022eb4   0x00000050   Code   RO         1851    i.rx_byte           nrf_drv_uart.o
    0x00022f04   0x00000024   Code   RO         1852    i.rx_done_event     nrf_drv_uart.o
    0x00022f28   0x00000024   Code   RO         1853    i.rx_enable         nrf_drv_uart.o
    0x00022f4c   0x0000001c   Code   RO         3415    i.sd_check_ram_start  softdevice_handler.o
    0x00022f68   0x000000d0   Code   RO         3416    i.sd_nvic_EnableIRQ  softdevice_handler.o
    0x00023038   0x00000036   Code   RO          878    i.sec_mgr_oob_flags_encode  ble_advdata.o
    0x0002306e   0x00000096   Code   RO          879    i.service_data_encode  ble_advdata.o
    0x00023104   0x00000018   Code   RO           22    i.services_init     main.o
    0x0002311c   0x00000070   Code   RO           23    i.sleep_mode_enter  main.o
    0x0002318c   0x00000014   Code   RO         2132    i.sm_state_change   pstorage.o
    0x000231a0   0x00000018   Code   RO         3417    i.softdevice_ble_evt_handler_set  softdevice_handler.o
    0x000231b8   0x0000001c   Code   RO         3418    i.softdevice_enable  softdevice_handler.o
    0x000231d4   0x0000002c   Code   RO         3419    i.softdevice_enable_get_default_config  softdevice_handler.o
    0x00023200   0x00000014   Code   RO         3420    i.softdevice_fault_handler  softdevice_handler.o
    0x00023214   0x00000064   Code   RO         3421    i.softdevice_handler_init  softdevice_handler.o
    0x00023278   0x00000018   Code   RO         3424    i.softdevice_sys_evt_handler_set  softdevice_handler.o
    0x00023290   0x0000000e   Code   RO          880    i.srdata_check      ble_advdata.o
    0x0002329e   0x0000004c   Code   RO          816    i.startup_event_extract  bsp_btn_ble.o
    0x000232ea   0x00000002   PAD
    0x000232ec   0x00000010   Code   RO         2133    i.state_data_erase_entry_run  pstorage.o
    0x000232fc   0x0000008c   Code   RO         2134    i.state_data_erase_swap_entry_run  pstorage.o
    0x00023388   0x00000038   Code   RO         2135    i.state_entry_action_run  pstorage.o
    0x000233c0   0x00000010   Code   RO         2136    i.state_erase_data_page_entry_run  pstorage.o
    0x000233d0   0x0000001c   Code   RO         2137    i.state_idle_entry_run  pstorage.o
    0x000233ec   0x00000034   Code   RO         2138    i.state_restore_head_entry_run  pstorage.o
    0x00023420   0x00000058   Code   RO         2139    i.state_restore_tail_entry_run  pstorage.o
    0x00023478   0x00000008   Code   RO         2140    i.state_store_entry_run  pstorage.o
    0x00023480   0x0000001e   Code   RO         2141    i.state_swap_erase_entry_run  pstorage.o
    0x0002349e   0x00000002   PAD
    0x000234a0   0x00000038   Code   RO         2142    i.state_write_data_swap_entry_run  pstorage.o
    0x000234d8   0x00000008   Code   RO         1271    i.storage_operation_dummy_handler  device_manager_peripheral.o
    0x000234e0   0x00000068   Code   RO         2143    i.store_cmd_flash_write_execute  pstorage.o
    0x00023548   0x0000000a   Code   RO         2144    i.store_operation_execute  pstorage.o
    0x00023552   0x00000002   PAD
    0x00023554   0x00000048   Code   RO         2145    i.store_sub_state_sm_run  pstorage.o
    0x0002359c   0x00000020   Code   RO         2146    i.swap_erase_state_run  pstorage.o
    0x000235bc   0x00000008   Code   RO         2147    i.swap_sub_sm_exit_action_run  pstorage.o
    0x000235c4   0x00000018   Code   RO         2148    i.swap_sub_state_entry_action_run  pstorage.o
    0x000235dc   0x00000020   Code   RO         2149    i.swap_sub_state_err_busy_process  pstorage.o
    0x000235fc   0x00000018   Code   RO         2150    i.swap_sub_state_sm_run  pstorage.o
    0x00023614   0x00000014   Code   RO         2151    i.swap_sub_state_state_change  pstorage.o
    0x00023628   0x00000012   Code   RO           24    i.sys_evt_dispatch  main.o
    0x0002363a   0x00000002   PAD
    0x0002363c   0x0000001c   Code   RO         2152    i.tail_restore_state_run  pstorage.o
    0x00023658   0x0000004c   Code   RO         2153    i.tail_word_size_calculate  pstorage.o
    0x000236a4   0x0000000a   Code   RO         2938    i.ticks_diff_get    app_timer.o
    0x000236ae   0x00000002   PAD
    0x000236b0   0x00000078   Code   RO         2939    i.timeout_handler_exec  app_timer.o
    0x00023728   0x00000054   Code   RO         2940    i.timer_list_handler  app_timer.o
    0x0002377c   0x0000000a   Code   RO         2941    i.timer_list_handler_sched  app_timer.o
    0x00023786   0x00000002   PAD
    0x00023788   0x00000068   Code   RO         2942    i.timer_list_insert  app_timer.o
    0x000237f0   0x0000006c   Code   RO         2943    i.timer_list_remove  app_timer.o
    0x0002385c   0x0000005c   Code   RO         2944    i.timer_start_op_schedule  app_timer.o
    0x000238b8   0x00000040   Code   RO         2946    i.timer_stop_op_schedule  app_timer.o
    0x000238f8   0x000000b4   Code   RO           25    i.timer_timeout_handler  main.o
    0x000239ac   0x00000098   Code   RO         2947    i.timer_timeouts_check  app_timer.o
    0x00023a44   0x0000000a   Code   RO         2948    i.timer_timeouts_check_sched  app_timer.o
    0x00023a4e   0x00000002   PAD
    0x00023a50   0x00000054   Code   RO           26    i.timers_init       main.o
    0x00023aa4   0x00000046   Code   RO          881    i.tk_value_encode   ble_advdata.o
    0x00023aea   0x00000002   PAD
    0x00023aec   0x00000094   Code   RO         2454    i.twi_clear_bus     nrf_drv_twi.o
    0x00023b80   0x0000004c   Code   RO         2455    i.twi_receive_byte  nrf_drv_twi.o
    0x00023bcc   0x000000a6   Code   RO         2456    i.twi_rx_start_transfer  nrf_drv_twi.o
    0x00023c72   0x00000048   Code   RO         2457    i.twi_send_byte     nrf_drv_twi.o
    0x00023cba   0x00000122   Code   RO         2458    i.twi_transfer      nrf_drv_twi.o
    0x00023ddc   0x000000ac   Code   RO         2459    i.twi_tx_start_transfer  nrf_drv_twi.o
    0x00023e88   0x000000b8   Code   RO         2460    i.twi_xfer          nrf_drv_twi.o
    0x00023f40   0x00000038   Code   RO         1854    i.tx_byte           nrf_drv_uart.o
    0x00023f78   0x0000002c   Code   RO         1855    i.tx_done_event     nrf_drv_uart.o
    0x00023fa4   0x00000036   Code   RO          882    i.tx_power_level_encode  ble_advdata.o
    0x00023fda   0x00000002   PAD
    0x00023fdc   0x0000006c   Code   RO           27    i.uart_config       main.o
    0x00024048   0x000000c0   Code   RO         2631    i.uart_event_handler  app_uart_fifo.o
    0x00024108   0x00000048   Code   RO           28    i.uart_events_handler  main.o
    0x00024150   0x00000160   Code   RO         1856    i.uart_irq_handler  nrf_drv_uart.o
    0x000242b0   0x0000012c   Code   RO         1857    i.uarte_irq_handler  nrf_drv_uart.o
    0x000243dc   0x0000000c   Code   RO          883    i.uint16_encode     ble_advdata.o
    0x000243e8   0x00000008   Code   RO         2154    i.update_operation_execute  pstorage.o
    0x000243f0   0x00000014   Code   RO         1272    i.update_status_bit_reset  device_manager_peripheral.o
    0x00024404   0x00000090   Code   RO         1100    i.update_timeout_handler  ble_conn_params.o
    0x00024494   0x00000058   Code   RO         2949    i.user_id_get       app_timer.o
    0x000244ec   0x00000030   Code   RO         2950    i.user_op_alloc     app_timer.o
    0x0002451c   0x00000004   Code   RO         2951    i.user_op_enque     app_timer.o
    0x00024520   0x0000004e   Code   RO          884    i.uuid_list_encode  ble_advdata.o
    0x0002456e   0x000000dc   Code   RO          885    i.uuid_list_sized_encode  ble_advdata.o
    0x0002464a   0x00000012   Code   RO          999    i.whitelist_has_entries  ble_advertising.o
    0x0002465c   0x00000014   Data   RO           30    .constdata          main.o
    0x00024670   0x00000060   Data   RO          398    .constdata          our_service.o
    0x000246d0   0x00000018   Data   RO          515    .constdata          hrs_file.o
    0x000246e8   0x00000018   Data   RO          617    .constdata          acc_file.o
    0x00024700   0x0000003c   Data   RO          706    .constdata          bsp.o
    0x0002473c   0x00000004   Data   RO         1102    .constdata          ble_conn_params.o
    0x00024740   0x00000034   Data   RO         1274    .constdata          device_manager_peripheral.o
    0x00024774   0x00000020   Data   RO         1859    .constdata          nrf_drv_uart.o
    0x00024794   0x00000028   Data   RO         2156    .constdata          pstorage.o
    0x000247bc   0x0000002c   Data   RO         2462    .constdata          nrf_drv_twi.o
    0x000247e8   0x00000020   Data   RO         2633    .constdata          app_uart_fifo.o
    0x00024808   0x00000008   Data   RO         2795    .constdata          app_button.o
    0x00024810   0x0000004c   Data   RO         1275    .conststring        device_manager_peripheral.o
    0x0002485c   0x00000057   Data   RO         3426    .conststring        softdevice_handler.o
    0x000248b3   0x00000001   PAD
    0x000248b4   0x00000020   Data   RO         3926    Region$$Table       anon$$obj.o


    Execution Region RW_IRAM1 (Base: 0x20002080, Size: 0x000029e8, Max: 0x0000df80, ABSOLUTE)

    Base Addr    Size         Type   Attr      Idx    E Section Name        Object

    0x20002080   0x00000005   Data   RW           31    .data               main.o
    0x20002085   0x00000003   PAD
    0x20002088   0x00000019   Data   RW          707    .data               bsp.o
    0x200020a1   0x00000003   PAD
    0x200020a4   0x00000008   Data   RW          817    .data               bsp_btn_ble.o
    0x200020ac   0x00000020   Data   RW         1001    .data               ble_advertising.o
    0x200020cc   0x00000015   Data   RW         1103    .data               ble_conn_params.o
    0x200020e1   0x00000003   PAD
    0x200020e4   0x00000014   Data   RW         1276    .data               device_manager_peripheral.o
    0x200020f8   0x00000028   Data   RW         2157    .data               pstorage.o
    0x20002120   0x00000006   Data   RW         2634    .data               app_uart_fifo.o
    0x20002126   0x00000002   PAD
    0x20002128   0x00000014   Data   RW         2796    .data               app_button.o
    0x2000213c   0x00000022   Data   RW         2952    .data               app_timer.o
    0x2000215e   0x00000002   PAD
    0x20002160   0x00000008   Data   RW         3345    .data               retarget.o
    0x20002168   0x00000018   Data   RW         3427    .data               softdevice_handler.o
    0x20002180   0x00000004   Data   RW         3542    .data               system_nrf52.o
    0x20002184   0x00000378   Zero   RW           29    .bss                main.o
    0x200024fc   0x0000006c   Zero   RW          705    .bss                bsp.o
    0x20002568   0x00000103   Zero   RW         1000    .bss                ble_advertising.o
    0x2000266b   0x00000001   PAD
    0x2000266c   0x0000003c   Zero   RW         1101    .bss                ble_conn_params.o
    0x200026a8   0x0000014f   Zero   RW         1273    .bss                device_manager_peripheral.o
    0x200027f7   0x00000001   PAD
    0x200027f8   0x00000058   Zero   RW         1610    .bss                nrf_drv_gpiote.o
    0x20002850   0x00000020   Zero   RW         1858    .bss                nrf_drv_uart.o
    0x20002870   0x000000e4   Zero   RW         2155    .bss                pstorage.o
    0x20002954   0x00000050   Zero   RW         2461    .bss                nrf_drv_twi.o
    0x200029a4   0x00000020   Zero   RW         2632    .bss                app_uart_fifo.o
    0x200029c4   0x00000020   Zero   RW         2794    .bss                app_button.o
    0x200029e4   0x00000020   Zero   RW         2853    .bss                app_error.o
    0x20002a04   0x00000058   Zero   RW         3228    .bss                fstorage.o
    0x20002a5c   0x0000000c   Zero   RW         3425    .bss                softdevice_handler.o
    0x20002a68   0x00002000   Zero   RW         3521    STACK               arm_startup_nrf52.o


==============================================================================

Image component sizes


      Code (inc. data)   RO Data    RW Data    ZI Data      Debug   Object Name

       560        118         24          0          0      10910   acc_file.o
       480         80          8         20         32      10026   app_button.o
       168          4          0          0         32       4126   app_error.o
        26          0          0          0          0        790   app_error_weak.o
       170          0          0          0          0       5610   app_fifo.o
      2514        336          0         34          0      62043   app_timer.o
       462         58         32          6         32      10283   app_uart_fifo.o
        36          8        512          0       8192        928   arm_startup_nrf52.o
      2136          0          0          0          0      24960   ble_advdata.o
      1584        162          0         32        259      18509   ble_advertising.o
       718        122          4         21         60      19424   ble_conn_params.o
      2206        182         60         25        108      19473   bsp.o
       448         18          0          8          0       6577   bsp_btn_ble.o
      4336        262        128         20        335      34093   device_manager_peripheral.o
        24          6          0          0         88       3420   fstorage.o
       540        110         24          0          0      13319   hrs_file.o
      2432        560         20          5        888     120073   main.o
       144          0          0          0          0       1907   nrf_delay.o
        96         12          0          0          0      28975   nrf_drv_common.o
      1402        130          0          0         88      27124   nrf_drv_gpiote.o
      1926         64         44          0         80      33059   nrf_drv_twi.o
      2532        184         32          0         32      44745   nrf_drv_uart.o
      2108        188         96          0          0      48374   our_service.o
      4252        430         40         40        228      49726   pstorage.o
        16          0          0          8          0       2894   retarget.o
       708         90         87         24         12      44637   softdevice_handler.o
      1208        124          0          4          0      33934   system_nrf52.o

    ----------------------------------------------------------------------
     33280       3248       1144        260      10468     679939   Object Totals
         0          0         32          0          0          0   (incl. Generated)
        48          0          1         13          2          0   (incl. Padding)

    ----------------------------------------------------------------------

      Code (inc. data)   RO Data    RW Data    ZI Data      Debug   Library Member Name

         0          0          0          0          0          0   entry.o
         0          0          0          0          0          0   entry10a.o
         0          0          0          0          0          0   entry11a.o
         8          4          0          0          0          0   entry2.o
         4          0          0          0          0          0   entry5.o
         0          0          0          0          0          0   entry7b.o
         0          0          0          0          0          0   entry8b.o
         8          4          0          0          0          0   entry9a.o
        30          0          0          0          0          0   handlers.o
        36          8          0          0          0         68   init.o
        26          0          0          0          0         80   memcmp.o
        36          0          0          0          0         68   memcpya.o
        36          0          0          0          0        108   memseta.o
       372         14          0          0          0        184   printf1.o
        44          0          0          0          0         80   uidiv.o

    ----------------------------------------------------------------------
       604         30          0          0          0        588   Library Totals
         4          0          0          0          0          0   (incl. Padding)

    ----------------------------------------------------------------------

      Code (inc. data)   RO Data    RW Data    ZI Data      Debug   Library Name

       600         30          0          0          0        588   mc_w.l

    ----------------------------------------------------------------------
       604         30          0          0          0        588   Library Totals

    ----------------------------------------------------------------------

==============================================================================


      Code (inc. data)   RO Data    RW Data    ZI Data      Debug   

     33884       3278       1144        260      10468     646123   Grand Totals
     33884       3278       1144        260      10468     646123   ELF Image Totals
     33884       3278       1144        260          0          0   ROM Totals

==============================================================================

    Total RO  Size (Code + RO Data)                35028 (  34.21kB)
    Total RW  Size (RW Data + ZI Data)             10728 (  10.48kB)
    Total ROM Size (Code + RO Data + RW Data)      35288 (  34.46kB)

==============================================================================

